###############################################################################
#
# IAR ELF Linker V7.70.1.11437/W32 for ARM                18/May/2019  13:46:02
# Copyright 2007-2016 IAR Systems AB.
#
#    Output file  =  
#        C:\Users\MrZang\IAR_prj\ventilation\EWARM\Debug\Exe\ventilation.out
#    Map file     =  
#        C:\Users\MrZang\IAR_prj\ventilation\EWARM\Debug\List\ventilation.map
#    Command line =  
#        C:\Users\MrZang\IAR_prj\ventilation\EWARM\Debug\Obj\cmsis_os.o
#        C:\Users\MrZang\IAR_prj\ventilation\EWARM\Debug\Obj\croutine.o
#        C:\Users\MrZang\IAR_prj\ventilation\EWARM\Debug\Obj\event_groups.o
#        C:\Users\MrZang\IAR_prj\ventilation\EWARM\Debug\Obj\freertos.o
#        C:\Users\MrZang\IAR_prj\ventilation\EWARM\Debug\Obj\gpio.o
#        C:\Users\MrZang\IAR_prj\ventilation\EWARM\Debug\Obj\heap_4.o
#        C:\Users\MrZang\IAR_prj\ventilation\EWARM\Debug\Obj\list.o
#        C:\Users\MrZang\IAR_prj\ventilation\EWARM\Debug\Obj\main.o
#        C:\Users\MrZang\IAR_prj\ventilation\EWARM\Debug\Obj\port.o
#        C:\Users\MrZang\IAR_prj\ventilation\EWARM\Debug\Obj\portasm.o
#        C:\Users\MrZang\IAR_prj\ventilation\EWARM\Debug\Obj\queue.o
#        C:\Users\MrZang\IAR_prj\ventilation\EWARM\Debug\Obj\spi.o
#        C:\Users\MrZang\IAR_prj\ventilation\EWARM\Debug\Obj\startup_stm32f103xb.o
#        C:\Users\MrZang\IAR_prj\ventilation\EWARM\Debug\Obj\stm32f1xx_hal.o
#        C:\Users\MrZang\IAR_prj\ventilation\EWARM\Debug\Obj\stm32f1xx_hal_cortex.o
#        C:\Users\MrZang\IAR_prj\ventilation\EWARM\Debug\Obj\stm32f1xx_hal_dma.o
#        C:\Users\MrZang\IAR_prj\ventilation\EWARM\Debug\Obj\stm32f1xx_hal_flash.o
#        C:\Users\MrZang\IAR_prj\ventilation\EWARM\Debug\Obj\stm32f1xx_hal_flash_ex.o
#        C:\Users\MrZang\IAR_prj\ventilation\EWARM\Debug\Obj\stm32f1xx_hal_gpio.o
#        C:\Users\MrZang\IAR_prj\ventilation\EWARM\Debug\Obj\stm32f1xx_hal_gpio_ex.o
#        C:\Users\MrZang\IAR_prj\ventilation\EWARM\Debug\Obj\stm32f1xx_hal_msp.o
#        C:\Users\MrZang\IAR_prj\ventilation\EWARM\Debug\Obj\stm32f1xx_hal_pwr.o
#        C:\Users\MrZang\IAR_prj\ventilation\EWARM\Debug\Obj\stm32f1xx_hal_rcc.o
#        C:\Users\MrZang\IAR_prj\ventilation\EWARM\Debug\Obj\stm32f1xx_hal_rcc_ex.o
#        C:\Users\MrZang\IAR_prj\ventilation\EWARM\Debug\Obj\stm32f1xx_hal_spi.o
#        C:\Users\MrZang\IAR_prj\ventilation\EWARM\Debug\Obj\stm32f1xx_hal_spi_ex.o
#        C:\Users\MrZang\IAR_prj\ventilation\EWARM\Debug\Obj\stm32f1xx_hal_tim.o
#        C:\Users\MrZang\IAR_prj\ventilation\EWARM\Debug\Obj\stm32f1xx_hal_tim_ex.o
#        C:\Users\MrZang\IAR_prj\ventilation\EWARM\Debug\Obj\stm32f1xx_hal_timebase_tim.o
#        C:\Users\MrZang\IAR_prj\ventilation\EWARM\Debug\Obj\stm32f1xx_it.o
#        C:\Users\MrZang\IAR_prj\ventilation\EWARM\Debug\Obj\SX1278.o
#        C:\Users\MrZang\IAR_prj\ventilation\EWARM\Debug\Obj\system_stm32f1xx.o
#        C:\Users\MrZang\IAR_prj\ventilation\EWARM\Debug\Obj\tasks.o
#        C:\Users\MrZang\IAR_prj\ventilation\EWARM\Debug\Obj\timers.o
#        --redirect _Printf=_PrintfFull --redirect _Scanf=_ScanfFull -o
#        C:\Users\MrZang\IAR_prj\ventilation\EWARM\Debug\Exe\ventilation.out
#        --map
#        C:\Users\MrZang\IAR_prj\ventilation\EWARM\Debug\List\ventilation.map
#        --config
#        C:\Users\MrZang\IAR_prj\ventilation\EWARM/stm32f103xb_flash.icf
#        --semihosting --entry __iar_program_start --vfe
#
###############################################################################

*******************************************************************************
*** RUNTIME MODEL ATTRIBUTES
***

CppFlavor                     = *
__Heap_Handler                = Basic
__SystemLibrary               = DLib
__dlib_dynamic_initialization = normal


*******************************************************************************
*** PLACEMENT SUMMARY
***

"A0":  place at 0x08000000 { ro section .intvec };
"P1":  place in [from 0x08000000 to 0x0801ffff] { ro };
"P2":  place in [from 0x20000000 to 0x20004fff] { rw, block CSTACK, block HEAP };
initialize by copy { rw };

  Section             Kind        Address    Size  Object
  -------             ----        -------    ----  ------
"A0":                                        0xec
  .intvec             ro code  0x08000000    0xec  startup_stm32f103xb.o [1]
                             - 0x080000ec    0xec

"P1":                                      0x5f0e
  .text               ro code  0x080000ec  0x118a  xprintffull.o [3]
  .text               ro code  0x08001276    0x20  xmbtowc.o [3]
  .rodata             const    0x08001296     0x2  stm32f1xx_hal_rcc.o [1]
  .text               ro code  0x08001298    0x16  strchr.o [5]
  .text               ro code  0x080012b0    0x36  strlen.o [5]
  .text               ro code  0x080012e8    0x58  memchr.o [5]
  .text               ro code  0x08001340     0xa  xmbcurmax.o [3]
  .text               ro code  0x0800134c    0xb0  xxmemxmalloc.o [3]
  .text               ro code  0x080013fc    0x1a  xwctomb.o [3]
  .text               ro code  0x08001418    0x76  ABImemcpy_unaligned.o [5]
  .text               ro code  0x08001490    0x80  xxmemxfree.o [3]
  .text               ro code  0x08001510    0xee  I64DivMod.o [5]
  .text               ro code  0x080015fe    0x44  xdnorm.o [4]
  .text               ro code  0x08001644    0x2e  DblCmpLe.o [4]
  .text               ro code  0x08001674    0x2e  DblCmpGe.o [4]
  .text               ro code  0x080016a4   0x10c  xdscale.o [4]
  .text               ro code  0x080017b0    0x58  DblToI32.o [4]
  .text               ro code  0x08001808    0x30  I32ToDbl.o [4]
  .text               ro code  0x08001838   0x180  DblSub.o [4]
  .text               ro code  0x080019b8   0x1a2  DblMul.o [4]
  .text               ro code  0x08001b5c   0x256  DblDiv.o [4]
  .text               ro code  0x08001db4    0x6c  localeconv.o [3]
  .text               ro code  0x08001e20     0xe  div.o [3]
  .text               ro code  0x08001e30    0x14  setlocale.o [3]
  .text               ro code  0x08001e44    0x60  xencoding_sb.o [3]
  .text               ro code  0x08001ea4    0x2c  xgetmemchunk.o [3]
  .text               ro code  0x08001ed0     0x2  I64DivZer.o [5]
  .text               ro code  0x08001ed4    0xd4  DblAdd.o [4]
  .text               ro code  0x08001fa8     0x2  xtls.o [3]
  .text               ro code  0x08001fac   0x9fc  stm32f1xx_hal_rcc.o [1]
  .text               ro code  0x080029a8    0xa4  main.o [1]
  .text               ro code  0x08002a4c     0xc  stm32f1xx_hal.o [1]
  .text               ro code  0x08002a58    0x90  stm32f1xx_hal_timebase_tim.o [1]
  .text               ro code  0x08002ae8    0x28  stm32f1xx_hal.o [1]
  .text               ro code  0x08002b10   0x128  gpio.o [1]
  .text               ro code  0x08002c38    0xf0  spi.o [1]
  .text               ro code  0x08002d28   0x138  freertos.o [1]
  .text               ro code  0x08002e60    0x66  cmsis_os.o [1]
  .text               ro code  0x08002ec8     0x6  ABImemclr4.o [5]
  .text               ro code  0x08002ed0    0x18  stm32f1xx_hal.o [1]
  .text               ro code  0x08002ee8   0x140  stm32f1xx_hal_cortex.o [1]
  .text               ro code  0x08003028   0x31e  stm32f1xx_hal_tim.o [1]
  .text               ro code  0x08003348    0x60  stm32f1xx_hal_msp.o [1]
  .text               ro code  0x080033a8   0x46a  stm32f1xx_hal_gpio.o [1]
  .text               ro code  0x08003814   0x18c  stm32f1xx_hal_spi_ex.o [1]
  .text               ro code  0x080039a0    0x24  printf.o [3]
  .text               ro code  0x080039c4   0x41e  SX1278.o [1]
  .text               ro code  0x08003de4   0x7a0  tasks.o [1]
  .text               ro code  0x08004584    0x32  ABImemset48.o [5]
  .text               ro code  0x080045b6     0x2  stm32f1xx_hal_tim.o [1]
  .text               ro code  0x080045b8     0x2  stm32f1xx_hal_tim.o [1]
  .text               ro code  0x080045ba     0x2  stm32f1xx_hal_tim.o [1]
  .text               ro code  0x080045bc     0x2  stm32f1xx_hal_tim_ex.o [1]
  .text               ro code  0x080045be     0x2  stm32f1xx_hal_tim.o [1]
  .text               ro code  0x080045c0     0x2  stm32f1xx_hal_tim_ex.o [1]
  .text               ro code  0x080045c2    0x26  SX1278.o [1]
  .text               ro code  0x080045e8    0x3c  SX1278.o [1]
  .text               ro code  0x08004624    0x20  SX1278.o [1]
  .text               ro code  0x08004644     0xc  SX1278.o [1]
  .text               ro code  0x08004650    0x36  SX1278.o [1]
  .text               ro code  0x08004686    0x1e  SX1278.o [1]
  .text               ro code  0x080046a4    0x66  ABImemset.o [5]
  .text               ro code  0x0800470a    0x1c  SX1278.o [1]
  .text               ro code  0x08004728   0x284  heap_4.o [1]
  .text               ro code  0x080049ac    0x9e  list.o [1]
  .text               ro code  0x08004a4c   0x1a8  port.o [1]
  .text               ro code  0x08004bf4   0x60a  stm32f1xx_hal_spi.o [1]
  .text               ro code  0x08005200    0x28  stm32f1xx_hal.o [1]
  CODE                ro code  0x08005228    0x88  portasm.o [1]
  .text               ro code  0x080052b0    0xd0  stm32f1xx_hal_dma.o [1]
  .text               ro code  0x08005380     0x2  stm32f1xx_hal_spi.o [1]
  .text               ro code  0x08005382    0xd6  xfspos.o [3]
  .text               ro code  0x08005458    0xb0  fflush.o [3]
  .text               ro code  0x08005508     0xa  xfgpos.o [3]
  .text               ro code  0x08005512    0x4c  lseek.o [6]
  .text               ro code  0x08005560     0xc  errno.o [3]
  .text               ro code  0x0800556c     0x4  xsyslock_nop.o [3]
  .text               ro code  0x08005570    0x10  write.o [6]
  .text               ro code  0x08005580    0xcc  XShHandles.o [3]
  .text               ro code  0x0800564c    0x1e  dwrite.o [6]
  .text               ro code  0x0800566a    0x20  iarwstd.o [6]
  .text               ro code  0x0800568a    0x22  iarwrite.o [6]
  .text               ro code  0x080056ac    0x6c  iarttio.o [6]
  .text               ro code  0x08005718     0x8  XShttio.o [3]
  .text               ro code  0x08005720    0xb8  xfwprep.o [3]
  .text               ro code  0x080057d8    0x22  fseek.o [3]
  .text               ro code  0x080057fc    0x80  xfofind.o [3]
  .text               ro code  0x0800587c    0x7a  fclose.o [3]
  .text               ro code  0x080058f6    0x1a  close.o [6]
  .text               ro code  0x08005910    0x16  remove.o [6]
  .text               ro code  0x08005928    0x68  system_stm32f1xx.o [1]
  .rodata             const    0x08005990    0x5c  stm32f1xx_hal_cortex.o [1]
  .rodata             const    0x080059ec    0x5c  stm32f1xx_hal_gpio.o [1]
  .rodata             const    0x08005a48    0x5c  stm32f1xx_hal_rcc.o [1]
  .rodata             const    0x08005aa4    0x5c  stm32f1xx_hal_spi.o [1]
  .rodata             const    0x08005b00    0x5c  stm32f1xx_hal_spi_ex.o [1]
  .rodata             const    0x08005b5c    0x5c  stm32f1xx_hal_tim.o [1]
  .text               ro code  0x08005bb8    0x58  xcloseall.o [3]
  .text               ro code  0x08005c10    0x56  fputc.o [3]
  .text               ro code  0x08005c66    0x40  zero_init3.o [5]
  .text               ro code  0x08005ca6    0x38  packbits_init_single.o [5]
  .text               ro code  0x08005ce0    0x34  stm32f1xx_it.o [1]
  .text               ro code  0x08005d14    0x28  data_init.o [5]
  .iar.init_table     const    0x08005d3c    0x20  - Linker created -
  .rodata             const    0x08005d5c    0x20  freertos.o [1]
  .rodata             const    0x08005d7c    0x1c  freertos.o [1]
  .text               ro code  0x08005d98    0x1a  cmain.o [5]
  .text               ro code  0x08005db2     0x4  low_level_init.o [3]
  .text               ro code  0x08005db6     0x4  exit.o [3]
  .text               ro code  0x08005dbc     0xe  cexit.o [5]
  .text               ro code  0x08005dcc    0x14  exit.o [6]
  .text               ro code  0x08005de0    0x16  xprout.o [3]
  .text               ro code  0x08005df8     0xc  putchar.o [3]
  .rodata             const    0x08005e04    0x14  freertos.o [1]
  .rodata             const    0x08005e18    0x14  freertos.o [1]
  .rodata             const    0x08005e2c    0x14  freertos.o [1]
  .rodata             const    0x08005e40    0x10  stm32f1xx_hal_rcc.o [1]
  .rodata             const    0x08005e50    0x10  system_stm32f1xx.o [1]
  .text               ro code  0x08005e60    0x10  startup_stm32f103xb.o [1]
  .rodata             const    0x08005e70     0xc  freertos.o [1]
  .rodata             const    0x08005e7c     0xc  SX1278.o [1]
  .text               ro code  0x08005e88     0xc  cstartup_M.o [5]
  .rodata             const    0x08005e94     0x8  freertos.o [1]
  .rodata             const    0x08005e9c     0x8  freertos.o [1]
  .rodata             const    0x08005ea4     0x8  SX1278.o [1]
  .rodata             const    0x08005eac     0x8  system_stm32f1xx.o [1]
  .rodata             const    0x08005eb4     0x8  tasks.o [1]
  .rodata             const    0x08005ebc     0x4  freertos.o [1]
  .rodata             const    0x08005ec0     0x4  heap_4.o [1]
  .rodata             const    0x08005ec4     0x4  SX1278.o [1]
  .rodata             const    0x08005ec8     0x4  SX1278.o [1]
  .text               ro code  0x08005ecc     0x4  startup_stm32f103xb.o [1]
  .text               ro code  0x08005ed0     0x4  startup_stm32f103xb.o [1]
  .text               ro code  0x08005ed4     0x4  startup_stm32f103xb.o [1]
  .text               ro code  0x08005ed8     0x4  startup_stm32f103xb.o [1]
  .text               ro code  0x08005edc     0x4  startup_stm32f103xb.o [1]
  .text               ro code  0x08005ee0     0x4  startup_stm32f103xb.o [1]
  .text               ro code  0x08005ee4     0x4  startup_stm32f103xb.o [1]
  .text               ro code  0x08005ee8     0x4  startup_stm32f103xb.o [1]
  .text               ro code  0x08005eec     0x4  startup_stm32f103xb.o [1]
  .text               ro code  0x08005ef0     0x4  startup_stm32f103xb.o [1]
  .text               ro code  0x08005ef4     0x4  startup_stm32f103xb.o [1]
  .text               ro code  0x08005ef8     0x4  startup_stm32f103xb.o [1]
  .text               ro code  0x08005efc     0x4  startup_stm32f103xb.o [1]
  .text               ro code  0x08005f00     0x4  startup_stm32f103xb.o [1]
  .text               ro code  0x08005f04     0x4  startup_stm32f103xb.o [1]
  .text               ro code  0x08005f08     0x4  startup_stm32f103xb.o [1]
  .text               ro code  0x08005f0c     0x4  startup_stm32f103xb.o [1]
  .text               ro code  0x08005f10     0x4  startup_stm32f103xb.o [1]
  .text               ro code  0x08005f14     0x4  startup_stm32f103xb.o [1]
  .text               ro code  0x08005f18     0x4  startup_stm32f103xb.o [1]
  .text               ro code  0x08005f1c     0x4  startup_stm32f103xb.o [1]
  .text               ro code  0x08005f20     0x4  startup_stm32f103xb.o [1]
  .text               ro code  0x08005f24     0x4  startup_stm32f103xb.o [1]
  .text               ro code  0x08005f28     0x4  startup_stm32f103xb.o [1]
  .text               ro code  0x08005f2c     0x4  startup_stm32f103xb.o [1]
  .text               ro code  0x08005f30     0x4  startup_stm32f103xb.o [1]
  .text               ro code  0x08005f34     0x4  startup_stm32f103xb.o [1]
  .text               ro code  0x08005f38     0x4  startup_stm32f103xb.o [1]
  .text               ro code  0x08005f3c     0x4  startup_stm32f103xb.o [1]
  .text               ro code  0x08005f40     0x4  startup_stm32f103xb.o [1]
  .text               ro code  0x08005f44     0x4  startup_stm32f103xb.o [1]
  .text               ro code  0x08005f48     0x4  startup_stm32f103xb.o [1]
  .text               ro code  0x08005f4c     0x4  startup_stm32f103xb.o [1]
  .text               ro code  0x08005f50     0x4  startup_stm32f103xb.o [1]
  .text               ro code  0x08005f54     0x4  startup_stm32f103xb.o [1]
  .text               ro code  0x08005f58     0x4  startup_stm32f103xb.o [1]
  .text               ro code  0x08005f5c     0x4  startup_stm32f103xb.o [1]
  .text               ro code  0x08005f60     0x4  startup_stm32f103xb.o [1]
  .text               ro code  0x08005f64     0x4  startup_stm32f103xb.o [1]
  .text               ro code  0x08005f68     0x4  startup_stm32f103xb.o [1]
  .text               ro code  0x08005f6c     0x0  cstart_closeall.o [5]
  .rodata             const    0x08005f6c     0x0  zero_init3.o [5]
  .rodata             const    0x08005f6c     0x0  packbits_init_single.o [5]
  Initializer bytes   const    0x08005f6c    0x8e  <for P2-1>
                             - 0x08005ffa  0x5f0e

"P2", part 1 of 3:                          0x1f1
  P2-1                         0x20000000   0x1f1  <Init block>
    .data             inited   0x20000000     0x4  port.o [1]
    .data             inited   0x20000004     0x4  system_stm32f1xx.o [1]
    .data             inited   0x20000008    0x40  xfiles.o [3]
    .data             inited   0x20000048    0x40  xfiles.o [3]
    .data             inited   0x20000088    0x40  xfiles.o [3]
    .data             inited   0x200000c8    0x20  xfiles.o [3]
    .data             inited   0x200000e8     0x8  XShttio.o [3]
    __DLIB_PERTHREAD  inited   0x200000f0    0x88  localeconv.o [3]
    __DLIB_PERTHREAD  inited   0x20000178    0x74  setlocale.o [3]
    __DLIB_PERTHREAD  inited   0x200001ec     0x4  errno.o [3]
    .data             inited   0x200001f0     0x1  stm32f1xx_hal.o [1]
                             - 0x200001f1   0x1f1

"P2", part 2 of 3:                          0x600
  CSTACK                       0x200001f8   0x400  <Block>
    CSTACK            uninit   0x200001f8   0x400  <Block tail>
  HEAP                         0x200005f8   0x200  <Block>
    HEAP              uninit   0x200005f8   0x200  <Block tail>
                             - 0x200007f8   0x600

"P2", part 3 of 3:                          0xf20
  .bss                zero     0x200007f8   0xc00  heap_4.o [1]
  .bss                zero     0x200013f8    0x8c  tasks.o [1]
  .bss                zero     0x20001484    0x80  XShHandles.o [3]
  .bss                zero     0x20001504    0x58  spi.o [1]
  .bss                zero     0x2000155c    0x50  xfiles.o [3]
  .bss                zero     0x200015ac    0x50  xfiles.o [3]
  .bss                zero     0x200015fc    0x40  stm32f1xx_hal_timebase_tim.o [1]
  .bss                zero     0x2000163c    0x14  tasks.o [1]
  .bss                zero     0x20001650    0x14  tasks.o [1]
  .bss                zero     0x20001664    0x14  tasks.o [1]
  .bss                zero     0x20001678    0x14  tasks.o [1]
  .bss                zero     0x2000168c    0x14  tasks.o [1]
  .bss                zero     0x200016a0     0x8  heap_4.o [1]
  .bss                zero     0x200016a8     0x8  xxmemxmalloc.o [3]
  .bss                zero     0x200016b0     0x4  freertos.o [1]
  .bss                zero     0x200016b4     0x4  freertos.o [1]
  .bss                zero     0x200016b8     0x4  freertos.o [1]
  .bss                zero     0x200016bc     0x4  heap_4.o [1]
  .bss                zero     0x200016c0     0x4  heap_4.o [1]
  .bss                zero     0x200016c4     0x4  heap_4.o [1]
  .bss                zero     0x200016c8     0x4  heap_4.o [1]
  .bss                zero     0x200016cc     0x4  port.o [1]
  .bss                zero     0x200016d0     0x4  stm32f1xx_hal.o [1]
  .bss                zero     0x200016d4     0x4  tasks.o [1]
  .bss                zero     0x200016d8     0x4  tasks.o [1]
  .bss                zero     0x200016dc     0x4  tasks.o [1]
  .bss                zero     0x200016e0     0x4  tasks.o [1]
  .bss                zero     0x200016e4     0x4  tasks.o [1]
  .bss                zero     0x200016e8     0x4  tasks.o [1]
  .bss                zero     0x200016ec     0x4  tasks.o [1]
  .bss                zero     0x200016f0     0x4  tasks.o [1]
  .bss                zero     0x200016f4     0x4  tasks.o [1]
  .bss                zero     0x200016f8     0x4  tasks.o [1]
  .bss                zero     0x200016fc     0x4  tasks.o [1]
  .bss                zero     0x20001700     0x4  tasks.o [1]
  .bss                zero     0x20001704     0x4  tasks.o [1]
  .bss                zero     0x20001708     0x4  tasks.o [1]
  .bss                zero     0x2000170c     0x4  tasks.o [1]
  .bss                zero     0x20001710     0x4  xgetmemchunk.o [3]
  .bss                zero     0x20001714     0x1  port.o [1]
                             - 0x20001715   0xf1d


*******************************************************************************
*** INIT TABLE
***

          Address     Size
          -------     ----
Zero (__iar_zero_init3)
    1 destination range, total size 0xf1d:
          0x200007f8  0xf1d

Copy/packbits (__iar_packbits_init_single3)
    1 source range, total size 0x8e (28% of destination):
          0x08005f6c   0x8e
    1 destination range, total size 0x1f1:
          0x20000000  0x1f1



*******************************************************************************
*** MODULE SUMMARY
***

    Module                        ro code  ro data  rw data
    ------                        -------  -------  -------
C:\Users\MrZang\IAR_prj\ventilation\EWARM\Debug\Obj: [1]
    SX1278.o                        1 308       28
    cmsis_os.o                        102
    freertos.o                        312      152       12
    gpio.o                            296
    heap_4.o                          644        4    3 096
    list.o                            158
    main.o                            164
    port.o                            424        1        9
    portasm.o                         136
    spi.o                             240                88
    startup_stm32f103xb.o             412
    stm32f1xx_hal.o                   116        1        5
    stm32f1xx_hal_cortex.o            320       92
    stm32f1xx_hal_dma.o               208
    stm32f1xx_hal_gpio.o            1 130       92
    stm32f1xx_hal_msp.o                96
    stm32f1xx_hal_rcc.o             2 556      110
    stm32f1xx_hal_spi.o             1 548       92
    stm32f1xx_hal_spi_ex.o            396       92
    stm32f1xx_hal_tim.o               806       92
    stm32f1xx_hal_tim_ex.o              4
    stm32f1xx_hal_timebase_tim.o      144                64
    stm32f1xx_it.o                     52
    system_stm32f1xx.o                104       25        4
    tasks.o                         1 952        8      300
    -------------------------------------------------------
    Total:                         13 628      789    3 578

command line: [2]
    -------------------------------------------------------
    Total:

dl7M_tlf.a: [3]
    XShHandles.o                      204               128
    XShttio.o                           8        2        8
    div.o                              14
    errno.o                            12        1        4
    exit.o                              4
    fclose.o                          122
    fflush.o                          176
    fputc.o                            86
    fseek.o                            34
    localeconv.o                      108       39      136
    low_level_init.o                    4
    printf.o                           36
    putchar.o                          12
    setlocale.o                        20       33      116
    xcloseall.o                        88
    xencoding_sb.o                     96
    xfgpos.o                           10
    xfiles.o                                    64      384
    xfofind.o                         128
    xfspos.o                          214
    xfwprep.o                         184
    xgetmemchunk.o                     44                 4
    xmbcurmax.o                        10
    xmbtowc.o                          32
    xprintffull.o                   4 490
    xprout.o                           22
    xsyslock_nop.o                      4
    xtls.o                              2
    xwctomb.o                          26
    xxmemxfree.o                      128
    xxmemxmalloc.o                    176                 8
    -------------------------------------------------------
    Total:                          6 494      139      788

m7M_tl.a: [4]
    DblAdd.o                          212
    DblCmpGe.o                         46
    DblCmpLe.o                         46
    DblDiv.o                          598
    DblMul.o                          418
    DblSub.o                          384
    DblToI32.o                         88
    I32ToDbl.o                         48
    xdnorm.o                           68
    xdscale.o                         268
    -------------------------------------------------------
    Total:                          2 176

rt7M_tl.a: [5]
    ABImemclr4.o                        6
    ABImemcpy_unaligned.o             118
    ABImemset.o                       102
    ABImemset48.o                      50
    I64DivMod.o                       238
    I64DivZer.o                         2
    cexit.o                            14
    cmain.o                            26
    cstart_closeall.o
    cstartup_M.o                       12
    data_init.o                        40
    memchr.o                           88
    packbits_init_single.o             56
    strchr.o                           22
    strlen.o                           54
    zero_init3.o                       64
    -------------------------------------------------------
    Total:                            892

shb_l.a: [6]
    close.o                            26
    dwrite.o                           30
    exit.o                             20
    iarttio.o                         108
    iarwrite.o                         34
    iarwstd.o                          32
    lseek.o                            76
    remove.o                           22
    write.o                            16
    -------------------------------------------------------
    Total:                            364

    Gaps                               56
    Linker created                              32    1 536
-----------------------------------------------------------
    Grand Total:                   23 610      960    5 902


*******************************************************************************
*** ENTRY LIST
***

Entry                      Address   Size  Type      Object
-----                      -------   ----  ----      ------
.iar.init_table$$Base   0x08005d3c          --   Gb  - Linker created -
.iar.init_table$$Limit  0x08005d5c          --   Gb  - Linker created -
?main                   0x08005d99         Code  Gb  cmain.o [5]
AHBPrescTable           0x08005e50   0x10  Data  Gb  system_stm32f1xx.o [1]
APBPrescTable           0x08005eac    0x8  Data  Gb  system_stm32f1xx.o [1]
BusFault_Handler        0x08005ce7    0x2  Code  Gb  stm32f1xx_it.o [1]
CSTACK$$Base            0x200001f8          --   Gb  - Linker created -
CSTACK$$Limit           0x200005f8          --   Gb  - Linker created -
DebugMon_Handler        0x08005ceb    0x2  Code  Gb  stm32f1xx_it.o [1]
EXTI15_10_IRQHandler    0x08005d09    0xc  Code  Gb  stm32f1xx_it.o [1]
Error_Handler           0x08002a49    0x2  Code  Gb  main.o [1]
FanHandle               0x200016b4    0x4  Data  Gb  freertos.o [1]
HAL_DMA_Abort_IT        0x080052b1   0xb4  Code  Gb  stm32f1xx_hal_dma.o [1]
HAL_Delay               0x08005201   0x28  Code  Wk  stm32f1xx_hal.o [1]
HAL_GPIO_EXTI_Callback  0x08003811    0x2  Code  Wk  stm32f1xx_hal_gpio.o [1]
HAL_GPIO_EXTI_IRQHandler
                        0x080037a5   0x1e  Code  Gb  stm32f1xx_hal_gpio.o [1]
HAL_GPIO_Init           0x080033a9  0x38c  Code  Gb  stm32f1xx_hal_gpio.o [1]
HAL_GPIO_ReadPin        0x08003735   0x2e  Code  Gb  stm32f1xx_hal_gpio.o [1]
HAL_GPIO_WritePin       0x08003763   0x42  Code  Gb  stm32f1xx_hal_gpio.o [1]
HAL_GetTick             0x08002a4d    0xc  Code  Wk  stm32f1xx_hal.o [1]
HAL_IncTick             0x08002ed1   0x18  Code  Wk  stm32f1xx_hal.o [1]
HAL_Init                0x08002ae9   0x22  Code  Gb  stm32f1xx_hal.o [1]
HAL_InitTick            0x08002a59   0x80  Code  Gb  stm32f1xx_hal_timebase_tim.o [1]
HAL_MspInit             0x08003349   0x60  Code  Gb  stm32f1xx_hal_msp.o [1]
HAL_NVIC_EnableIRQ      0x08002ff5   0x1c  Code  Gb  stm32f1xx_hal_cortex.o [1]
HAL_NVIC_SetPriority    0x08002fb7   0x3e  Code  Gb  stm32f1xx_hal_cortex.o [1]
HAL_NVIC_SetPriorityGrouping
                        0x08002f8f   0x28  Code  Gb  stm32f1xx_hal_cortex.o [1]
HAL_RCC_ClockConfig     0x08002589  0x2be  Code  Gb  stm32f1xx_hal_rcc.o [1]
HAL_RCC_GetClockConfig  0x080028db   0x5c  Code  Gb  stm32f1xx_hal_rcc.o [1]
HAL_RCC_GetHCLKFreq     0x080028bf    0x6  Code  Gb  stm32f1xx_hal_rcc.o [1]
HAL_RCC_GetPCLK2Freq    0x080028c5   0x16  Code  Gb  stm32f1xx_hal_rcc.o [1]
HAL_RCC_GetSysClockFreq
                        0x08002847   0x78  Code  Gb  stm32f1xx_hal_rcc.o [1]
HAL_RCC_OscConfig       0x08001fad  0x5dc  Code  Gb  stm32f1xx_hal_rcc.o [1]
HAL_SPI_ErrorCallback   0x08005381    0x2  Code  Wk  stm32f1xx_hal_spi.o [1]
HAL_SPI_GetState        0x08005113    0x6  Code  Gb  stm32f1xx_hal_spi.o [1]
HAL_SPI_IRQHandler      0x08005019   0xfa  Code  Gb  stm32f1xx_hal_spi.o [1]
HAL_SPI_Init            0x08003815  0x18c  Code  Gb  stm32f1xx_hal_spi_ex.o [1]
HAL_SPI_MspInit         0x08002c97   0x82  Code  Gb  spi.o [1]
HAL_SPI_Transmit        0x08004bf5  0x1d4  Code  Gb  stm32f1xx_hal_spi.o [1]
HAL_SPI_TransmitReceive
                        0x08004dc9  0x24a  Code  Gb  stm32f1xx_hal_spi.o [1]
HAL_TIMEx_BreakCallback
                        0x080045bd    0x2  Code  Wk  stm32f1xx_hal_tim_ex.o [1]
HAL_TIMEx_CommutationCallback
                        0x080045c1    0x2  Code  Wk  stm32f1xx_hal_tim_ex.o [1]
HAL_TIM_Base_Init       0x08003029   0xc6  Code  Gb  stm32f1xx_hal_tim.o [1]
HAL_TIM_Base_MspInit    0x08003345    0x2  Code  Wk  stm32f1xx_hal_tim.o [1]
HAL_TIM_Base_Start_IT   0x080030ef   0x52  Code  Gb  stm32f1xx_hal_tim.o [1]
HAL_TIM_IC_CaptureCallback
                        0x080045b7    0x2  Code  Wk  stm32f1xx_hal_tim.o [1]
HAL_TIM_IRQHandler      0x08003155  0x176  Code  Gb  stm32f1xx_hal_tim.o [1]
HAL_TIM_OC_DelayElapsedCallback
                        0x080045b9    0x2  Code  Wk  stm32f1xx_hal_tim.o [1]
HAL_TIM_PWM_PulseFinishedCallback
                        0x080045bb    0x2  Code  Wk  stm32f1xx_hal_tim.o [1]
HAL_TIM_PeriodElapsedCallback
                        0x08002a33   0x12  Code  Gb  main.o [1]
HAL_TIM_TriggerCallback
                        0x080045bf    0x2  Code  Wk  stm32f1xx_hal_tim.o [1]
HEAP$$Base              0x200005f8          --   Gb  - Linker created -
HEAP$$Limit             0x200007f8          --   Gb  - Linker created -
HardFault_Handler       0x08005ce3    0x2  Code  Gb  stm32f1xx_it.o [1]
LoRaHandle              0x200016b0    0x4  Data  Gb  freertos.o [1]
LoadInt                 0x08000753   0x6e  Code  Lc  xprintffull.o [3]
MX_FREERTOS_Init        0x08002d29   0x4a  Code  Gb  freertos.o [1]
MX_GPIO_Init            0x08002b11  0x128  Code  Gb  gpio.o [1]
MX_SPI1_Init            0x08002c39   0x5e  Code  Gb  spi.o [1]
MemManage_Handler       0x08005ce5    0x2  Code  Gb  stm32f1xx_it.o [1]
NMI_Handler             0x08005ce1    0x2  Code  Gb  stm32f1xx_it.o [1]
NVIC_EnableIRQ          0x08002f17   0x14  Code  Lc  stm32f1xx_hal_cortex.o [1]
NVIC_EncodePriority     0x08002f51   0x3e  Code  Lc  stm32f1xx_hal_cortex.o [1]
NVIC_GetPriorityGrouping
                        0x08002f0d    0xa  Code  Lc  stm32f1xx_hal_cortex.o [1]
NVIC_SetPriority        0x08002f2b   0x26  Code  Lc  stm32f1xx_hal_cortex.o [1]
NVIC_SetPriorityGrouping
                        0x08002ee9   0x24  Code  Lc  stm32f1xx_hal_cortex.o [1]
PendSV_Handler          0x08005229         Code  Gb  portasm.o [1]
RCC_Delay               0x08002941   0x26  Code  Lc  stm32f1xx_hal_rcc.o [1]
Region$$Table$$Base     0x08005d3c          --   Gb  - Linker created -
Region$$Table$$Limit    0x08005d5c          --   Gb  - Linker created -
SPI1_IRQHandler         0x08005cf7    0xa  Code  Gb  stm32f1xx_it.o [1]
SPI_CheckFlag_BSY       0x080051d3   0x2c  Code  Lc  stm32f1xx_hal_spi.o [1]
SPI_DMAAbortOnError     0x08005119   0x16  Code  Lc  stm32f1xx_hal_spi.o [1]
SPI_WaitFlagStateUntilTimeout
                        0x08005131   0xa2  Code  Lc  stm32f1xx_hal_spi.o [1]
SVC_Handler             0x0800526f         Code  Gb  portasm.o [1]
SX1278_Frequency        0x08005ec4    0x4  Data  Lc  SX1278.o [1]
SX1278_LoRaBandwidth    0x08005e7c    0xc  Data  Lc  SX1278.o [1]
SX1278_LoRaEntryRx      0x08003c61   0xa4  Code  Gb  SX1278.o [1]
SX1278_LoRaRxPacket     0x08003d05   0x74  Code  Gb  SX1278.o [1]
SX1278_Power            0x08005ec8    0x4  Data  Lc  SX1278.o [1]
SX1278_SPIBurstRead     0x08003a1b   0x54  Code  Gb  SX1278.o [1]
SX1278_SPIBurstWrite    0x08003a6f   0x56  Code  Gb  SX1278.o [1]
SX1278_SPIRead          0x080039c5   0x26  Code  Gb  SX1278.o [1]
SX1278_SPIWrite         0x080039eb   0x30  Code  Gb  SX1278.o [1]
SX1278_SpreadFactor     0x08005ea4    0x8  Data  Lc  SX1278.o [1]
SX1278_begin            0x08003d79   0x2e  Code  Gb  SX1278.o [1]
SX1278_clearLoRaIrq     0x08003c51   0x10  Code  Gb  SX1278.o [1]
SX1278_config           0x08003add  0x12a  Code  Gb  SX1278.o [1]
SX1278_defaultConfig    0x08003ac5   0x18  Code  Gb  SX1278.o [1]
SX1278_entryLoRa        0x08003c41   0x10  Code  Gb  SX1278.o [1]
SX1278_hw_DelayMs       0x08004645    0xc  Code  Wk  SX1278.o [1]
SX1278_hw_GetDIO0       0x08004687   0x1e  Code  Wk  SX1278.o [1]
SX1278_hw_Reset         0x08004651   0x36  Code  Wk  SX1278.o [1]
SX1278_hw_SPICommand    0x080045c3   0x26  Code  Wk  SX1278.o [1]
SX1278_hw_SPIReadByte   0x080045e9   0x3c  Code  Wk  SX1278.o [1]
SX1278_hw_SetNSS        0x08004625   0x20  Code  Wk  SX1278.o [1]
SX1278_hw_init          0x0800470b   0x1c  Code  Wk  SX1278.o [1]
SX1278_read             0x08003da7   0x3c  Code  Gb  SX1278.o [1]
SX1278_sleep            0x08003c2d   0x14  Code  Gb  SX1278.o [1]
SX1278_standby          0x08003c19   0x14  Code  Gb  SX1278.o [1]
StartLoRa               0x08002d73   0x82  Code  Gb  freertos.o [1]
StartMcuWork            0x08002e03   0x2e  Code  Gb  freertos.o [1]
StartTaskFan            0x08002df5    0xe  Code  Gb  freertos.o [1]
SysTick_Handler         0x08004b8b   0x28  Code  Gb  port.o [1]
SystemClock_Config      0x080029c5   0x6e  Code  Gb  main.o [1]
SystemCoreClock         0x20000004    0x4  Data  Gb  system_stm32f1xx.o [1]
SystemInit              0x08005929   0x4e  Code  Gb  system_stm32f1xx.o [1]
TIM1_UP_IRQHandler      0x08005ced    0xa  Code  Gb  stm32f1xx_it.o [1]
TIM_Base_SetConfig      0x080032cb   0x6e  Code  Gb  stm32f1xx_hal_tim.o [1]
UsageFault_Handler      0x08005ce9    0x2  Code  Gb  stm32f1xx_it.o [1]
_Close_all              0x08005bb9   0x58  Code  Gb  xcloseall.o [3]
_EncodingSb_Mbtowc      0x08001e5f   0x30  Code  Gb  xencoding_sb.o [3]
_EncodingSb_Mbtowc::initial
                        0x08001e9c    0x8  Data  Lc  xencoding_sb.o [3]
_EncodingSb_Wctomb      0x08001e45   0x1a  Code  Gb  xencoding_sb.o [3]
_EncodingSb_Wctomb::initial
                        0x08001e94    0x8  Data  Lc  xencoding_sb.o [3]
_Files                  0x200000c8   0x20  Data  Gb  xfiles.o [3]
_Fofree                 0x080057fd   0x78  Code  Gb  xfofind.o [3]
_Fspos                  0x08005383   0xd6  Code  Gb  xfspos.o [3]
_Fwprep                 0x08005721   0xb8  Code  Gb  xfwprep.o [3]
_GenldFull              0x08000fd9  0x254  Code  Lc  xprintffull.o [3]
_IsdstStr               0x2000017c    0x4  Data  Gb  setlocale.o [3]
_LdtobFull              0x08000bd9  0x3fa  Code  Lc  xprintffull.o [3]
_LitobFull              0x08000acd  0x10a  Code  Lc  xprintffull.o [3]
_LocaleEncoding         0x08001e31    0xe  Code  Gb  setlocale.o [3]
_LocaleReturnString     0x2000019c   0x50  Data  Lc  setlocale.o [3]
_Locale_Profile         0x20000180   0x1c  Data  Gb  setlocale.o [3]
_Locale_aeabi_lconv     0x20000140   0x38  Data  Gb  localeconv.o [3]
_Locale_lconv           0x200000f0   0x50  Data  Gb  localeconv.o [3]
_Mbtowc                 0x08001277   0x20  Code  Gb  xmbtowc.o [3]
_Nnl                    0x08005509    0xa  Code  Gb  xfgpos.o [3]
_PrintfFull             0x080000ed  0x650  Code  Gb  xprintffull.o [3]
_Prout                  0x08005de1   0x16  Code  Gb  xprout.o [3]
_PutcharsFull           0x0800122d   0x2e  Code  Lc  xprintffull.o [3]
_PutstrFull             0x080007c1  0x306  Code  Lc  xprintffull.o [3]
_TzoneStr               0x20000178    0x4  Data  Gb  setlocale.o [3]
_Wctomb                 0x080013fd   0x1a  Code  Gb  xwctomb.o [3]
__aeabi_cdcmple         0x08001645         Code  Gb  DblCmpLe.o [4]
__aeabi_cdrcmple        0x08001675         Code  Gb  DblCmpGe.o [4]
__aeabi_d2iz            0x080017b1         Code  Gb  DblToI32.o [4]
__aeabi_d2uiz           0x080017dd         Code  Gb  DblToI32.o [4]
__aeabi_ddiv            0x08001b5d         Code  Gb  DblDiv.o [4]
__aeabi_dmul            0x080019b9         Code  Gb  DblMul.o [4]
__aeabi_dsub            0x08001839         Code  Gb  DblSub.o [4]
__aeabi_errno_addr      0x08005561    0x6  Code  Gb  errno.o [3]
__aeabi_i2d             0x08001809         Code  Gb  I32ToDbl.o [4]
__aeabi_ldiv0           0x08001ed1         Code  Gb  I64DivZer.o [5]
__aeabi_memclr4         0x08002ec9         Code  Gb  ABImemclr4.o [5]
__aeabi_memset          0x080046a5         Code  Gb  ABImemset.o [5]
__aeabi_ui2d            0x0800181d         Code  Gb  I32ToDbl.o [4]
__aeabi_uldivmod        0x08001511         Code  Gb  I64DivMod.o [5]
__cexit_closeall        0x08005dbf         Code  Gb  cexit.o [5]
__close                 0x080058f7   0x1a  Code  Gb  close.o [6]
__cmain                 0x08005d99         Code  Gb  cmain.o [5]
__cstart_closeall       0x08005f6c         Data  Gb  cstart_closeall.o [5]
__data_Aldata           0x200016a8    0x8  Data  Gb  xxmemxmalloc.o [3]
__data_GetMemChunk      0x08001ea5   0x2c  Code  Gb  xgetmemchunk.o [3]
__data_GetMemChunk::start
                        0x20001710    0x4  Data  Lc  xgetmemchunk.o [3]
__dwrite                0x0800564d   0x1e  Code  Gb  dwrite.o [6]
__exit                  0x08005dcd   0x14  Code  Gb  exit.o [6]
__iar_Dnorm             0x080015ff   0x44  Code  Gb  xdnorm.o [4]
__iar_Dscale            0x080016a5  0x10c  Code  Gb  xdscale.o [4]
__iar_Errno             0x200001ec    0x4  Data  Gb  errno.o [3]
__iar_Locale_lconv_init
                        0x08001db5   0x3a  Code  Gb  localeconv.o [3]
__iar_Lockfilelock      0x0800556d    0x2  Code  Gb  xsyslock_nop.o [3]
__iar_Mbcurmax          0x08001341    0xa  Code  Gb  xmbcurmax.o [3]
__iar_Memchr            0x080012e9         Code  Gb  memchr.o [5]
__iar_Memset            0x080046a5         Code  Gb  ABImemset.o [5]
__iar_Memset4_word      0x08004585         Code  Gb  ABImemset48.o [5]
__iar_Memset8_word      0x08004585         Code  Gb  ABImemset48.o [5]
__iar_Memset_word       0x080046ad         Code  Gb  ABImemset.o [5]
__iar_Stderr            0x20000088   0x40  Data  Gb  xfiles.o [3]
__iar_Stdin             0x20000008   0x40  Data  Gb  xfiles.o [3]
__iar_Stdout            0x20000048   0x40  Data  Gb  xfiles.o [3]
__iar_Strchr            0x08001299         Code  Gb  strchr.o [5]
__iar_Unlockfilelock    0x0800556f    0x2  Code  Gb  xsyslock_nop.o [3]
__iar_close_ttio        0x080056ad   0x2e  Code  Gb  iarttio.o [6]
__iar_d2uiz             0x080017e9         Code  Gb  DblToI32.o [4]
__iar_dadd              0x08001ed5         Code  Gb  DblAdd.o [4]
__iar_data_init3        0x08005d15   0x28  Code  Gb  data_init.o [5]
__iar_dlib_perthread_access
                        0x08001fa9    0x2  Code  Gb  xtls.o [3]
__iar_dsub              0x0800184d         Code  Gb  DblSub.o [4]
__iar_dsubStart         0x0800185f         Code  Gb  DblSub.o [4]
__iar_get_ttio          0x080056dd   0x38  Code  Gb  iarttio.o [6]
__iar_lookup_ttioh      0x08005719    0x8  Code  Gb  XShttio.o [3]
__iar_packbits_init_single3
                        0x08005ca7   0x38  Code  Gb  packbits_init_single.o [5]
__iar_program_start     0x08005e89         Code  Gb  cstartup_M.o [5]
__iar_sh_Discard        0x08005581   0x3e  Code  Gb  XShHandles.o [3]
__iar_sh_Move           0x080055c5   0x46  Code  Gb  XShHandles.o [3]
__iar_sh_Pos            0x0800560b   0x3e  Code  Gb  XShHandles.o [3]
__iar_sh_stdout         0x0800566b   0x20  Code  Gb  iarwstd.o [6]
__iar_sh_write          0x0800568b   0x22  Code  Gb  iarwrite.o [6]
__iar_ttio_handles      0x200000e8    0x8  Data  Lc  XShttio.o [3]
__iar_ui2d              0x08001821         Code  Gb  I32ToDbl.o [4]
__iar_unaligned___aeabi_memcpy
                        0x08001419         Code  Gb  ABImemcpy_unaligned.o [5]
__iar_unaligned___aeabi_memcpy4
                        0x08001439         Code  Gb  ABImemcpy_unaligned.o [5]
__iar_unaligned___aeabi_memcpy8
                        0x08001439         Code  Gb  ABImemcpy_unaligned.o [5]
__iar_zero_init3        0x08005c67   0x40  Code  Gb  zero_init3.o [5]
__low_level_init        0x08005db3    0x4  Code  Gb  low_level_init.o [3]
__lseek                 0x08005513   0x4c  Code  Gb  lseek.o [6]
__vector_table          0x08000000         Data  Gb  startup_stm32f103xb.o [1]
__write                 0x08005571   0x10  Code  Gb  write.o [6]
_call_main              0x08005da5         Code  Gb  cmain.o [5]
_exit                   0x08005dbd         Code  Gb  cexit.o [5]
_main                   0x08005daf         Code  Gb  cmain.o [5]
assert_failed           0x08002a4b    0x2  Code  Gb  main.o [1]
div                     0x08001e21    0xe  Code  Gb  div.o [3]
ebuf                    0x2000155c   0x50  Data  Lc  xfiles.o [3]
exit                    0x08005db7    0x4  Code  Gb  exit.o [3]
fclose                  0x0800587d   0x7a  Code  Gb  fclose.o [3]
fflush                  0x080054cf   0x34  Code  Gb  fflush.o [3]
fflushOne               0x08005459   0x76  Code  Lc  fflush.o [3]
fputc                   0x08005c11   0x56  Code  Gb  fputc.o [3]
free                    0x08001491   0x7a  Code  Gb  xxmemxfree.o [3]
fseek                   0x080057d9   0x22  Code  Gb  fseek.o [3]
hspi1                   0x20001504   0x58  Data  Gb  spi.o [1]
htim1                   0x200015fc   0x40  Data  Gb  stm32f1xx_hal_timebase_tim.o [1]
localeconv              0x08001def   0x16  Code  Gb  localeconv.o [3]
main                    0x080029a9   0x1c  Code  Gb  main.o [1]
makeFreeRtosPriority    0x08002e61   0x12  Code  Lc  cmsis_os.o [1]
malloc                  0x0800134d   0xac  Code  Gb  xxmemxmalloc.o [3]
mcuWorkHandle           0x200016b8    0x4  Data  Gb  freertos.o [1]
memchr                  0x080012e9         Code  Gb  memchr.o [5]
obuf                    0x200015ac   0x50  Data  Lc  xfiles.o [3]
osDelay                 0x08002eab   0x1c  Code  Gb  cmsis_os.o [1]
osKernelStart           0x08002e73    0xa  Code  Gb  cmsis_os.o [1]
osThreadCreate          0x08002e7d   0x2e  Code  Gb  cmsis_os.o [1]
printf                  0x080039a1   0x24  Code  Gb  printf.o [3]
prvAddCurrentTaskToDelayedList
                        0x080044c9   0x82  Code  Lc  tasks.o [1]
prvAddNewTaskToReadyList
                        0x08003f31   0xb8  Code  Lc  tasks.o [1]
prvCheckTasksWaitingTermination
                        0x080043ed   0x66  Code  Lc  tasks.o [1]
prvDeleteTCB            0x08004453   0x12  Code  Lc  tasks.o [1]
prvHeapInit             0x080048bd   0x6e  Code  Lc  heap_4.o [1]
prvIdleTask             0x08004365   0x24  Code  Lc  tasks.o [1]
prvInitialiseNewTask    0x08003e69   0xc8  Code  Lc  tasks.o [1]
prvInitialiseTaskLists  0x0800438d   0x56  Code  Lc  tasks.o [1]
prvInsertBlockIntoFreeList
                        0x0800492b   0x62  Code  Lc  heap_4.o [1]
prvResetNextTaskUnblockTime
                        0x08004465   0x2e  Code  Lc  tasks.o [1]
prvTaskExitError        0x08004a6d   0x2a  Code  Lc  port.o [1]
putchar                 0x08005df9    0xc  Code  Gb  putchar.o [3]
pvPortMalloc            0x08004729  0x11a  Code  Gb  heap_4.o [1]
pxCurrentTCB            0x200016d4    0x4  Data  Gb  tasks.o [1]
pxDelayedTaskList       0x200016d8    0x4  Data  Lc  tasks.o [1]
pxEnd                   0x200016bc    0x4  Data  Lc  heap_4.o [1]
pxOverflowDelayedTaskList
                        0x200016dc    0x4  Data  Lc  tasks.o [1]
pxPortInitialiseStack   0x08004a4d   0x20  Code  Gb  port.o [1]
pxReadyTasksLists       0x200013f8   0x8c  Data  Lc  tasks.o [1]
remove                  0x08005911   0x16  Code  Gb  remove.o [6]
sFileInfo               0x20001484   0x80  Data  Lc  XShHandles.o [3]
strchr                  0x08001299         Code  Gb  strchr.o [5]
strlen                  0x080012b1         Code  Gb  strlen.o [5]
ucHeap                  0x200007f8  0xc00  Data  Lc  heap_4.o [1]
ucMaxSysCallPriority    0x20001714    0x1  Data  Lc  port.o [1]
ulMaxPRIGROUPValue      0x200016cc    0x4  Data  Lc  port.o [1]
uwTick                  0x200016d0    0x4  Data  Gb  stm32f1xx_hal.o [1]
uwTickFreq              0x200001f0    0x1  Data  Gb  stm32f1xx_hal.o [1]
uxCriticalNesting       0x20000000    0x4  Data  Lc  port.o [1]
uxCurrentNumberOfTasks  0x200016e4    0x4  Data  Lc  tasks.o [1]
uxDeletedTasksWaitingCleanUp
                        0x200016e0    0x4  Data  Lc  tasks.o [1]
uxListRemove            0x08004a23   0x28  Code  Gb  list.o [1]
uxPendedTicks           0x200016f4    0x4  Data  Lc  tasks.o [1]
uxSchedulerSuspended    0x2000170c    0x4  Data  Lc  tasks.o [1]
uxTaskNumber            0x20001700    0x4  Data  Lc  tasks.o [1]
uxTopReadyPriority      0x200016ec    0x4  Data  Lc  tasks.o [1]
vListInitialise         0x080049ad   0x1e  Code  Gb  list.o [1]
vListInitialiseItem     0x080049cb    0x6  Code  Gb  list.o [1]
vListInsert             0x080049e9   0x3a  Code  Gb  list.o [1]
vListInsertEnd          0x080049d1   0x18  Code  Gb  list.o [1]
vPortEnterCritical      0x08004b1f   0x3a  Code  Gb  port.o [1]
vPortExitCritical       0x08004b59   0x32  Code  Gb  port.o [1]
vPortFree               0x08004843   0x7a  Code  Gb  heap_4.o [1]
vPortSetupTimerInterrupt
                        0x08004bcd   0x28  Code  Wk  port.o [1]
vPortStartFirstTask     0x0800528f         Code  Gb  portasm.o [1]
vTaskDelay              0x08003fe9   0x4e  Code  Gb  tasks.o [1]
vTaskStartScheduler     0x08004037   0x68  Code  Gb  tasks.o [1]
vTaskSuspendAll         0x0800409f   0x10  Code  Gb  tasks.o [1]
vTaskSwitchContext      0x080042df   0x74  Code  Gb  tasks.o [1]
xBlockAllocatedBit      0x200016c8    0x4  Data  Lc  heap_4.o [1]
xDelayedTaskList1       0x2000163c   0x14  Data  Lc  tasks.o [1]
xDelayedTaskList2       0x20001650   0x14  Data  Lc  tasks.o [1]
xFreeBytesRemaining     0x200016c0    0x4  Data  Lc  heap_4.o [1]
xHeapStructSize         0x08005ec0    0x4  Data  Lc  heap_4.o [1]
xIdleTaskHandle         0x20001708    0x4  Data  Lc  tasks.o [1]
xMinimumEverFreeBytesRemaining
                        0x200016c4    0x4  Data  Lc  heap_4.o [1]
xNextTaskUnblockTime    0x20001704    0x4  Data  Lc  tasks.o [1]
xNumOfOverflows         0x200016fc    0x4  Data  Lc  tasks.o [1]
xPendingReadyList       0x20001664   0x14  Data  Lc  tasks.o [1]
xPortStartScheduler     0x08004a97   0x88  Code  Gb  port.o [1]
xSchedulerRunning       0x200016f0    0x4  Data  Lc  tasks.o [1]
xStart                  0x200016a0    0x8  Data  Lc  heap_4.o [1]
xSuspendedTaskList      0x2000168c   0x14  Data  Lc  tasks.o [1]
xTaskCreate             0x08003de5   0x84  Code  Gb  tasks.o [1]
xTaskIncrementTick      0x080041ad  0x132  Code  Gb  tasks.o [1]
xTaskResumeAll          0x080040af   0xfe  Code  Gb  tasks.o [1]
xTasksWaitingTermination
                        0x20001678   0x14  Data  Lc  tasks.o [1]
xTickCount              0x200016e8    0x4  Data  Lc  tasks.o [1]
xYieldPending           0x200016f8    0x4  Data  Lc  tasks.o [1]


[1] = C:\Users\MrZang\IAR_prj\ventilation\EWARM\Debug\Obj
[2] = command line
[3] = dl7M_tlf.a
[4] = m7M_tl.a
[5] = rt7M_tl.a
[6] = shb_l.a

  23 610 bytes of readonly  code memory
     960 bytes of readonly  data memory
   5 902 bytes of readwrite data memory

Errors: none
Warnings: none
