###############################################################################
#
# IAR ELF Linker V7.70.1.11437/W32 for ARM                18/May/2019  19:54:45
# Copyright 2007-2016 IAR Systems AB.
#
#    Output file  =  
#        C:\Users\MrZang\IAR_prj\ventilation\EWARM\Debug\Exe\ventilation.out
#    Map file     =  
#        C:\Users\MrZang\IAR_prj\ventilation\EWARM\Debug\List\ventilation.map
#    Command line =  
#        C:\Users\MrZang\IAR_prj\ventilation\EWARM\Debug\Obj\cmsis_os.o
#        C:\Users\MrZang\IAR_prj\ventilation\EWARM\Debug\Obj\croutine.o
#        C:\Users\MrZang\IAR_prj\ventilation\EWARM\Debug\Obj\event_groups.o
#        C:\Users\MrZang\IAR_prj\ventilation\EWARM\Debug\Obj\freertos.o
#        C:\Users\MrZang\IAR_prj\ventilation\EWARM\Debug\Obj\gpio.o
#        C:\Users\MrZang\IAR_prj\ventilation\EWARM\Debug\Obj\heap_4.o
#        C:\Users\MrZang\IAR_prj\ventilation\EWARM\Debug\Obj\list.o
#        C:\Users\MrZang\IAR_prj\ventilation\EWARM\Debug\Obj\main.o
#        C:\Users\MrZang\IAR_prj\ventilation\EWARM\Debug\Obj\port.o
#        C:\Users\MrZang\IAR_prj\ventilation\EWARM\Debug\Obj\portasm.o
#        C:\Users\MrZang\IAR_prj\ventilation\EWARM\Debug\Obj\queue.o
#        C:\Users\MrZang\IAR_prj\ventilation\EWARM\Debug\Obj\spi.o
#        C:\Users\MrZang\IAR_prj\ventilation\EWARM\Debug\Obj\startup_stm32f103xb.o
#        C:\Users\MrZang\IAR_prj\ventilation\EWARM\Debug\Obj\stm32f1xx_hal.o
#        C:\Users\MrZang\IAR_prj\ventilation\EWARM\Debug\Obj\stm32f1xx_hal_cortex.o
#        C:\Users\MrZang\IAR_prj\ventilation\EWARM\Debug\Obj\stm32f1xx_hal_dma.o
#        C:\Users\MrZang\IAR_prj\ventilation\EWARM\Debug\Obj\stm32f1xx_hal_flash.o
#        C:\Users\MrZang\IAR_prj\ventilation\EWARM\Debug\Obj\stm32f1xx_hal_flash_ex.o
#        C:\Users\MrZang\IAR_prj\ventilation\EWARM\Debug\Obj\stm32f1xx_hal_gpio.o
#        C:\Users\MrZang\IAR_prj\ventilation\EWARM\Debug\Obj\stm32f1xx_hal_gpio_ex.o
#        C:\Users\MrZang\IAR_prj\ventilation\EWARM\Debug\Obj\stm32f1xx_hal_msp.o
#        C:\Users\MrZang\IAR_prj\ventilation\EWARM\Debug\Obj\stm32f1xx_hal_pwr.o
#        C:\Users\MrZang\IAR_prj\ventilation\EWARM\Debug\Obj\stm32f1xx_hal_rcc.o
#        C:\Users\MrZang\IAR_prj\ventilation\EWARM\Debug\Obj\stm32f1xx_hal_rcc_ex.o
#        C:\Users\MrZang\IAR_prj\ventilation\EWARM\Debug\Obj\stm32f1xx_hal_spi.o
#        C:\Users\MrZang\IAR_prj\ventilation\EWARM\Debug\Obj\stm32f1xx_hal_spi_ex.o
#        C:\Users\MrZang\IAR_prj\ventilation\EWARM\Debug\Obj\stm32f1xx_hal_tim.o
#        C:\Users\MrZang\IAR_prj\ventilation\EWARM\Debug\Obj\stm32f1xx_hal_tim_ex.o
#        C:\Users\MrZang\IAR_prj\ventilation\EWARM\Debug\Obj\stm32f1xx_hal_timebase_tim.o
#        C:\Users\MrZang\IAR_prj\ventilation\EWARM\Debug\Obj\stm32f1xx_it.o
#        C:\Users\MrZang\IAR_prj\ventilation\EWARM\Debug\Obj\SX1278.o
#        C:\Users\MrZang\IAR_prj\ventilation\EWARM\Debug\Obj\system_stm32f1xx.o
#        C:\Users\MrZang\IAR_prj\ventilation\EWARM\Debug\Obj\tasks.o
#        C:\Users\MrZang\IAR_prj\ventilation\EWARM\Debug\Obj\timers.o
#        --redirect _Printf=_PrintfFull --redirect _Scanf=_ScanfFull -o
#        C:\Users\MrZang\IAR_prj\ventilation\EWARM\Debug\Exe\ventilation.out
#        --map
#        C:\Users\MrZang\IAR_prj\ventilation\EWARM\Debug\List\ventilation.map
#        --config
#        C:\Users\MrZang\IAR_prj\ventilation\EWARM/stm32f103xb_flash.icf
#        --semihosting --entry __iar_program_start --vfe
#
###############################################################################

*******************************************************************************
*** RUNTIME MODEL ATTRIBUTES
***

CppFlavor                     = *
__Heap_Handler                = Basic
__SystemLibrary               = DLib
__dlib_dynamic_initialization = normal


*******************************************************************************
*** PLACEMENT SUMMARY
***

"A0":  place at 0x08000000 { ro section .intvec };
"P1":  place in [from 0x08000000 to 0x0801ffff] { ro };
"P2":  place in [from 0x20000000 to 0x20004fff] { rw, block CSTACK, block HEAP };
initialize by copy { rw };

  Section             Kind        Address    Size  Object
  -------             ----        -------    ----  ------
"A0":                                        0xec
  .intvec             ro code  0x08000000    0xec  startup_stm32f103xb.o [1]
                             - 0x080000ec    0xec

"P1":                                      0x698a
  .text               ro code  0x080000ec  0x118a  xprintffull.o [3]
  .text               ro code  0x08001276    0x20  xmbtowc.o [3]
  .rodata             const    0x08001296     0x2  stm32f1xx_hal_rcc.o [1]
  .text               ro code  0x08001298    0x16  strchr.o [5]
  .text               ro code  0x080012b0    0x36  strlen.o [5]
  .text               ro code  0x080012e8    0x58  memchr.o [5]
  .text               ro code  0x08001340     0xa  xmbcurmax.o [3]
  .text               ro code  0x0800134c    0xb0  xxmemxmalloc.o [3]
  .text               ro code  0x080013fc    0x1a  xwctomb.o [3]
  .text               ro code  0x08001418    0x76  ABImemcpy_unaligned.o [5]
  .text               ro code  0x08001490    0x80  xxmemxfree.o [3]
  .text               ro code  0x08001510    0xee  I64DivMod.o [5]
  .text               ro code  0x080015fe    0x44  xdnorm.o [4]
  .text               ro code  0x08001644    0x2e  DblCmpLe.o [4]
  .text               ro code  0x08001674    0x2e  DblCmpGe.o [4]
  .text               ro code  0x080016a4   0x10c  xdscale.o [4]
  .text               ro code  0x080017b0    0x58  DblToI32.o [4]
  .text               ro code  0x08001808    0x30  I32ToDbl.o [4]
  .text               ro code  0x08001838   0x180  DblSub.o [4]
  .text               ro code  0x080019b8   0x1a2  DblMul.o [4]
  .text               ro code  0x08001b5c   0x256  DblDiv.o [4]
  .text               ro code  0x08001db4    0x6c  localeconv.o [3]
  .text               ro code  0x08001e20     0xe  div.o [3]
  .text               ro code  0x08001e30    0x14  setlocale.o [3]
  .text               ro code  0x08001e44    0x60  xencoding_sb.o [3]
  .text               ro code  0x08001ea4    0x2c  xgetmemchunk.o [3]
  .text               ro code  0x08001ed0     0x2  I64DivZer.o [5]
  .text               ro code  0x08001ed4    0xd4  DblAdd.o [4]
  .text               ro code  0x08001fa8     0x2  xtls.o [3]
  .text               ro code  0x08001fac   0xacc  tasks.o [1]
  .text               ro code  0x08002a78   0x284  heap_4.o [1]
  .text               ro code  0x08002cfc    0x9e  list.o [1]
  .text               ro code  0x08002d9c   0x1a8  port.o [1]
  CODE                ro code  0x08002f44    0x88  portasm.o [1]
  .text               ro code  0x08002fcc   0x9fc  stm32f1xx_hal_rcc.o [1]
  .text               ro code  0x080039c8    0xa4  main.o [1]
  .text               ro code  0x08003a6c     0xc  stm32f1xx_hal.o [1]
  .text               ro code  0x08003a78    0x90  stm32f1xx_hal_timebase_tim.o [1]
  .text               ro code  0x08003b08    0x28  stm32f1xx_hal.o [1]
  .text               ro code  0x08003b30   0x128  gpio.o [1]
  .text               ro code  0x08003c58    0xf0  spi.o [1]
  .text               ro code  0x08003d48   0x230  freertos.o [1]
  .text               ro code  0x08003f78    0x66  cmsis_os.o [1]
  .text               ro code  0x08003fe0     0x6  ABImemclr4.o [5]
  .text               ro code  0x08003fe8    0x18  stm32f1xx_hal.o [1]
  .text               ro code  0x08004000   0x140  stm32f1xx_hal_cortex.o [1]
  .text               ro code  0x08004140   0x31e  stm32f1xx_hal_tim.o [1]
  .text               ro code  0x08004460    0x60  stm32f1xx_hal_msp.o [1]
  .text               ro code  0x080044c0   0x46a  stm32f1xx_hal_gpio.o [1]
  .text               ro code  0x0800492c   0x18c  stm32f1xx_hal_spi_ex.o [1]
  .text               ro code  0x08004ab8   0x630  queue.o [1]
  .text               ro code  0x080050e8    0x24  printf.o [3]
  .text               ro code  0x0800510c   0x41e  SX1278.o [1]
  .text               ro code  0x0800552c    0x32  ABImemset48.o [5]
  .text               ro code  0x0800555e     0x2  stm32f1xx_hal_tim.o [1]
  .text               ro code  0x08005560     0x2  stm32f1xx_hal_tim.o [1]
  .text               ro code  0x08005562     0x2  stm32f1xx_hal_tim.o [1]
  .text               ro code  0x08005564     0x2  stm32f1xx_hal_tim_ex.o [1]
  .text               ro code  0x08005566     0x2  stm32f1xx_hal_tim.o [1]
  .text               ro code  0x08005568     0x2  stm32f1xx_hal_tim_ex.o [1]
  .text               ro code  0x0800556a    0x26  SX1278.o [1]
  .text               ro code  0x08005590    0x3c  SX1278.o [1]
  .text               ro code  0x080055cc    0x20  SX1278.o [1]
  .text               ro code  0x080055ec     0xc  SX1278.o [1]
  .text               ro code  0x080055f8    0x36  SX1278.o [1]
  .text               ro code  0x0800562e    0x1e  SX1278.o [1]
  .text               ro code  0x0800564c    0x66  ABImemset.o [5]
  .text               ro code  0x080056b2    0x1c  SX1278.o [1]
  .text               ro code  0x080056d0   0x60a  stm32f1xx_hal_spi.o [1]
  .text               ro code  0x08005cdc    0x28  stm32f1xx_hal.o [1]
  .text               ro code  0x08005d04    0xd0  stm32f1xx_hal_dma.o [1]
  .text               ro code  0x08005dd4     0x2  stm32f1xx_hal_spi.o [1]
  .text               ro code  0x08005dd6    0xd6  xfspos.o [3]
  .text               ro code  0x08005eac    0xb0  fflush.o [3]
  .text               ro code  0x08005f5c     0xa  xfgpos.o [3]
  .text               ro code  0x08005f66    0x4c  lseek.o [6]
  .text               ro code  0x08005fb4     0xc  errno.o [3]
  .text               ro code  0x08005fc0     0x4  xsyslock_nop.o [3]
  .text               ro code  0x08005fc4    0x10  write.o [6]
  .text               ro code  0x08005fd4    0xcc  XShHandles.o [3]
  .text               ro code  0x080060a0    0x1e  dwrite.o [6]
  .text               ro code  0x080060be    0x20  iarwstd.o [6]
  .text               ro code  0x080060de    0x22  iarwrite.o [6]
  .text               ro code  0x08006100    0x6c  iarttio.o [6]
  .text               ro code  0x0800616c     0x8  XShttio.o [3]
  .text               ro code  0x08006174    0xb8  xfwprep.o [3]
  .text               ro code  0x0800622c    0x22  fseek.o [3]
  .text               ro code  0x08006250    0x80  xfofind.o [3]
  .text               ro code  0x080062d0    0x7a  fclose.o [3]
  .text               ro code  0x0800634a    0x1a  close.o [6]
  .text               ro code  0x08006364    0x16  remove.o [6]
  .text               ro code  0x0800637c    0x68  system_stm32f1xx.o [1]
  .rodata             const    0x080063e4    0x5c  stm32f1xx_hal_cortex.o [1]
  .rodata             const    0x08006440    0x5c  stm32f1xx_hal_gpio.o [1]
  .rodata             const    0x0800649c    0x5c  stm32f1xx_hal_rcc.o [1]
  .rodata             const    0x080064f8    0x5c  stm32f1xx_hal_spi.o [1]
  .rodata             const    0x08006554    0x5c  stm32f1xx_hal_spi_ex.o [1]
  .rodata             const    0x080065b0    0x5c  stm32f1xx_hal_tim.o [1]
  .text               ro code  0x0800660c    0x58  xcloseall.o [3]
  .text               ro code  0x08006664    0x56  fputc.o [3]
  .text               ro code  0x080066ba    0x40  zero_init3.o [5]
  .text               ro code  0x080066fa    0x38  packbits_init_single.o [5]
  .text               ro code  0x08006734    0x34  stm32f1xx_it.o [1]
  .text               ro code  0x08006768    0x28  data_init.o [5]
  .iar.init_table     const    0x08006790    0x20  - Linker created -
  .rodata             const    0x080067b0    0x20  freertos.o [1]
  .rodata             const    0x080067d0    0x1c  freertos.o [1]
  .text               ro code  0x080067ec    0x1a  cmain.o [5]
  .text               ro code  0x08006806     0x4  low_level_init.o [3]
  .text               ro code  0x0800680a     0x4  exit.o [3]
  .text               ro code  0x08006810     0xe  cexit.o [5]
  .text               ro code  0x08006820    0x14  exit.o [6]
  .text               ro code  0x08006834    0x16  xprout.o [3]
  .text               ro code  0x0800684c     0xc  putchar.o [3]
  .rodata             const    0x08006858    0x14  freertos.o [1]
  .rodata             const    0x0800686c    0x14  freertos.o [1]
  .rodata             const    0x08006880    0x14  freertos.o [1]
  .rodata             const    0x08006894    0x10  freertos.o [1]
  .rodata             const    0x080068a4    0x10  stm32f1xx_hal_rcc.o [1]
  .rodata             const    0x080068b4    0x10  system_stm32f1xx.o [1]
  .text               ro code  0x080068c4    0x10  startup_stm32f103xb.o [1]
  .rodata             const    0x080068d4     0xc  freertos.o [1]
  .rodata             const    0x080068e0     0xc  freertos.o [1]
  .rodata             const    0x080068ec     0xc  freertos.o [1]
  .rodata             const    0x080068f8     0xc  SX1278.o [1]
  .text               ro code  0x08006904     0xc  cstartup_M.o [5]
  .rodata             const    0x08006910     0x8  freertos.o [1]
  .rodata             const    0x08006918     0x8  freertos.o [1]
  .rodata             const    0x08006920     0x8  SX1278.o [1]
  .rodata             const    0x08006928     0x8  system_stm32f1xx.o [1]
  .rodata             const    0x08006930     0x8  tasks.o [1]
  .rodata             const    0x08006938     0x4  freertos.o [1]
  .rodata             const    0x0800693c     0x4  heap_4.o [1]
  .rodata             const    0x08006940     0x4  SX1278.o [1]
  .rodata             const    0x08006944     0x4  SX1278.o [1]
  .text               ro code  0x08006948     0x4  startup_stm32f103xb.o [1]
  .text               ro code  0x0800694c     0x4  startup_stm32f103xb.o [1]
  .text               ro code  0x08006950     0x4  startup_stm32f103xb.o [1]
  .text               ro code  0x08006954     0x4  startup_stm32f103xb.o [1]
  .text               ro code  0x08006958     0x4  startup_stm32f103xb.o [1]
  .text               ro code  0x0800695c     0x4  startup_stm32f103xb.o [1]
  .text               ro code  0x08006960     0x4  startup_stm32f103xb.o [1]
  .text               ro code  0x08006964     0x4  startup_stm32f103xb.o [1]
  .text               ro code  0x08006968     0x4  startup_stm32f103xb.o [1]
  .text               ro code  0x0800696c     0x4  startup_stm32f103xb.o [1]
  .text               ro code  0x08006970     0x4  startup_stm32f103xb.o [1]
  .text               ro code  0x08006974     0x4  startup_stm32f103xb.o [1]
  .text               ro code  0x08006978     0x4  startup_stm32f103xb.o [1]
  .text               ro code  0x0800697c     0x4  startup_stm32f103xb.o [1]
  .text               ro code  0x08006980     0x4  startup_stm32f103xb.o [1]
  .text               ro code  0x08006984     0x4  startup_stm32f103xb.o [1]
  .text               ro code  0x08006988     0x4  startup_stm32f103xb.o [1]
  .text               ro code  0x0800698c     0x4  startup_stm32f103xb.o [1]
  .text               ro code  0x08006990     0x4  startup_stm32f103xb.o [1]
  .text               ro code  0x08006994     0x4  startup_stm32f103xb.o [1]
  .text               ro code  0x08006998     0x4  startup_stm32f103xb.o [1]
  .text               ro code  0x0800699c     0x4  startup_stm32f103xb.o [1]
  .text               ro code  0x080069a0     0x4  startup_stm32f103xb.o [1]
  .text               ro code  0x080069a4     0x4  startup_stm32f103xb.o [1]
  .text               ro code  0x080069a8     0x4  startup_stm32f103xb.o [1]
  .text               ro code  0x080069ac     0x4  startup_stm32f103xb.o [1]
  .text               ro code  0x080069b0     0x4  startup_stm32f103xb.o [1]
  .text               ro code  0x080069b4     0x4  startup_stm32f103xb.o [1]
  .text               ro code  0x080069b8     0x4  startup_stm32f103xb.o [1]
  .text               ro code  0x080069bc     0x4  startup_stm32f103xb.o [1]
  .text               ro code  0x080069c0     0x4  startup_stm32f103xb.o [1]
  .text               ro code  0x080069c4     0x4  startup_stm32f103xb.o [1]
  .text               ro code  0x080069c8     0x4  startup_stm32f103xb.o [1]
  .text               ro code  0x080069cc     0x4  startup_stm32f103xb.o [1]
  .text               ro code  0x080069d0     0x4  startup_stm32f103xb.o [1]
  .text               ro code  0x080069d4     0x4  startup_stm32f103xb.o [1]
  .text               ro code  0x080069d8     0x4  startup_stm32f103xb.o [1]
  .text               ro code  0x080069dc     0x4  startup_stm32f103xb.o [1]
  .text               ro code  0x080069e0     0x4  startup_stm32f103xb.o [1]
  .text               ro code  0x080069e4     0x4  startup_stm32f103xb.o [1]
  .text               ro code  0x080069e8     0x0  cstart_closeall.o [5]
  .rodata             const    0x080069e8     0x0  zero_init3.o [5]
  .rodata             const    0x080069e8     0x0  packbits_init_single.o [5]
  Initializer bytes   const    0x080069e8    0x8e  <for P2-1>
                             - 0x08006a76  0x698a

"P2", part 1 of 3:                          0x1f1
  P2-1                         0x20000000   0x1f1  <Init block>
    .data             inited   0x20000000     0x4  port.o [1]
    .data             inited   0x20000004     0x4  system_stm32f1xx.o [1]
    .data             inited   0x20000008    0x40  xfiles.o [3]
    .data             inited   0x20000048    0x40  xfiles.o [3]
    .data             inited   0x20000088    0x40  xfiles.o [3]
    .data             inited   0x200000c8    0x20  xfiles.o [3]
    .data             inited   0x200000e8     0x8  XShttio.o [3]
    __DLIB_PERTHREAD  inited   0x200000f0    0x88  localeconv.o [3]
    __DLIB_PERTHREAD  inited   0x20000178    0x74  setlocale.o [3]
    __DLIB_PERTHREAD  inited   0x200001ec     0x4  errno.o [3]
    .data             inited   0x200001f0     0x1  stm32f1xx_hal.o [1]
                             - 0x200001f1   0x1f1

"P2", part 2 of 3:                          0x600
  CSTACK                       0x200001f8   0x400  <Block>
    CSTACK            uninit   0x200001f8   0x400  <Block tail>
  HEAP                         0x200005f8   0x200  <Block>
    HEAP              uninit   0x200005f8   0x200  <Block tail>
                             - 0x200007f8   0x600

"P2", part 3 of 3:                          0xf24
  .bss                zero     0x200007f8   0xc00  heap_4.o [1]
  .bss                zero     0x200013f8    0x8c  tasks.o [1]
  .bss                zero     0x20001484    0x80  XShHandles.o [3]
  .bss                zero     0x20001504    0x58  spi.o [1]
  .bss                zero     0x2000155c    0x50  xfiles.o [3]
  .bss                zero     0x200015ac    0x50  xfiles.o [3]
  .bss                zero     0x200015fc    0x40  stm32f1xx_hal_timebase_tim.o [1]
  .bss                zero     0x2000163c    0x14  tasks.o [1]
  .bss                zero     0x20001650    0x14  tasks.o [1]
  .bss                zero     0x20001664    0x14  tasks.o [1]
  .bss                zero     0x20001678    0x14  tasks.o [1]
  .bss                zero     0x2000168c    0x14  tasks.o [1]
  .bss                zero     0x200016a0     0x8  heap_4.o [1]
  .bss                zero     0x200016a8     0x8  xxmemxmalloc.o [3]
  .bss                zero     0x200016b0     0x4  freertos.o [1]
  .bss                zero     0x200016b4     0x4  freertos.o [1]
  .bss                zero     0x200016b8     0x4  freertos.o [1]
  .bss                zero     0x200016bc     0x4  freertos.o [1]
  .bss                zero     0x200016c0     0x4  heap_4.o [1]
  .bss                zero     0x200016c4     0x4  heap_4.o [1]
  .bss                zero     0x200016c8     0x4  heap_4.o [1]
  .bss                zero     0x200016cc     0x4  heap_4.o [1]
  .bss                zero     0x200016d0     0x4  port.o [1]
  .bss                zero     0x200016d4     0x4  stm32f1xx_hal.o [1]
  .bss                zero     0x200016d8     0x4  tasks.o [1]
  .bss                zero     0x200016dc     0x4  tasks.o [1]
  .bss                zero     0x200016e0     0x4  tasks.o [1]
  .bss                zero     0x200016e4     0x4  tasks.o [1]
  .bss                zero     0x200016e8     0x4  tasks.o [1]
  .bss                zero     0x200016ec     0x4  tasks.o [1]
  .bss                zero     0x200016f0     0x4  tasks.o [1]
  .bss                zero     0x200016f4     0x4  tasks.o [1]
  .bss                zero     0x200016f8     0x4  tasks.o [1]
  .bss                zero     0x200016fc     0x4  tasks.o [1]
  .bss                zero     0x20001700     0x4  tasks.o [1]
  .bss                zero     0x20001704     0x4  tasks.o [1]
  .bss                zero     0x20001708     0x4  tasks.o [1]
  .bss                zero     0x2000170c     0x4  tasks.o [1]
  .bss                zero     0x20001710     0x4  tasks.o [1]
  .bss                zero     0x20001714     0x4  xgetmemchunk.o [3]
  .bss                zero     0x20001718     0x1  port.o [1]
                             - 0x20001719   0xf21


*******************************************************************************
*** INIT TABLE
***

          Address     Size
          -------     ----
Zero (__iar_zero_init3)
    1 destination range, total size 0xf21:
          0x200007f8  0xf21

Copy/packbits (__iar_packbits_init_single3)
    1 source range, total size 0x8e (28% of destination):
          0x080069e8   0x8e
    1 destination range, total size 0x1f1:
          0x20000000  0x1f1



*******************************************************************************
*** MODULE SUMMARY
***

    Module                        ro code  ro data  rw data
    ------                        -------  -------  -------
C:\Users\MrZang\IAR_prj\ventilation\EWARM\Debug\Obj: [1]
    SX1278.o                        1 308       28
    cmsis_os.o                        102
    freertos.o                        560      192       16
    gpio.o                            296
    heap_4.o                          644        4    3 096
    list.o                            158
    main.o                            164
    port.o                            424        1        9
    portasm.o                         136
    queue.o                         1 584
    spi.o                             240                88
    startup_stm32f103xb.o             412
    stm32f1xx_hal.o                   116        1        5
    stm32f1xx_hal_cortex.o            320       92
    stm32f1xx_hal_dma.o               208
    stm32f1xx_hal_gpio.o            1 130       92
    stm32f1xx_hal_msp.o                96
    stm32f1xx_hal_rcc.o             2 556      110
    stm32f1xx_hal_spi.o             1 548       92
    stm32f1xx_hal_spi_ex.o            396       92
    stm32f1xx_hal_tim.o               806       92
    stm32f1xx_hal_tim_ex.o              4
    stm32f1xx_hal_timebase_tim.o      144                64
    stm32f1xx_it.o                     52
    system_stm32f1xx.o                104       25        4
    tasks.o                         2 764        8      300
    -------------------------------------------------------
    Total:                         16 272      829    3 582

command line: [2]
    -------------------------------------------------------
    Total:

dl7M_tlf.a: [3]
    XShHandles.o                      204               128
    XShttio.o                           8        2        8
    div.o                              14
    errno.o                            12        1        4
    exit.o                              4
    fclose.o                          122
    fflush.o                          176
    fputc.o                            86
    fseek.o                            34
    localeconv.o                      108       39      136
    low_level_init.o                    4
    printf.o                           36
    putchar.o                          12
    setlocale.o                        20       33      116
    xcloseall.o                        88
    xencoding_sb.o                     96
    xfgpos.o                           10
    xfiles.o                                    64      384
    xfofind.o                         128
    xfspos.o                          214
    xfwprep.o                         184
    xgetmemchunk.o                     44                 4
    xmbcurmax.o                        10
    xmbtowc.o                          32
    xprintffull.o                   4 490
    xprout.o                           22
    xsyslock_nop.o                      4
    xtls.o                              2
    xwctomb.o                          26
    xxmemxfree.o                      128
    xxmemxmalloc.o                    176                 8
    -------------------------------------------------------
    Total:                          6 494      139      788

m7M_tl.a: [4]
    DblAdd.o                          212
    DblCmpGe.o                         46
    DblCmpLe.o                         46
    DblDiv.o                          598
    DblMul.o                          418
    DblSub.o                          384
    DblToI32.o                         88
    I32ToDbl.o                         48
    xdnorm.o                           68
    xdscale.o                         268
    -------------------------------------------------------
    Total:                          2 176

rt7M_tl.a: [5]
    ABImemclr4.o                        6
    ABImemcpy_unaligned.o             118
    ABImemset.o                       102
    ABImemset48.o                      50
    I64DivMod.o                       238
    I64DivZer.o                         2
    cexit.o                            14
    cmain.o                            26
    cstart_closeall.o
    cstartup_M.o                       12
    data_init.o                        40
    memchr.o                           88
    packbits_init_single.o             56
    strchr.o                           22
    strlen.o                           54
    zero_init3.o                       64
    -------------------------------------------------------
    Total:                            892

shb_l.a: [6]
    close.o                            26
    dwrite.o                           30
    exit.o                             20
    iarttio.o                         108
    iarwrite.o                         34
    iarwstd.o                          32
    lseek.o                            76
    remove.o                           22
    write.o                            16
    -------------------------------------------------------
    Total:                            364

    Gaps                               56
    Linker created                              32    1 536
-----------------------------------------------------------
    Grand Total:                   26 254    1 000    5 906


*******************************************************************************
*** ENTRY LIST
***

Entry                      Address   Size  Type      Object
-----                      -------   ----  ----      ------
.iar.init_table$$Base   0x08006790          --   Gb  - Linker created -
.iar.init_table$$Limit  0x080067b0          --   Gb  - Linker created -
?main                   0x080067ed         Code  Gb  cmain.o [5]
AHBPrescTable           0x080068b4   0x10  Data  Gb  system_stm32f1xx.o [1]
APBPrescTable           0x08006928    0x8  Data  Gb  system_stm32f1xx.o [1]
BusFault_Handler        0x0800673b    0x2  Code  Gb  stm32f1xx_it.o [1]
CSTACK$$Base            0x200001f8          --   Gb  - Linker created -
CSTACK$$Limit           0x200005f8          --   Gb  - Linker created -
DebugMon_Handler        0x0800673f    0x2  Code  Gb  stm32f1xx_it.o [1]
EXTI15_10_IRQHandler    0x0800675d    0xc  Code  Gb  stm32f1xx_it.o [1]
Error_Handler           0x08003a69    0x2  Code  Gb  main.o [1]
FanHandle               0x200016b8    0x4  Data  Gb  freertos.o [1]
HAL_DMA_Abort_IT        0x08005d05   0xb4  Code  Gb  stm32f1xx_hal_dma.o [1]
HAL_Delay               0x08005cdd   0x28  Code  Wk  stm32f1xx_hal.o [1]
HAL_GPIO_EXTI_Callback  0x08004929    0x2  Code  Wk  stm32f1xx_hal_gpio.o [1]
HAL_GPIO_EXTI_IRQHandler
                        0x080048bd   0x1e  Code  Gb  stm32f1xx_hal_gpio.o [1]
HAL_GPIO_Init           0x080044c1  0x38c  Code  Gb  stm32f1xx_hal_gpio.o [1]
HAL_GPIO_ReadPin        0x0800484d   0x2e  Code  Gb  stm32f1xx_hal_gpio.o [1]
HAL_GPIO_WritePin       0x0800487b   0x42  Code  Gb  stm32f1xx_hal_gpio.o [1]
HAL_GetTick             0x08003a6d    0xc  Code  Wk  stm32f1xx_hal.o [1]
HAL_IncTick             0x08003fe9   0x18  Code  Wk  stm32f1xx_hal.o [1]
HAL_Init                0x08003b09   0x22  Code  Gb  stm32f1xx_hal.o [1]
HAL_InitTick            0x08003a79   0x80  Code  Gb  stm32f1xx_hal_timebase_tim.o [1]
HAL_MspInit             0x08004461   0x60  Code  Gb  stm32f1xx_hal_msp.o [1]
HAL_NVIC_EnableIRQ      0x0800410d   0x1c  Code  Gb  stm32f1xx_hal_cortex.o [1]
HAL_NVIC_SetPriority    0x080040cf   0x3e  Code  Gb  stm32f1xx_hal_cortex.o [1]
HAL_NVIC_SetPriorityGrouping
                        0x080040a7   0x28  Code  Gb  stm32f1xx_hal_cortex.o [1]
HAL_RCC_ClockConfig     0x080035a9  0x2be  Code  Gb  stm32f1xx_hal_rcc.o [1]
HAL_RCC_GetClockConfig  0x080038fb   0x5c  Code  Gb  stm32f1xx_hal_rcc.o [1]
HAL_RCC_GetHCLKFreq     0x080038df    0x6  Code  Gb  stm32f1xx_hal_rcc.o [1]
HAL_RCC_GetPCLK2Freq    0x080038e5   0x16  Code  Gb  stm32f1xx_hal_rcc.o [1]
HAL_RCC_GetSysClockFreq
                        0x08003867   0x78  Code  Gb  stm32f1xx_hal_rcc.o [1]
HAL_RCC_OscConfig       0x08002fcd  0x5dc  Code  Gb  stm32f1xx_hal_rcc.o [1]
HAL_SPI_ErrorCallback   0x08005dd5    0x2  Code  Wk  stm32f1xx_hal_spi.o [1]
HAL_SPI_GetState        0x08005bef    0x6  Code  Gb  stm32f1xx_hal_spi.o [1]
HAL_SPI_IRQHandler      0x08005af5   0xfa  Code  Gb  stm32f1xx_hal_spi.o [1]
HAL_SPI_Init            0x0800492d  0x18c  Code  Gb  stm32f1xx_hal_spi_ex.o [1]
HAL_SPI_MspInit         0x08003cb7   0x82  Code  Gb  spi.o [1]
HAL_SPI_Transmit        0x080056d1  0x1d4  Code  Gb  stm32f1xx_hal_spi.o [1]
HAL_SPI_TransmitReceive
                        0x080058a5  0x24a  Code  Gb  stm32f1xx_hal_spi.o [1]
HAL_TIMEx_BreakCallback
                        0x08005565    0x2  Code  Wk  stm32f1xx_hal_tim_ex.o [1]
HAL_TIMEx_CommutationCallback
                        0x08005569    0x2  Code  Wk  stm32f1xx_hal_tim_ex.o [1]
HAL_TIM_Base_Init       0x08004141   0xc6  Code  Gb  stm32f1xx_hal_tim.o [1]
HAL_TIM_Base_MspInit    0x0800445d    0x2  Code  Wk  stm32f1xx_hal_tim.o [1]
HAL_TIM_Base_Start_IT   0x08004207   0x52  Code  Gb  stm32f1xx_hal_tim.o [1]
HAL_TIM_IC_CaptureCallback
                        0x0800555f    0x2  Code  Wk  stm32f1xx_hal_tim.o [1]
HAL_TIM_IRQHandler      0x0800426d  0x176  Code  Gb  stm32f1xx_hal_tim.o [1]
HAL_TIM_OC_DelayElapsedCallback
                        0x08005561    0x2  Code  Wk  stm32f1xx_hal_tim.o [1]
HAL_TIM_PWM_PulseFinishedCallback
                        0x08005563    0x2  Code  Wk  stm32f1xx_hal_tim.o [1]
HAL_TIM_PeriodElapsedCallback
                        0x08003a53   0x12  Code  Gb  main.o [1]
HAL_TIM_TriggerCallback
                        0x08005567    0x2  Code  Wk  stm32f1xx_hal_tim.o [1]
HEAP$$Base              0x200005f8          --   Gb  - Linker created -
HEAP$$Limit             0x200007f8          --   Gb  - Linker created -
HardFault_Handler       0x08006737    0x2  Code  Gb  stm32f1xx_it.o [1]
LoRaHandle              0x200016b4    0x4  Data  Gb  freertos.o [1]
LoadInt                 0x08000753   0x6e  Code  Lc  xprintffull.o [3]
MX_FREERTOS_Init        0x08003d49   0x58  Code  Gb  freertos.o [1]
MX_GPIO_Init            0x08003b31  0x128  Code  Gb  gpio.o [1]
MX_SPI1_Init            0x08003c59   0x5e  Code  Gb  spi.o [1]
MemManage_Handler       0x08006739    0x2  Code  Gb  stm32f1xx_it.o [1]
NMI_Handler             0x08006735    0x2  Code  Gb  stm32f1xx_it.o [1]
NVIC_EnableIRQ          0x0800402f   0x14  Code  Lc  stm32f1xx_hal_cortex.o [1]
NVIC_EncodePriority     0x08004069   0x3e  Code  Lc  stm32f1xx_hal_cortex.o [1]
NVIC_GetPriorityGrouping
                        0x08004025    0xa  Code  Lc  stm32f1xx_hal_cortex.o [1]
NVIC_SetPriority        0x08004043   0x26  Code  Lc  stm32f1xx_hal_cortex.o [1]
NVIC_SetPriorityGrouping
                        0x08004001   0x24  Code  Lc  stm32f1xx_hal_cortex.o [1]
PendSV_Handler          0x08002f45         Code  Gb  portasm.o [1]
RCC_Delay               0x08003961   0x26  Code  Lc  stm32f1xx_hal_rcc.o [1]
Region$$Table$$Base     0x08006790          --   Gb  - Linker created -
Region$$Table$$Limit    0x080067b0          --   Gb  - Linker created -
SPI1_IRQHandler         0x0800674b    0xa  Code  Gb  stm32f1xx_it.o [1]
SPI_CheckFlag_BSY       0x08005caf   0x2c  Code  Lc  stm32f1xx_hal_spi.o [1]
SPI_DMAAbortOnError     0x08005bf5   0x16  Code  Lc  stm32f1xx_hal_spi.o [1]
SPI_WaitFlagStateUntilTimeout
                        0x08005c0d   0xa2  Code  Lc  stm32f1xx_hal_spi.o [1]
SVC_Handler             0x08002f8b         Code  Gb  portasm.o [1]
SX1278_Frequency        0x08006940    0x4  Data  Lc  SX1278.o [1]
SX1278_LoRaBandwidth    0x080068f8    0xc  Data  Lc  SX1278.o [1]
SX1278_LoRaEntryRx      0x080053a9   0xa4  Code  Gb  SX1278.o [1]
SX1278_LoRaRxPacket     0x0800544d   0x74  Code  Gb  SX1278.o [1]
SX1278_Power            0x08006944    0x4  Data  Lc  SX1278.o [1]
SX1278_SPIBurstRead     0x08005163   0x54  Code  Gb  SX1278.o [1]
SX1278_SPIBurstWrite    0x080051b7   0x56  Code  Gb  SX1278.o [1]
SX1278_SPIRead          0x0800510d   0x26  Code  Gb  SX1278.o [1]
SX1278_SPIWrite         0x08005133   0x30  Code  Gb  SX1278.o [1]
SX1278_SpreadFactor     0x08006920    0x8  Data  Lc  SX1278.o [1]
SX1278_begin            0x080054c1   0x2e  Code  Gb  SX1278.o [1]
SX1278_clearLoRaIrq     0x08005399   0x10  Code  Gb  SX1278.o [1]
SX1278_config           0x08005225  0x12a  Code  Gb  SX1278.o [1]
SX1278_defaultConfig    0x0800520d   0x18  Code  Gb  SX1278.o [1]
SX1278_entryLoRa        0x08005389   0x10  Code  Gb  SX1278.o [1]
SX1278_hw_DelayMs       0x080055ed    0xc  Code  Wk  SX1278.o [1]
SX1278_hw_GetDIO0       0x0800562f   0x1e  Code  Wk  SX1278.o [1]
SX1278_hw_Reset         0x080055f9   0x36  Code  Wk  SX1278.o [1]
SX1278_hw_SPICommand    0x0800556b   0x26  Code  Wk  SX1278.o [1]
SX1278_hw_SPIReadByte   0x08005591   0x3c  Code  Wk  SX1278.o [1]
SX1278_hw_SetNSS        0x080055cd   0x20  Code  Wk  SX1278.o [1]
SX1278_hw_init          0x080056b3   0x1c  Code  Wk  SX1278.o [1]
SX1278_read             0x080054ef   0x3c  Code  Gb  SX1278.o [1]
SX1278_sleep            0x08005375   0x14  Code  Gb  SX1278.o [1]
SX1278_standby          0x08005361   0x14  Code  Gb  SX1278.o [1]
SpeedQueue_handle       0x200016b0    0x4  Data  Lc  freertos.o [1]
StartLoRa               0x08003da1   0xe6  Code  Gb  freertos.o [1]
StartMcuWork            0x08003f0b   0x2e  Code  Gb  freertos.o [1]
StartTaskFan            0x08003e87   0x84  Code  Gb  freertos.o [1]
SysTick_Handler         0x08002edb   0x28  Code  Gb  port.o [1]
SystemClock_Config      0x080039e5   0x6e  Code  Gb  main.o [1]
SystemCoreClock         0x20000004    0x4  Data  Gb  system_stm32f1xx.o [1]
SystemInit              0x0800637d   0x4e  Code  Gb  system_stm32f1xx.o [1]
TIM1_UP_IRQHandler      0x08006741    0xa  Code  Gb  stm32f1xx_it.o [1]
TIM_Base_SetConfig      0x080043e3   0x6e  Code  Gb  stm32f1xx_hal_tim.o [1]
UsageFault_Handler      0x0800673d    0x2  Code  Gb  stm32f1xx_it.o [1]
_Close_all              0x0800660d   0x58  Code  Gb  xcloseall.o [3]
_EncodingSb_Mbtowc      0x08001e5f   0x30  Code  Gb  xencoding_sb.o [3]
_EncodingSb_Mbtowc::initial
                        0x08001e9c    0x8  Data  Lc  xencoding_sb.o [3]
_EncodingSb_Wctomb      0x08001e45   0x1a  Code  Gb  xencoding_sb.o [3]
_EncodingSb_Wctomb::initial
                        0x08001e94    0x8  Data  Lc  xencoding_sb.o [3]
_Files                  0x200000c8   0x20  Data  Gb  xfiles.o [3]
_Fofree                 0x08006251   0x78  Code  Gb  xfofind.o [3]
_Fspos                  0x08005dd7   0xd6  Code  Gb  xfspos.o [3]
_Fwprep                 0x08006175   0xb8  Code  Gb  xfwprep.o [3]
_GenldFull              0x08000fd9  0x254  Code  Lc  xprintffull.o [3]
_IsdstStr               0x2000017c    0x4  Data  Gb  setlocale.o [3]
_LdtobFull              0x08000bd9  0x3fa  Code  Lc  xprintffull.o [3]
_LitobFull              0x08000acd  0x10a  Code  Lc  xprintffull.o [3]
_LocaleEncoding         0x08001e31    0xe  Code  Gb  setlocale.o [3]
_LocaleReturnString     0x2000019c   0x50  Data  Lc  setlocale.o [3]
_Locale_Profile         0x20000180   0x1c  Data  Gb  setlocale.o [3]
_Locale_aeabi_lconv     0x20000140   0x38  Data  Gb  localeconv.o [3]
_Locale_lconv           0x200000f0   0x50  Data  Gb  localeconv.o [3]
_Mbtowc                 0x08001277   0x20  Code  Gb  xmbtowc.o [3]
_Nnl                    0x08005f5d    0xa  Code  Gb  xfgpos.o [3]
_PrintfFull             0x080000ed  0x650  Code  Gb  xprintffull.o [3]
_Prout                  0x08006835   0x16  Code  Gb  xprout.o [3]
_PutcharsFull           0x0800122d   0x2e  Code  Lc  xprintffull.o [3]
_PutstrFull             0x080007c1  0x306  Code  Lc  xprintffull.o [3]
_TzoneStr               0x20000178    0x4  Data  Gb  setlocale.o [3]
_Wctomb                 0x080013fd   0x1a  Code  Gb  xwctomb.o [3]
__aeabi_cdcmple         0x08001645         Code  Gb  DblCmpLe.o [4]
__aeabi_cdrcmple        0x08001675         Code  Gb  DblCmpGe.o [4]
__aeabi_d2iz            0x080017b1         Code  Gb  DblToI32.o [4]
__aeabi_d2uiz           0x080017dd         Code  Gb  DblToI32.o [4]
__aeabi_ddiv            0x08001b5d         Code  Gb  DblDiv.o [4]
__aeabi_dmul            0x080019b9         Code  Gb  DblMul.o [4]
__aeabi_dsub            0x08001839         Code  Gb  DblSub.o [4]
__aeabi_errno_addr      0x08005fb5    0x6  Code  Gb  errno.o [3]
__aeabi_i2d             0x08001809         Code  Gb  I32ToDbl.o [4]
__aeabi_ldiv0           0x08001ed1         Code  Gb  I64DivZer.o [5]
__aeabi_memclr4         0x08003fe1         Code  Gb  ABImemclr4.o [5]
__aeabi_memset          0x0800564d         Code  Gb  ABImemset.o [5]
__aeabi_ui2d            0x0800181d         Code  Gb  I32ToDbl.o [4]
__aeabi_uldivmod        0x08001511         Code  Gb  I64DivMod.o [5]
__cexit_closeall        0x08006813         Code  Gb  cexit.o [5]
__close                 0x0800634b   0x1a  Code  Gb  close.o [6]
__cmain                 0x080067ed         Code  Gb  cmain.o [5]
__cstart_closeall       0x080069e8         Data  Gb  cstart_closeall.o [5]
__data_Aldata           0x200016a8    0x8  Data  Gb  xxmemxmalloc.o [3]
__data_GetMemChunk      0x08001ea5   0x2c  Code  Gb  xgetmemchunk.o [3]
__data_GetMemChunk::start
                        0x20001714    0x4  Data  Lc  xgetmemchunk.o [3]
__dwrite                0x080060a1   0x1e  Code  Gb  dwrite.o [6]
__exit                  0x08006821   0x14  Code  Gb  exit.o [6]
__iar_Dnorm             0x080015ff   0x44  Code  Gb  xdnorm.o [4]
__iar_Dscale            0x080016a5  0x10c  Code  Gb  xdscale.o [4]
__iar_Errno             0x200001ec    0x4  Data  Gb  errno.o [3]
__iar_Locale_lconv_init
                        0x08001db5   0x3a  Code  Gb  localeconv.o [3]
__iar_Lockfilelock      0x08005fc1    0x2  Code  Gb  xsyslock_nop.o [3]
__iar_Mbcurmax          0x08001341    0xa  Code  Gb  xmbcurmax.o [3]
__iar_Memchr            0x080012e9         Code  Gb  memchr.o [5]
__iar_Memset            0x0800564d         Code  Gb  ABImemset.o [5]
__iar_Memset4_word      0x0800552d         Code  Gb  ABImemset48.o [5]
__iar_Memset8_word      0x0800552d         Code  Gb  ABImemset48.o [5]
__iar_Memset_word       0x08005655         Code  Gb  ABImemset.o [5]
__iar_Stderr            0x20000088   0x40  Data  Gb  xfiles.o [3]
__iar_Stdin             0x20000008   0x40  Data  Gb  xfiles.o [3]
__iar_Stdout            0x20000048   0x40  Data  Gb  xfiles.o [3]
__iar_Strchr            0x08001299         Code  Gb  strchr.o [5]
__iar_Unlockfilelock    0x08005fc3    0x2  Code  Gb  xsyslock_nop.o [3]
__iar_close_ttio        0x08006101   0x2e  Code  Gb  iarttio.o [6]
__iar_d2uiz             0x080017e9         Code  Gb  DblToI32.o [4]
__iar_dadd              0x08001ed5         Code  Gb  DblAdd.o [4]
__iar_data_init3        0x08006769   0x28  Code  Gb  data_init.o [5]
__iar_dlib_perthread_access
                        0x08001fa9    0x2  Code  Gb  xtls.o [3]
__iar_dsub              0x0800184d         Code  Gb  DblSub.o [4]
__iar_dsubStart         0x0800185f         Code  Gb  DblSub.o [4]
__iar_get_ttio          0x08006131   0x38  Code  Gb  iarttio.o [6]
__iar_lookup_ttioh      0x0800616d    0x8  Code  Gb  XShttio.o [3]
__iar_packbits_init_single3
                        0x080066fb   0x38  Code  Gb  packbits_init_single.o [5]
__iar_program_start     0x08006905         Code  Gb  cstartup_M.o [5]
__iar_sh_Discard        0x08005fd5   0x3e  Code  Gb  XShHandles.o [3]
__iar_sh_Move           0x08006019   0x46  Code  Gb  XShHandles.o [3]
__iar_sh_Pos            0x0800605f   0x3e  Code  Gb  XShHandles.o [3]
__iar_sh_stdout         0x080060bf   0x20  Code  Gb  iarwstd.o [6]
__iar_sh_write          0x080060df   0x22  Code  Gb  iarwrite.o [6]
__iar_ttio_handles      0x200000e8    0x8  Data  Lc  XShttio.o [3]
__iar_ui2d              0x08001821         Code  Gb  I32ToDbl.o [4]
__iar_unaligned___aeabi_memcpy
                        0x08001419         Code  Gb  ABImemcpy_unaligned.o [5]
__iar_unaligned___aeabi_memcpy4
                        0x08001439         Code  Gb  ABImemcpy_unaligned.o [5]
__iar_unaligned___aeabi_memcpy8
                        0x08001439         Code  Gb  ABImemcpy_unaligned.o [5]
__iar_zero_init3        0x080066bb   0x40  Code  Gb  zero_init3.o [5]
__low_level_init        0x08006807    0x4  Code  Gb  low_level_init.o [3]
__lseek                 0x08005f67   0x4c  Code  Gb  lseek.o [6]
__vector_table          0x08000000         Data  Gb  startup_stm32f103xb.o [1]
__write                 0x08005fc5   0x10  Code  Gb  write.o [6]
_call_main              0x080067f9         Code  Gb  cmain.o [5]
_exit                   0x08006811         Code  Gb  cexit.o [5]
_main                   0x08006803         Code  Gb  cmain.o [5]
assert_failed           0x08003a6b    0x2  Code  Gb  main.o [1]
div                     0x08001e21    0xe  Code  Gb  div.o [3]
ebuf                    0x2000155c   0x50  Data  Lc  xfiles.o [3]
exit                    0x0800680b    0x4  Code  Gb  exit.o [3]
fclose                  0x080062d1   0x7a  Code  Gb  fclose.o [3]
fflush                  0x08005f23   0x34  Code  Gb  fflush.o [3]
fflushOne               0x08005ead   0x76  Code  Lc  fflush.o [3]
fputc                   0x08006665   0x56  Code  Gb  fputc.o [3]
free                    0x08001491   0x7a  Code  Gb  xxmemxfree.o [3]
fseek                   0x0800622d   0x22  Code  Gb  fseek.o [3]
hspi1                   0x20001504   0x58  Data  Gb  spi.o [1]
htim1                   0x200015fc   0x40  Data  Gb  stm32f1xx_hal_timebase_tim.o [1]
localeconv              0x08001def   0x16  Code  Gb  localeconv.o [3]
main                    0x080039c9   0x1c  Code  Gb  main.o [1]
makeFreeRtosPriority    0x08003f79   0x12  Code  Lc  cmsis_os.o [1]
malloc                  0x0800134d   0xac  Code  Gb  xxmemxmalloc.o [3]
mcuWorkHandle           0x200016bc    0x4  Data  Gb  freertos.o [1]
memchr                  0x080012e9         Code  Gb  memchr.o [5]
obuf                    0x200015ac   0x50  Data  Lc  xfiles.o [3]
osDelay                 0x08003fc3   0x1c  Code  Gb  cmsis_os.o [1]
osKernelStart           0x08003f8b    0xa  Code  Gb  cmsis_os.o [1]
osThreadCreate          0x08003f95   0x2e  Code  Gb  cmsis_os.o [1]
printf                  0x080050e9   0x24  Code  Gb  printf.o [3]
prvAddCurrentTaskToDelayedList
                        0x080029b1   0x82  Code  Lc  tasks.o [1]
prvAddNewTaskToReadyList
                        0x080020f9   0xb8  Code  Lc  tasks.o [1]
prvCheckTasksWaitingTermination
                        0x08002729   0x66  Code  Lc  tasks.o [1]
prvCopyDataFromQueue    0x08005003   0x30  Code  Lc  queue.o [1]
prvCopyDataToQueue      0x08004f65   0x9e  Code  Lc  queue.o [1]
prvDeleteTCB            0x0800278f   0x12  Code  Lc  tasks.o [1]
prvHeapInit             0x08002c0d   0x6e  Code  Lc  heap_4.o [1]
prvIdleTask             0x080026a1   0x24  Code  Lc  tasks.o [1]
prvInitialiseNewQueue   0x08004ba5   0x32  Code  Lc  queue.o [1]
prvInitialiseNewTask    0x08002031   0xc8  Code  Lc  tasks.o [1]
prvInitialiseTaskLists  0x080026c9   0x56  Code  Lc  tasks.o [1]
prvInsertBlockIntoFreeList
                        0x08002c7b   0x62  Code  Lc  heap_4.o [1]
prvIsQueueEmpty         0x080050a1   0x20  Code  Lc  queue.o [1]
prvIsQueueFull          0x080050c1   0x22  Code  Lc  queue.o [1]
prvResetNextTaskUnblockTime
                        0x080027a1   0x2e  Code  Lc  tasks.o [1]
prvTaskExitError        0x08002dbd   0x2a  Code  Lc  port.o [1]
prvUnlockQueue          0x08005033   0x6e  Code  Lc  queue.o [1]
putchar                 0x0800684d    0xc  Code  Gb  putchar.o [3]
pvPortMalloc            0x08002a79  0x11a  Code  Gb  heap_4.o [1]
pvTaskIncrementMutexHeldCount
                        0x08002965   0x1e  Code  Gb  tasks.o [1]
pxCurrentTCB            0x200016d8    0x4  Data  Gb  tasks.o [1]
pxDelayedTaskList       0x200016dc    0x4  Data  Lc  tasks.o [1]
pxEnd                   0x200016c0    0x4  Data  Lc  heap_4.o [1]
pxOverflowDelayedTaskList
                        0x200016e0    0x4  Data  Lc  tasks.o [1]
pxPortInitialiseStack   0x08002d9d   0x20  Code  Gb  port.o [1]
pxReadyTasksLists       0x200013f8   0x8c  Data  Lc  tasks.o [1]
remove                  0x08006365   0x16  Code  Gb  remove.o [6]
sFileInfo               0x20001484   0x80  Data  Lc  XShHandles.o [3]
strchr                  0x08001299         Code  Gb  strchr.o [5]
strlen                  0x080012b1         Code  Gb  strlen.o [5]
ucHeap                  0x200007f8  0xc00  Data  Lc  heap_4.o [1]
ucMaxSysCallPriority    0x20001718    0x1  Data  Lc  port.o [1]
ulMaxPRIGROUPValue      0x200016d0    0x4  Data  Lc  port.o [1]
uwTick                  0x200016d4    0x4  Data  Gb  stm32f1xx_hal.o [1]
uwTickFreq              0x200001f0    0x1  Data  Gb  stm32f1xx_hal.o [1]
uxCriticalNesting       0x20000000    0x4  Data  Lc  port.o [1]
uxCurrentNumberOfTasks  0x200016e8    0x4  Data  Lc  tasks.o [1]
uxDeletedTasksWaitingCleanUp
                        0x200016e4    0x4  Data  Lc  tasks.o [1]
uxListRemove            0x08002d73   0x28  Code  Gb  list.o [1]
uxPendedTicks           0x200016f8    0x4  Data  Lc  tasks.o [1]
uxSchedulerSuspended    0x20001710    0x4  Data  Lc  tasks.o [1]
uxTaskNumber            0x20001704    0x4  Data  Lc  tasks.o [1]
uxTopReadyPriority      0x200016f0    0x4  Data  Lc  tasks.o [1]
vListInitialise         0x08002cfd   0x1e  Code  Gb  list.o [1]
vListInitialiseItem     0x08002d1b    0x6  Code  Gb  list.o [1]
vListInsert             0x08002d39   0x3a  Code  Gb  list.o [1]
vListInsertEnd          0x08002d21   0x18  Code  Gb  list.o [1]
vPortEnterCritical      0x08002e6f   0x3a  Code  Gb  port.o [1]
vPortExitCritical       0x08002ea9   0x32  Code  Gb  port.o [1]
vPortFree               0x08002b93   0x7a  Code  Gb  heap_4.o [1]
vPortSetupTimerInterrupt
                        0x08002f1d   0x28  Code  Wk  port.o [1]
vPortStartFirstTask     0x08002fab         Code  Gb  portasm.o [1]
vTaskDelay              0x080021b1   0x4e  Code  Gb  tasks.o [1]
vTaskMissedYield        0x0800268b    0xa  Code  Gb  tasks.o [1]
vTaskPlaceOnEventList   0x0800251b   0x34  Code  Gb  tasks.o [1]
vTaskPriorityInherit    0x080027fb   0xaa  Code  Gb  tasks.o [1]
vTaskSetTimeOutState    0x080025d3   0x26  Code  Gb  tasks.o [1]
vTaskStartScheduler     0x080021ff   0x68  Code  Gb  tasks.o [1]
vTaskSuspendAll         0x08002267   0x10  Code  Gb  tasks.o [1]
vTaskSwitchContext      0x080024a7   0x74  Code  Gb  tasks.o [1]
xBlockAllocatedBit      0x200016cc    0x4  Data  Lc  heap_4.o [1]
xDelayedTaskList1       0x2000163c   0x14  Data  Lc  tasks.o [1]
xDelayedTaskList2       0x20001650   0x14  Data  Lc  tasks.o [1]
xFreeBytesRemaining     0x200016c4    0x4  Data  Lc  heap_4.o [1]
xHeapStructSize         0x0800693c    0x4  Data  Lc  heap_4.o [1]
xIdleTaskHandle         0x2000170c    0x4  Data  Lc  tasks.o [1]
xMinimumEverFreeBytesRemaining
                        0x200016c8    0x4  Data  Lc  heap_4.o [1]
xNextTaskUnblockTime    0x20001708    0x4  Data  Lc  tasks.o [1]
xNumOfOverflows         0x20001700    0x4  Data  Lc  tasks.o [1]
xPendingReadyList       0x20001664   0x14  Data  Lc  tasks.o [1]
xPortStartScheduler     0x08002de7   0x88  Code  Gb  port.o [1]
xQueueGenericCreate     0x08004b4d   0x58  Code  Gb  queue.o [1]
xQueueGenericReceive    0x08004d89  0x1dc  Code  Gb  queue.o [1]
xQueueGenericReset      0x08004ab9   0x94  Code  Gb  queue.o [1]
xQueueGenericSend       0x08004bd7  0x1b2  Code  Gb  queue.o [1]
xSchedulerRunning       0x200016f4    0x4  Data  Lc  tasks.o [1]
xStart                  0x200016a0    0x8  Data  Lc  heap_4.o [1]
xSuspendedTaskList      0x2000168c   0x14  Data  Lc  tasks.o [1]
xTaskCheckForTimeOut    0x08002601   0x8a  Code  Gb  tasks.o [1]
xTaskCreate             0x08001fad   0x84  Code  Gb  tasks.o [1]
xTaskGetSchedulerState  0x080027d5   0x26  Code  Gb  tasks.o [1]
xTaskIncrementTick      0x08002375  0x132  Code  Gb  tasks.o [1]
xTaskPriorityDisinherit
                        0x080028ad   0xb8  Code  Gb  tasks.o [1]
xTaskRemoveFromEventList
                        0x0800254f   0x84  Code  Gb  tasks.o [1]
xTaskResumeAll          0x08002277   0xfe  Code  Gb  tasks.o [1]
xTasksWaitingTermination
                        0x20001678   0x14  Data  Lc  tasks.o [1]
xTickCount              0x200016ec    0x4  Data  Lc  tasks.o [1]
xYieldPending           0x200016fc    0x4  Data  Lc  tasks.o [1]


[1] = C:\Users\MrZang\IAR_prj\ventilation\EWARM\Debug\Obj
[2] = command line
[3] = dl7M_tlf.a
[4] = m7M_tl.a
[5] = rt7M_tl.a
[6] = shb_l.a

  26 254 bytes of readonly  code memory
   1 000 bytes of readonly  data memory
   5 906 bytes of readwrite data memory

Errors: none
Warnings: none
