###############################################################################
#
# IAR ELF Linker V7.70.1.11437/W32 for ARM                18/Jun/2019  19:40:23
# Copyright 2007-2016 IAR Systems AB.
#
#    Output file  =  
#        C:\Users\MrZang\IAR_prj\ventilation\EWARM\Debug\Exe\ventilation.out
#    Map file     =  
#        C:\Users\MrZang\IAR_prj\ventilation\EWARM\Debug\List\ventilation.map
#    Command line =  
#        C:\Users\MrZang\IAR_prj\ventilation\EWARM\Debug\Obj\cmsis_os.o
#        C:\Users\MrZang\IAR_prj\ventilation\EWARM\Debug\Obj\croutine.o
#        C:\Users\MrZang\IAR_prj\ventilation\EWARM\Debug\Obj\event_groups.o
#        C:\Users\MrZang\IAR_prj\ventilation\EWARM\Debug\Obj\freertos.o
#        C:\Users\MrZang\IAR_prj\ventilation\EWARM\Debug\Obj\gpio.o
#        C:\Users\MrZang\IAR_prj\ventilation\EWARM\Debug\Obj\heap_4.o
#        C:\Users\MrZang\IAR_prj\ventilation\EWARM\Debug\Obj\list.o
#        C:\Users\MrZang\IAR_prj\ventilation\EWARM\Debug\Obj\main.o
#        C:\Users\MrZang\IAR_prj\ventilation\EWARM\Debug\Obj\port.o
#        C:\Users\MrZang\IAR_prj\ventilation\EWARM\Debug\Obj\portasm.o
#        C:\Users\MrZang\IAR_prj\ventilation\EWARM\Debug\Obj\queue.o
#        C:\Users\MrZang\IAR_prj\ventilation\EWARM\Debug\Obj\spi.o
#        C:\Users\MrZang\IAR_prj\ventilation\EWARM\Debug\Obj\startup_stm32f103xb.o
#        C:\Users\MrZang\IAR_prj\ventilation\EWARM\Debug\Obj\stm32f1xx_hal.o
#        C:\Users\MrZang\IAR_prj\ventilation\EWARM\Debug\Obj\stm32f1xx_hal_cortex.o
#        C:\Users\MrZang\IAR_prj\ventilation\EWARM\Debug\Obj\stm32f1xx_hal_dma.o
#        C:\Users\MrZang\IAR_prj\ventilation\EWARM\Debug\Obj\stm32f1xx_hal_flash.o
#        C:\Users\MrZang\IAR_prj\ventilation\EWARM\Debug\Obj\stm32f1xx_hal_flash_ex.o
#        C:\Users\MrZang\IAR_prj\ventilation\EWARM\Debug\Obj\stm32f1xx_hal_gpio.o
#        C:\Users\MrZang\IAR_prj\ventilation\EWARM\Debug\Obj\stm32f1xx_hal_gpio_ex.o
#        C:\Users\MrZang\IAR_prj\ventilation\EWARM\Debug\Obj\stm32f1xx_hal_msp.o
#        C:\Users\MrZang\IAR_prj\ventilation\EWARM\Debug\Obj\stm32f1xx_hal_pwr.o
#        C:\Users\MrZang\IAR_prj\ventilation\EWARM\Debug\Obj\stm32f1xx_hal_rcc.o
#        C:\Users\MrZang\IAR_prj\ventilation\EWARM\Debug\Obj\stm32f1xx_hal_rcc_ex.o
#        C:\Users\MrZang\IAR_prj\ventilation\EWARM\Debug\Obj\stm32f1xx_hal_spi.o
#        C:\Users\MrZang\IAR_prj\ventilation\EWARM\Debug\Obj\stm32f1xx_hal_spi_ex.o
#        C:\Users\MrZang\IAR_prj\ventilation\EWARM\Debug\Obj\stm32f1xx_hal_tim.o
#        C:\Users\MrZang\IAR_prj\ventilation\EWARM\Debug\Obj\stm32f1xx_hal_tim_ex.o
#        C:\Users\MrZang\IAR_prj\ventilation\EWARM\Debug\Obj\stm32f1xx_hal_timebase_tim.o
#        C:\Users\MrZang\IAR_prj\ventilation\EWARM\Debug\Obj\stm32f1xx_it.o
#        C:\Users\MrZang\IAR_prj\ventilation\EWARM\Debug\Obj\stm32f1xx_ll_dma.o
#        C:\Users\MrZang\IAR_prj\ventilation\EWARM\Debug\Obj\stm32f1xx_ll_exti.o
#        C:\Users\MrZang\IAR_prj\ventilation\EWARM\Debug\Obj\stm32f1xx_ll_gpio.o
#        C:\Users\MrZang\IAR_prj\ventilation\EWARM\Debug\Obj\stm32f1xx_ll_rcc.o
#        C:\Users\MrZang\IAR_prj\ventilation\EWARM\Debug\Obj\stm32f1xx_ll_tim.o
#        C:\Users\MrZang\IAR_prj\ventilation\EWARM\Debug\Obj\stm32f1xx_ll_utils.o
#        C:\Users\MrZang\IAR_prj\ventilation\EWARM\Debug\Obj\SX1278.o
#        C:\Users\MrZang\IAR_prj\ventilation\EWARM\Debug\Obj\system_stm32f1xx.o
#        C:\Users\MrZang\IAR_prj\ventilation\EWARM\Debug\Obj\tasks.o
#        C:\Users\MrZang\IAR_prj\ventilation\EWARM\Debug\Obj\tim.o
#        C:\Users\MrZang\IAR_prj\ventilation\EWARM\Debug\Obj\timers.o
#        --redirect _Printf=_PrintfFull --redirect _Scanf=_ScanfFull -o
#        C:\Users\MrZang\IAR_prj\ventilation\EWARM\Debug\Exe\ventilation.out
#        --map
#        C:\Users\MrZang\IAR_prj\ventilation\EWARM\Debug\List\ventilation.map
#        --config
#        C:\Users\MrZang\IAR_prj\ventilation\EWARM/stm32f103xb_flash.icf
#        --semihosting --entry __iar_program_start --vfe
#
###############################################################################

*******************************************************************************
*** RUNTIME MODEL ATTRIBUTES
***

CppFlavor       = *
__SystemLibrary = DLib


*******************************************************************************
*** PLACEMENT SUMMARY
***

"A0":  place at 0x08000000 { ro section .intvec };
"P1":  place in [from 0x08000000 to 0x0801ffff] { ro };
"P2":  place in [from 0x20000000 to 0x20004fff] { rw, block CSTACK, block HEAP };
initialize by copy { rw };

  Section            Kind        Address    Size  Object
  -------            ----        -------    ----  ------
"A0":                                       0xec
  .intvec            ro code  0x08000000    0xec  startup_stm32f103xb.o [1]
                            - 0x080000ec    0xec

"P1":                                     0x34f4
  .text              ro code  0x080000ec   0x9fc  stm32f1xx_hal_rcc.o [1]
  .text              ro code  0x08000ae8    0xa8  main.o [1]
  .text              ro code  0x08000b90     0xc  stm32f1xx_hal.o [1]
  .text              ro code  0x08000b9c    0x90  stm32f1xx_hal_timebase_tim.o [1]
  .text              ro code  0x08000c2c    0x56  ABImemcpy_unaligned.o [4]
  .rodata            const    0x08000c82     0x2  stm32f1xx_hal_rcc.o [1]
  .text              ro code  0x08000c84    0x28  stm32f1xx_hal.o [1]
  .text              ro code  0x08000cac   0x128  gpio.o [1]
  .text              ro code  0x08000dd4    0xf0  spi.o [1]
  .text              ro code  0x08000ec4   0x3bc  tim.o [1]
  .text              ro code  0x08001280   0x164  freertos.o [1]
  .text              ro code  0x080013e4    0x66  cmsis_os.o [1]
  .text              ro code  0x0800144c     0x6  ABImemclr4.o [4]
  .text              ro code  0x08001454    0x18  stm32f1xx_hal.o [1]
  .text              ro code  0x0800146c   0x140  stm32f1xx_hal_cortex.o [1]
  .text              ro code  0x080015ac   0x31e  stm32f1xx_hal_tim.o [1]
  .text              ro code  0x080018cc    0x60  stm32f1xx_hal_msp.o [1]
  .text              ro code  0x0800192c   0x43e  stm32f1xx_hal_gpio.o [1]
  .text              ro code  0x08001d6c   0x18c  stm32f1xx_hal_spi_ex.o [1]
  .text              ro code  0x08001ef8    0xee  I64DivMod.o [4]
  .text              ro code  0x08001fe8   0x124  queue.o [1]
  .text              ro code  0x0800210c    0x28  stm32f1xx_hal.o [1]
  .text              ro code  0x08002134   0x824  tasks.o [1]
  .text              ro code  0x08002958    0x32  ABImemset48.o [4]
  .text              ro code  0x0800298a     0x2  stm32f1xx_hal_tim.o [1]
  .text              ro code  0x0800298c     0x2  stm32f1xx_hal_tim.o [1]
  .text              ro code  0x0800298e     0x2  stm32f1xx_hal_tim.o [1]
  .text              ro code  0x08002990     0x2  stm32f1xx_hal_tim_ex.o [1]
  .text              ro code  0x08002992     0x2  stm32f1xx_hal_tim.o [1]
  .text              ro code  0x08002994     0x2  stm32f1xx_hal_tim_ex.o [1]
  .text              ro code  0x08002998     0x2  I64DivZer.o [4]
  .text              ro code  0x0800299c   0x1a8  port.o [1]
  .text              ro code  0x08002b44    0x9e  list.o [1]
  .text              ro code  0x08002be4   0x284  heap_4.o [1]
  CODE               ro code  0x08002e68    0x88  portasm.o [1]
  .text              ro code  0x08002ef0   0x114  stm32f1xx_hal_spi.o [1]
  .text              ro code  0x08003004    0xd0  stm32f1xx_hal_dma.o [1]
  .text              ro code  0x080030d4     0x2  stm32f1xx_hal_spi.o [1]
  .text              ro code  0x080030d8    0x70  stm32f1xx_it.o [1]
  .text              ro code  0x08003148    0x68  system_stm32f1xx.o [1]
  .rodata            const    0x080031b0    0x5c  stm32f1xx_hal_cortex.o [1]
  .rodata            const    0x0800320c    0x5c  stm32f1xx_hal_gpio.o [1]
  .rodata            const    0x08003268    0x5c  stm32f1xx_hal_rcc.o [1]
  .rodata            const    0x080032c4    0x5c  stm32f1xx_hal_spi_ex.o [1]
  .rodata            const    0x08003320    0x5c  stm32f1xx_hal_tim.o [1]
  .text              ro code  0x0800337c    0x40  zero_init3.o [4]
  .text              ro code  0x080033bc    0x2c  copy_init3.o [4]
  .text              ro code  0x080033e8    0x28  data_init.o [4]
  .iar.init_table    const    0x08003410    0x24  - Linker created -
  .text              ro code  0x08003434    0x1a  cmain.o [4]
  .text              ro code  0x0800344e     0x4  low_level_init.o [3]
  .text              ro code  0x08003452     0x4  exit.o [3]
  .text              ro code  0x08003458     0xa  cexit.o [4]
  .text              ro code  0x08003464    0x14  exit.o [5]
  .rodata            const    0x08003478    0x14  freertos.o [1]
  .rodata            const    0x0800348c    0x14  freertos.o [1]
  .rodata            const    0x080034a0    0x14  freertos.o [1]
  .rodata            const    0x080034b4    0x10  stm32f1xx_hal_rcc.o [1]
  .rodata            const    0x080034c4    0x10  system_stm32f1xx.o [1]
  .text              ro code  0x080034d4    0x10  startup_stm32f103xb.o [1]
  .text              ro code  0x080034e4     0xc  cstartup_M.o [4]
  Initializer bytes  const    0x080034f0     0xc  <for P2-1>
  .rodata            const    0x080034fc     0x8  freertos.o [1]
  .rodata            const    0x08003504     0x8  freertos.o [1]
  .rodata            const    0x0800350c     0x8  system_stm32f1xx.o [1]
  .rodata            const    0x08003514     0x8  tasks.o [1]
  .rodata            const    0x0800351c     0x8  tim.o [1]
  .rodata            const    0x08003524     0x8  tim.o [1]
  .rodata            const    0x0800352c     0x8  tim.o [1]
  .rodata            const    0x08003534     0x8  tim.o [1]
  .rodata            const    0x0800353c     0x4  freertos.o [1]
  .rodata            const    0x08003540     0x4  heap_4.o [1]
  .text              ro code  0x08003544     0x4  startup_stm32f103xb.o [1]
  .text              ro code  0x08003548     0x4  startup_stm32f103xb.o [1]
  .text              ro code  0x0800354c     0x4  startup_stm32f103xb.o [1]
  .text              ro code  0x08003550     0x4  startup_stm32f103xb.o [1]
  .text              ro code  0x08003554     0x4  startup_stm32f103xb.o [1]
  .text              ro code  0x08003558     0x4  startup_stm32f103xb.o [1]
  .text              ro code  0x0800355c     0x4  startup_stm32f103xb.o [1]
  .text              ro code  0x08003560     0x4  startup_stm32f103xb.o [1]
  .text              ro code  0x08003564     0x4  startup_stm32f103xb.o [1]
  .text              ro code  0x08003568     0x4  startup_stm32f103xb.o [1]
  .text              ro code  0x0800356c     0x4  startup_stm32f103xb.o [1]
  .text              ro code  0x08003570     0x4  startup_stm32f103xb.o [1]
  .text              ro code  0x08003574     0x4  startup_stm32f103xb.o [1]
  .text              ro code  0x08003578     0x4  startup_stm32f103xb.o [1]
  .text              ro code  0x0800357c     0x4  startup_stm32f103xb.o [1]
  .text              ro code  0x08003580     0x4  startup_stm32f103xb.o [1]
  .text              ro code  0x08003584     0x4  startup_stm32f103xb.o [1]
  .text              ro code  0x08003588     0x4  startup_stm32f103xb.o [1]
  .text              ro code  0x0800358c     0x4  startup_stm32f103xb.o [1]
  .text              ro code  0x08003590     0x4  startup_stm32f103xb.o [1]
  .text              ro code  0x08003594     0x4  startup_stm32f103xb.o [1]
  .text              ro code  0x08003598     0x4  startup_stm32f103xb.o [1]
  .text              ro code  0x0800359c     0x4  startup_stm32f103xb.o [1]
  .text              ro code  0x080035a0     0x4  startup_stm32f103xb.o [1]
  .text              ro code  0x080035a4     0x4  startup_stm32f103xb.o [1]
  .text              ro code  0x080035a8     0x4  startup_stm32f103xb.o [1]
  .text              ro code  0x080035ac     0x4  startup_stm32f103xb.o [1]
  .text              ro code  0x080035b0     0x4  startup_stm32f103xb.o [1]
  .text              ro code  0x080035b4     0x4  startup_stm32f103xb.o [1]
  .text              ro code  0x080035b8     0x4  startup_stm32f103xb.o [1]
  .text              ro code  0x080035bc     0x4  startup_stm32f103xb.o [1]
  .text              ro code  0x080035c0     0x4  startup_stm32f103xb.o [1]
  .text              ro code  0x080035c4     0x4  startup_stm32f103xb.o [1]
  .text              ro code  0x080035c8     0x4  startup_stm32f103xb.o [1]
  .text              ro code  0x080035cc     0x4  startup_stm32f103xb.o [1]
  .text              ro code  0x080035d0     0x4  startup_stm32f103xb.o [1]
  .text              ro code  0x080035d4     0x4  startup_stm32f103xb.o [1]
  .text              ro code  0x080035d8     0x4  startup_stm32f103xb.o [1]
  .text              ro code  0x080035dc     0x4  startup_stm32f103xb.o [1]
  .rodata            const    0x080035e0     0x0  zero_init3.o [4]
  .rodata            const    0x080035e0     0x0  copy_init3.o [4]
                            - 0x080035e0  0x34f4

"P2", part 1 of 3:                           0xc
  P2-1                        0x20000000     0x9  <Init block>
    .data            inited   0x20000000     0x4  port.o [1]
    .data            inited   0x20000004     0x4  system_stm32f1xx.o [1]
    .data            inited   0x20000008     0x1  stm32f1xx_hal.o [1]
                            - 0x20000009     0x9

"P2", part 2 of 3:                         0x400
  CSTACK                      0x20000010   0x400  <Block>
    CSTACK           uninit   0x20000010   0x400  <Block tail>
                            - 0x20000410   0x400

"P2", part 3 of 3:                         0xdf8
  .bss               zero     0x20000410   0xc00  heap_4.o [1]
  .bss               zero     0x20001010    0x8c  tasks.o [1]
  .bss               zero     0x2000109c    0x58  spi.o [1]
  .bss               zero     0x200010f4    0x40  stm32f1xx_hal_timebase_tim.o [1]
  .bss               zero     0x20001134    0x14  tasks.o [1]
  .bss               zero     0x20001148    0x14  tasks.o [1]
  .bss               zero     0x2000115c    0x14  tasks.o [1]
  .bss               zero     0x20001170    0x14  tasks.o [1]
  .bss               zero     0x20001184    0x14  tasks.o [1]
  .bss               zero     0x20001198     0x8  heap_4.o [1]
  .bss               zero     0x200011a0     0x4  freertos.o [1]
  .bss               zero     0x200011a4     0x4  freertos.o [1]
  .bss               zero     0x200011a8     0x4  freertos.o [1]
  .bss               zero     0x200011ac     0x4  freertos.o [1]
  .bss               zero     0x200011b0     0x4  heap_4.o [1]
  .bss               zero     0x200011b4     0x4  heap_4.o [1]
  .bss               zero     0x200011b8     0x4  heap_4.o [1]
  .bss               zero     0x200011bc     0x4  heap_4.o [1]
  .bss               zero     0x200011c0     0x4  port.o [1]
  .bss               zero     0x200011c4     0x4  stm32f1xx_hal.o [1]
  .bss               zero     0x200011c8     0x4  tasks.o [1]
  .bss               zero     0x200011cc     0x4  tasks.o [1]
  .bss               zero     0x200011d0     0x4  tasks.o [1]
  .bss               zero     0x200011d4     0x4  tasks.o [1]
  .bss               zero     0x200011d8     0x4  tasks.o [1]
  .bss               zero     0x200011dc     0x4  tasks.o [1]
  .bss               zero     0x200011e0     0x4  tasks.o [1]
  .bss               zero     0x200011e4     0x4  tasks.o [1]
  .bss               zero     0x200011e8     0x4  tasks.o [1]
  .bss               zero     0x200011ec     0x4  tasks.o [1]
  .bss               zero     0x200011f0     0x4  tasks.o [1]
  .bss               zero     0x200011f4     0x4  tasks.o [1]
  .bss               zero     0x200011f8     0x4  tasks.o [1]
  .bss               zero     0x200011fc     0x4  tasks.o [1]
  .bss               zero     0x20001200     0x4  tasks.o [1]
  .bss               zero     0x20001204     0x1  port.o [1]
                            - 0x20001205   0xdf5


*******************************************************************************
*** INIT TABLE
***

          Address     Size
          -------     ----
Zero (__iar_zero_init3)
    1 destination range, total size 0xdf5:
          0x20000410  0xdf5

Copy (__iar_copy_init3)
    1 source range, total size 0xc (133% of destination):
          0x080034f0    0xc
    1 destination range, total size 0x9:
          0x20000000    0x9



*******************************************************************************
*** MODULE SUMMARY
***

    Module                        ro code  ro data  rw data
    ------                        -------  -------  -------
C:\Users\MrZang\IAR_prj\ventilation\EWARM\Debug\Obj: [1]
    cmsis_os.o                        102
    freertos.o                        356       80       16
    gpio.o                            296
    heap_4.o                          644        4    3 096
    list.o                            158
    main.o                            168
    port.o                            424        4        9
    portasm.o                         136
    queue.o                           292
    spi.o                             240                88
    startup_stm32f103xb.o             408
    stm32f1xx_hal.o                   116        1        5
    stm32f1xx_hal_cortex.o            320       92
    stm32f1xx_hal_dma.o               208
    stm32f1xx_hal_gpio.o            1 086       92
    stm32f1xx_hal_msp.o                96
    stm32f1xx_hal_rcc.o             2 556      110
    stm32f1xx_hal_spi.o               278
    stm32f1xx_hal_spi_ex.o            396       92
    stm32f1xx_hal_tim.o               806       92
    stm32f1xx_hal_tim_ex.o              4
    stm32f1xx_hal_timebase_tim.o      144                64
    stm32f1xx_it.o                    112
    system_stm32f1xx.o                104       28        4
    tasks.o                         2 084        8      300
    tim.o                             956       32
    -------------------------------------------------------
    Total:                         12 490      635    3 582

command line: [2]
    -------------------------------------------------------
    Total:

dl7M_tlf.a: [3]
    exit.o                              4
    low_level_init.o                    4
    -------------------------------------------------------
    Total:                              8

rt7M_tl.a: [4]
    ABImemclr4.o                        6
    ABImemcpy_unaligned.o              86
    ABImemset48.o                      50
    I64DivMod.o                       238
    I64DivZer.o                         2
    cexit.o                            10
    cmain.o                            26
    copy_init3.o                       44
    cstartup_M.o                       12
    data_init.o                        40
    zero_init3.o                       64
    -------------------------------------------------------
    Total:                            578

shb_l.a: [5]
    exit.o                             20
    -------------------------------------------------------
    Total:                             20

    Gaps                               22
    Linker created                              39    1 024
-----------------------------------------------------------
    Grand Total:                   13 118      674    4 606


*******************************************************************************
*** ENTRY LIST
***

Entry                      Address   Size  Type      Object
-----                      -------   ----  ----      ------
.iar.init_table$$Base   0x08003410          --   Gb  - Linker created -
.iar.init_table$$Limit  0x08003434          --   Gb  - Linker created -
?main                   0x08003435         Code  Gb  cmain.o [4]
AHBPrescTable           0x080034c4   0x10  Data  Gb  system_stm32f1xx.o [1]
APBPrescTable           0x0800350c    0x8  Data  Gb  system_stm32f1xx.o [1]
BusFault_Handler        0x080030fb    0x2  Code  Gb  stm32f1xx_it.o [1]
CSTACK$$Base            0x20000010          --   Gb  - Linker created -
CSTACK$$Limit           0x20000410          --   Gb  - Linker created -
DebugMon_Handler        0x080030ff    0x2  Code  Gb  stm32f1xx_it.o [1]
EXTI15_10_IRQHandler    0x08003135   0x14  Code  Gb  stm32f1xx_it.o [1]
Error_Handler           0x08000b8d    0x2  Code  Gb  main.o [1]
FanHandle               0x200011a8    0x4  Data  Gb  freertos.o [1]
HAL_DMA_Abort_IT        0x08003005   0xb4  Code  Gb  stm32f1xx_hal_dma.o [1]
HAL_Delay               0x0800210d   0x28  Code  Wk  stm32f1xx_hal.o [1]
HAL_GPIO_EXTI_Callback  0x08001d69    0x2  Code  Wk  stm32f1xx_hal_gpio.o [1]
HAL_GPIO_EXTI_IRQHandler
                        0x08001cfb   0x1e  Code  Gb  stm32f1xx_hal_gpio.o [1]
HAL_GPIO_Init           0x0800192d  0x38c  Code  Gb  stm32f1xx_hal_gpio.o [1]
HAL_GPIO_WritePin       0x08001cb9   0x42  Code  Gb  stm32f1xx_hal_gpio.o [1]
HAL_GetTick             0x08000b91    0xc  Code  Wk  stm32f1xx_hal.o [1]
HAL_IncTick             0x08001455   0x18  Code  Wk  stm32f1xx_hal.o [1]
HAL_Init                0x08000c85   0x22  Code  Gb  stm32f1xx_hal.o [1]
HAL_InitTick            0x08000b9d   0x80  Code  Gb  stm32f1xx_hal_timebase_tim.o [1]
HAL_MspInit             0x080018cd   0x60  Code  Gb  stm32f1xx_hal_msp.o [1]
HAL_NVIC_EnableIRQ      0x08001579   0x1c  Code  Gb  stm32f1xx_hal_cortex.o [1]
HAL_NVIC_SetPriority    0x0800153b   0x3e  Code  Gb  stm32f1xx_hal_cortex.o [1]
HAL_NVIC_SetPriorityGrouping
                        0x08001513   0x28  Code  Gb  stm32f1xx_hal_cortex.o [1]
HAL_RCC_ClockConfig     0x080006c9  0x2be  Code  Gb  stm32f1xx_hal_rcc.o [1]
HAL_RCC_GetClockConfig  0x08000a1b   0x5c  Code  Gb  stm32f1xx_hal_rcc.o [1]
HAL_RCC_GetHCLKFreq     0x080009ff    0x6  Code  Gb  stm32f1xx_hal_rcc.o [1]
HAL_RCC_GetPCLK2Freq    0x08000a05   0x16  Code  Gb  stm32f1xx_hal_rcc.o [1]
HAL_RCC_GetSysClockFreq
                        0x08000987   0x78  Code  Gb  stm32f1xx_hal_rcc.o [1]
HAL_RCC_OscConfig       0x080000ed  0x5dc  Code  Gb  stm32f1xx_hal_rcc.o [1]
HAL_SPI_ErrorCallback   0x080030d5    0x2  Code  Wk  stm32f1xx_hal_spi.o [1]
HAL_SPI_IRQHandler      0x08002ef1   0xfa  Code  Gb  stm32f1xx_hal_spi.o [1]
HAL_SPI_Init            0x08001d6d  0x18c  Code  Gb  stm32f1xx_hal_spi_ex.o [1]
HAL_SPI_MspInit         0x08000e33   0x82  Code  Gb  spi.o [1]
HAL_TIMEx_BreakCallback
                        0x08002991    0x2  Code  Wk  stm32f1xx_hal_tim_ex.o [1]
HAL_TIMEx_CommutationCallback
                        0x08002995    0x2  Code  Wk  stm32f1xx_hal_tim_ex.o [1]
HAL_TIM_Base_Init       0x080015ad   0xc6  Code  Gb  stm32f1xx_hal_tim.o [1]
HAL_TIM_Base_MspInit    0x080018c9    0x2  Code  Wk  stm32f1xx_hal_tim.o [1]
HAL_TIM_Base_Start_IT   0x08001673   0x52  Code  Gb  stm32f1xx_hal_tim.o [1]
HAL_TIM_IC_CaptureCallback
                        0x0800298b    0x2  Code  Wk  stm32f1xx_hal_tim.o [1]
HAL_TIM_IRQHandler      0x080016d9  0x176  Code  Gb  stm32f1xx_hal_tim.o [1]
HAL_TIM_OC_DelayElapsedCallback
                        0x0800298d    0x2  Code  Wk  stm32f1xx_hal_tim.o [1]
HAL_TIM_PWM_PulseFinishedCallback
                        0x0800298f    0x2  Code  Wk  stm32f1xx_hal_tim.o [1]
HAL_TIM_PeriodElapsedCallback
                        0x08000b77   0x12  Code  Gb  main.o [1]
HAL_TIM_TriggerCallback
                        0x08002993    0x2  Code  Wk  stm32f1xx_hal_tim.o [1]
HardFault_Handler       0x080030f7    0x2  Code  Gb  stm32f1xx_it.o [1]
LL_APB1_GRP1_EnableClock
                        0x08001055   0x1a  Code  Lc  tim.o [1]
LL_APB2_GRP1_EnableClock
                        0x0800106f   0x1a  Code  Lc  tim.o [1]
LL_GPIO_SetPinMode      0x08001089   0x36  Code  Lc  tim.o [1]
LL_GPIO_SetPinPull      0x080010f5   0x1e  Code  Lc  tim.o [1]
LL_GPIO_SetPinSpeed     0x080010bf   0x36  Code  Lc  tim.o [1]
LL_TIM_CC_EnableChannel
                        0x08000f31    0x8  Code  Lc  tim.o [1]
LL_TIM_ClearFlag_CC1    0x080030e3    0x8  Code  Lc  stm32f1xx_it.o [1]
LL_TIM_EnableARRPreload
                        0x08000f1b    0xa  Code  Lc  tim.o [1]
LL_TIM_EnableAllOutputs
                        0x08001037    0xa  Code  Lc  tim.o [1]
LL_TIM_EnableCounter    0x080030d9    0xa  Code  Lc  stm32f1xx_it.o [1]
LL_TIM_EnableIT_CC1     0x08001041    0xa  Code  Lc  tim.o [1]
LL_TIM_GenerateEvent_UPDATE
                        0x0800104b    0xa  Code  Lc  tim.o [1]
LL_TIM_GetPrescaler     0x08001281    0x4  Code  Lc  freertos.o [1]
LL_TIM_GetPrescaler     0x08000f29    0x4  Code  Lc  tim.o [1]
LL_TIM_IsActiveFlag_CC1
                        0x080030eb    0xa  Code  Lc  stm32f1xx_it.o [1]
LL_TIM_OC_ConfigOutput  0x08000f39   0x96  Code  Lc  tim.o [1]
LL_TIM_OC_SetCompareCH1
                        0x08001289    0x4  Code  Lc  freertos.o [1]
LL_TIM_OC_SetCompareCH1
                        0x08001033    0x4  Code  Lc  tim.o [1]
LL_TIM_OC_SetMode       0x08000fcf   0x64  Code  Lc  tim.o [1]
LL_TIM_SetAutoReload    0x08001285    0x4  Code  Lc  freertos.o [1]
LL_TIM_SetAutoReload    0x08000f2d    0x4  Code  Lc  tim.o [1]
LL_TIM_SetCounterMode   0x08000f0f    0xc  Code  Lc  tim.o [1]
LL_TIM_SetOnePulseMode  0x08000f03    0xc  Code  Lc  tim.o [1]
LL_TIM_SetPrescaler     0x08000f25    0x4  Code  Lc  tim.o [1]
LoRaHandle              0x200011a4    0x4  Data  Gb  freertos.o [1]
MX_FREERTOS_Init        0x0800128d   0x58  Code  Gb  freertos.o [1]
MX_GPIO_Init            0x08000cad  0x128  Code  Gb  gpio.o [1]
MX_SPI1_Init            0x08000dd5   0x5e  Code  Gb  spi.o [1]
MX_TIM2_Init            0x08001113  0x138  Code  Gb  tim.o [1]
MemManage_Handler       0x080030f9    0x2  Code  Gb  stm32f1xx_it.o [1]
NMI_Handler             0x080030f5    0x2  Code  Gb  stm32f1xx_it.o [1]
NVIC_EnableIRQ          0x0800149b   0x14  Code  Lc  stm32f1xx_hal_cortex.o [1]
NVIC_EnableIRQ          0x08000ec5   0x16  Code  Lc  tim.o [1]
NVIC_EncodePriority     0x080014d5   0x3e  Code  Lc  stm32f1xx_hal_cortex.o [1]
NVIC_GetPriorityGrouping
                        0x08001491    0xa  Code  Lc  stm32f1xx_hal_cortex.o [1]
NVIC_SetPriority        0x080014af   0x26  Code  Lc  stm32f1xx_hal_cortex.o [1]
NVIC_SetPriority        0x08000edb   0x28  Code  Lc  tim.o [1]
NVIC_SetPriorityGrouping
                        0x0800146d   0x24  Code  Lc  stm32f1xx_hal_cortex.o [1]
OFFSET_TAB_CCMRx        0x0800351c    0x8  Data  Lc  tim.o [1]
PendSV_Handler          0x08002e69         Code  Gb  portasm.o [1]
RCC_Delay               0x08000a81   0x26  Code  Lc  stm32f1xx_hal_rcc.o [1]
Region$$Table$$Base     0x08003410          --   Gb  - Linker created -
Region$$Table$$Limit    0x08003434          --   Gb  - Linker created -
SHIFT_TAB_CCxP          0x0800352c    0x8  Data  Lc  tim.o [1]
SHIFT_TAB_OCxx          0x08003524    0x8  Data  Lc  tim.o [1]
SHIFT_TAB_OISx          0x08003534    0x8  Data  Lc  tim.o [1]
SPI1_IRQHandler         0x08003123    0xa  Code  Gb  stm32f1xx_it.o [1]
SPI_DMAAbortOnError     0x08002fed   0x16  Code  Lc  stm32f1xx_hal_spi.o [1]
SVC_Handler             0x08002eaf         Code  Gb  portasm.o [1]
SpeedQueue_handle       0x200011a0    0x4  Data  Lc  freertos.o [1]
StartLoRa               0x080012e5    0xc  Code  Gb  freertos.o [1]
StartMcuWork            0x0800138d   0x2e  Code  Gb  freertos.o [1]
StartTaskFan            0x080012f1   0x9c  Code  Gb  freertos.o [1]
SysTick_Handler         0x08002adb   0x28  Code  Gb  port.o [1]
SystemClock_Config      0x08000b09   0x6e  Code  Gb  main.o [1]
SystemCoreClock         0x20000004    0x4  Data  Gb  system_stm32f1xx.o [1]
SystemInit              0x08003149   0x4e  Code  Gb  system_stm32f1xx.o [1]
TIM1_UP_IRQHandler      0x08003101    0xa  Code  Gb  stm32f1xx_it.o [1]
TIM2_IRQHandler         0x0800310b   0x18  Code  Gb  stm32f1xx_it.o [1]
TIM_Base_SetConfig      0x0800184f   0x6e  Code  Gb  stm32f1xx_hal_tim.o [1]
UsageFault_Handler      0x080030fd    0x2  Code  Gb  stm32f1xx_it.o [1]
__aeabi_ldiv0           0x08002999         Code  Gb  I64DivZer.o [4]
__aeabi_memclr4         0x0800144d         Code  Gb  ABImemclr4.o [4]
__aeabi_uldivmod        0x08001ef9         Code  Gb  I64DivMod.o [4]
__cmain                 0x08003435         Code  Gb  cmain.o [4]
__exit                  0x08003465   0x14  Code  Gb  exit.o [5]
__iar_Memset4_word      0x08002959         Code  Gb  ABImemset48.o [4]
__iar_Memset8_word      0x08002959         Code  Gb  ABImemset48.o [4]
__iar_copy_init3        0x080033bd   0x2c  Code  Gb  copy_init3.o [4]
__iar_data_init3        0x080033e9   0x28  Code  Gb  data_init.o [4]
__iar_program_start     0x080034e5         Code  Gb  cstartup_M.o [4]
__iar_unaligned___aeabi_memcpy4
                        0x08000c2d         Code  Gb  ABImemcpy_unaligned.o [4]
__iar_unaligned___aeabi_memcpy8
                        0x08000c2d         Code  Gb  ABImemcpy_unaligned.o [4]
__iar_zero_init3        0x0800337d   0x40  Code  Gb  zero_init3.o [4]
__low_level_init        0x0800344f    0x4  Code  Gb  low_level_init.o [3]
__vector_table          0x08000000         Data  Gb  startup_stm32f103xb.o [1]
_call_main              0x08003441         Code  Gb  cmain.o [4]
_exit                   0x08003459         Code  Gb  cexit.o [4]
_main                   0x0800344b         Code  Gb  cmain.o [4]
assert_failed           0x08000b8f    0x2  Code  Gb  main.o [1]
exit                    0x08003453    0x4  Code  Gb  exit.o [3]
hspi1                   0x2000109c   0x58  Data  Gb  spi.o [1]
htim1                   0x200010f4   0x40  Data  Gb  stm32f1xx_hal_timebase_tim.o [1]
main                    0x08000ae9   0x20  Code  Gb  main.o [1]
makeFreeRtosPriority    0x080013e5   0x12  Code  Lc  cmsis_os.o [1]
mcuWorkHandle           0x200011ac    0x4  Data  Gb  freertos.o [1]
osDelay                 0x0800142f   0x1c  Code  Gb  cmsis_os.o [1]
osKernelStart           0x080013f7    0xa  Code  Gb  cmsis_os.o [1]
osThreadCreate          0x08001401   0x2e  Code  Gb  cmsis_os.o [1]
prvAddCurrentTaskToDelayedList
                        0x0800289d   0x82  Code  Lc  tasks.o [1]
prvAddNewTaskToReadyList
                        0x08002281   0xb8  Code  Lc  tasks.o [1]
prvCheckTasksWaitingTermination
                        0x080027c1   0x66  Code  Lc  tasks.o [1]
prvDeleteTCB            0x08002827   0x12  Code  Lc  tasks.o [1]
prvHeapInit             0x08002d79   0x6e  Code  Lc  heap_4.o [1]
prvIdleTask             0x08002739   0x24  Code  Lc  tasks.o [1]
prvInitialiseNewQueue   0x080020d5   0x32  Code  Lc  queue.o [1]
prvInitialiseNewTask    0x080021b9   0xc8  Code  Lc  tasks.o [1]
prvInitialiseTaskLists  0x08002761   0x56  Code  Lc  tasks.o [1]
prvInsertBlockIntoFreeList
                        0x08002de7   0x62  Code  Lc  heap_4.o [1]
prvResetNextTaskUnblockTime
                        0x08002839   0x2e  Code  Lc  tasks.o [1]
prvTaskExitError        0x080029bd   0x2a  Code  Lc  port.o [1]
pvPortMalloc            0x08002be5  0x11a  Code  Gb  heap_4.o [1]
pxCurrentTCB            0x200011c8    0x4  Data  Gb  tasks.o [1]
pxDelayedTaskList       0x200011cc    0x4  Data  Lc  tasks.o [1]
pxEnd                   0x200011b0    0x4  Data  Lc  heap_4.o [1]
pxOverflowDelayedTaskList
                        0x200011d0    0x4  Data  Lc  tasks.o [1]
pxPortInitialiseStack   0x0800299d   0x20  Code  Gb  port.o [1]
pxReadyTasksLists       0x20001010   0x8c  Data  Lc  tasks.o [1]
ucHeap                  0x20000410  0xc00  Data  Lc  heap_4.o [1]
ucMaxSysCallPriority    0x20001204    0x1  Data  Lc  port.o [1]
ulMaxPRIGROUPValue      0x200011c0    0x4  Data  Lc  port.o [1]
uwTick                  0x200011c4    0x4  Data  Gb  stm32f1xx_hal.o [1]
uwTickFreq              0x20000008    0x1  Data  Gb  stm32f1xx_hal.o [1]
uxCriticalNesting       0x20000000    0x4  Data  Lc  port.o [1]
uxCurrentNumberOfTasks  0x200011d8    0x4  Data  Lc  tasks.o [1]
uxDeletedTasksWaitingCleanUp
                        0x200011d4    0x4  Data  Lc  tasks.o [1]
uxListRemove            0x08002bbb   0x28  Code  Gb  list.o [1]
uxPendedTicks           0x200011e8    0x4  Data  Lc  tasks.o [1]
uxSchedulerSuspended    0x20001200    0x4  Data  Lc  tasks.o [1]
uxTaskNumber            0x200011f4    0x4  Data  Lc  tasks.o [1]
uxTopReadyPriority      0x200011e0    0x4  Data  Lc  tasks.o [1]
vListInitialise         0x08002b45   0x1e  Code  Gb  list.o [1]
vListInitialiseItem     0x08002b63    0x6  Code  Gb  list.o [1]
vListInsert             0x08002b81   0x3a  Code  Gb  list.o [1]
vListInsertEnd          0x08002b69   0x18  Code  Gb  list.o [1]
vPortEnterCritical      0x08002a6f   0x3a  Code  Gb  port.o [1]
vPortExitCritical       0x08002aa9   0x32  Code  Gb  port.o [1]
vPortFree               0x08002cff   0x7a  Code  Gb  heap_4.o [1]
vPortSetupTimerInterrupt
                        0x08002b1d   0x28  Code  Wk  port.o [1]
vPortStartFirstTask     0x08002ecf         Code  Gb  portasm.o [1]
vTaskDelay              0x08002339   0x4e  Code  Gb  tasks.o [1]
vTaskStartScheduler     0x08002387   0x68  Code  Gb  tasks.o [1]
vTaskSuspendAll         0x080023ef   0x10  Code  Gb  tasks.o [1]
vTaskSwitchContext      0x0800262f   0x74  Code  Gb  tasks.o [1]
xBlockAllocatedBit      0x200011bc    0x4  Data  Lc  heap_4.o [1]
xDelayedTaskList1       0x20001134   0x14  Data  Lc  tasks.o [1]
xDelayedTaskList2       0x20001148   0x14  Data  Lc  tasks.o [1]
xFreeBytesRemaining     0x200011b4    0x4  Data  Lc  heap_4.o [1]
xHeapStructSize         0x08003540    0x4  Data  Lc  heap_4.o [1]
xIdleTaskHandle         0x200011fc    0x4  Data  Lc  tasks.o [1]
xMinimumEverFreeBytesRemaining
                        0x200011b8    0x4  Data  Lc  heap_4.o [1]
xNextTaskUnblockTime    0x200011f8    0x4  Data  Lc  tasks.o [1]
xNumOfOverflows         0x200011f0    0x4  Data  Lc  tasks.o [1]
xPendingReadyList       0x2000115c   0x14  Data  Lc  tasks.o [1]
xPortStartScheduler     0x080029e7   0x88  Code  Gb  port.o [1]
xQueueGenericCreate     0x0800207d   0x58  Code  Gb  queue.o [1]
xQueueGenericReset      0x08001fe9   0x94  Code  Gb  queue.o [1]
xSchedulerRunning       0x200011e4    0x4  Data  Lc  tasks.o [1]
xStart                  0x20001198    0x8  Data  Lc  heap_4.o [1]
xSuspendedTaskList      0x20001184   0x14  Data  Lc  tasks.o [1]
xTaskCreate             0x08002135   0x84  Code  Gb  tasks.o [1]
xTaskIncrementTick      0x080024fd  0x132  Code  Gb  tasks.o [1]
xTaskRemoveFromEventList
                        0x080026a3   0x84  Code  Gb  tasks.o [1]
xTaskResumeAll          0x080023ff   0xfe  Code  Gb  tasks.o [1]
xTasksWaitingTermination
                        0x20001170   0x14  Data  Lc  tasks.o [1]
xTickCount              0x200011dc    0x4  Data  Lc  tasks.o [1]
xYieldPending           0x200011ec    0x4  Data  Lc  tasks.o [1]


[1] = C:\Users\MrZang\IAR_prj\ventilation\EWARM\Debug\Obj
[2] = command line
[3] = dl7M_tlf.a
[4] = rt7M_tl.a
[5] = shb_l.a

  13 118 bytes of readonly  code memory
     674 bytes of readonly  data memory
   4 606 bytes of readwrite data memory

Errors: none
Warnings: none
