###############################################################################
#
# IAR ELF Linker V7.70.1.11437/W32 for ARM                18/May/2019  19:57:35
# Copyright 2007-2016 IAR Systems AB.
#
#    Output file  =  
#        C:\Users\MrZang\IAR_prj\ventilation\EWARM\Release\Exe\ventilation.out
#    Map file     =  
#        C:\Users\MrZang\IAR_prj\ventilation\EWARM\Release\List\ventilation.map
#    Command line =  
#        C:\Users\MrZang\IAR_prj\ventilation\EWARM\Release\Obj\cmsis_os.o
#        C:\Users\MrZang\IAR_prj\ventilation\EWARM\Release\Obj\croutine.o
#        C:\Users\MrZang\IAR_prj\ventilation\EWARM\Release\Obj\event_groups.o
#        C:\Users\MrZang\IAR_prj\ventilation\EWARM\Release\Obj\freertos.o
#        C:\Users\MrZang\IAR_prj\ventilation\EWARM\Release\Obj\gpio.o
#        C:\Users\MrZang\IAR_prj\ventilation\EWARM\Release\Obj\heap_4.o
#        C:\Users\MrZang\IAR_prj\ventilation\EWARM\Release\Obj\list.o
#        C:\Users\MrZang\IAR_prj\ventilation\EWARM\Release\Obj\main.o
#        C:\Users\MrZang\IAR_prj\ventilation\EWARM\Release\Obj\port.o
#        C:\Users\MrZang\IAR_prj\ventilation\EWARM\Release\Obj\portasm.o
#        C:\Users\MrZang\IAR_prj\ventilation\EWARM\Release\Obj\queue.o
#        C:\Users\MrZang\IAR_prj\ventilation\EWARM\Release\Obj\spi.o
#        C:\Users\MrZang\IAR_prj\ventilation\EWARM\Release\Obj\startup_stm32f103xb.o
#        C:\Users\MrZang\IAR_prj\ventilation\EWARM\Release\Obj\stm32f1xx_hal.o
#        C:\Users\MrZang\IAR_prj\ventilation\EWARM\Release\Obj\stm32f1xx_hal_cortex.o
#        C:\Users\MrZang\IAR_prj\ventilation\EWARM\Release\Obj\stm32f1xx_hal_dma.o
#        C:\Users\MrZang\IAR_prj\ventilation\EWARM\Release\Obj\stm32f1xx_hal_flash.o
#        C:\Users\MrZang\IAR_prj\ventilation\EWARM\Release\Obj\stm32f1xx_hal_flash_ex.o
#        C:\Users\MrZang\IAR_prj\ventilation\EWARM\Release\Obj\stm32f1xx_hal_gpio.o
#        C:\Users\MrZang\IAR_prj\ventilation\EWARM\Release\Obj\stm32f1xx_hal_gpio_ex.o
#        C:\Users\MrZang\IAR_prj\ventilation\EWARM\Release\Obj\stm32f1xx_hal_msp.o
#        C:\Users\MrZang\IAR_prj\ventilation\EWARM\Release\Obj\stm32f1xx_hal_pwr.o
#        C:\Users\MrZang\IAR_prj\ventilation\EWARM\Release\Obj\stm32f1xx_hal_rcc.o
#        C:\Users\MrZang\IAR_prj\ventilation\EWARM\Release\Obj\stm32f1xx_hal_rcc_ex.o
#        C:\Users\MrZang\IAR_prj\ventilation\EWARM\Release\Obj\stm32f1xx_hal_spi.o
#        C:\Users\MrZang\IAR_prj\ventilation\EWARM\Release\Obj\stm32f1xx_hal_spi_ex.o
#        C:\Users\MrZang\IAR_prj\ventilation\EWARM\Release\Obj\stm32f1xx_hal_tim.o
#        C:\Users\MrZang\IAR_prj\ventilation\EWARM\Release\Obj\stm32f1xx_hal_tim_ex.o
#        C:\Users\MrZang\IAR_prj\ventilation\EWARM\Release\Obj\stm32f1xx_hal_timebase_tim.o
#        C:\Users\MrZang\IAR_prj\ventilation\EWARM\Release\Obj\stm32f1xx_it.o
#        C:\Users\MrZang\IAR_prj\ventilation\EWARM\Release\Obj\SX1278.o
#        C:\Users\MrZang\IAR_prj\ventilation\EWARM\Release\Obj\system_stm32f1xx.o
#        C:\Users\MrZang\IAR_prj\ventilation\EWARM\Release\Obj\tasks.o
#        C:\Users\MrZang\IAR_prj\ventilation\EWARM\Release\Obj\timers.o
#        --redirect _Printf=_PrintfFull --redirect _Scanf=_ScanfFull -o
#        C:\Users\MrZang\IAR_prj\ventilation\EWARM\Release\Exe\ventilation.out
#        --map
#        C:\Users\MrZang\IAR_prj\ventilation\EWARM\Release\List\ventilation.map
#        --config
#        C:\Users\MrZang\IAR_prj\ventilation\EWARM/stm32f103xb_flash.icf
#        --semihosting --entry __iar_program_start --vfe
#
###############################################################################

*******************************************************************************
*** RUNTIME MODEL ATTRIBUTES
***

CppFlavor       = *
__SystemLibrary = DLib


*******************************************************************************
*** PLACEMENT SUMMARY
***

"A0":  place at 0x08000000 { ro section .intvec };
"P1":  place in [from 0x08000000 to 0x0801ffff] { ro };
"P2":  place in [from 0x20000000 to 0x20004fff] { rw, block CSTACK, block HEAP };
initialize by copy { rw };

  Section            Kind        Address    Size  Object
  -------            ----        -------    ----  ------
"A0":                                       0xec
  .intvec            ro code  0x08000000    0xec  startup_stm32f103xb.o [1]
                            - 0x080000ec    0xec

"P1":                                     0x40d8
  .text              ro code  0x080000ec   0xa2c  tasks.o [1]
  .text              ro code  0x08000b18   0x260  heap_4.o [1]
  .text              ro code  0x08000d78    0x98  list.o [1]
  .text              ro code  0x08000e10   0x1a8  port.o [1]
  CODE               ro code  0x08000fb8    0x88  portasm.o [1]
  .text              ro code  0x08001040   0x9e0  stm32f1xx_hal_rcc.o [1]
  .text              ro code  0x08001a20    0xa4  main.o [1]
  .text              ro code  0x08001ac4     0xc  stm32f1xx_hal.o [1]
  .text              ro code  0x08001ad0    0x8c  stm32f1xx_hal_timebase_tim.o [1]
  .text              ro code  0x08001b5c    0x76  ABImemcpy_unaligned.o [4]
  .rodata            const    0x08001bd2     0x2  stm32f1xx_hal_rcc.o [1]
  .text              ro code  0x08001bd4    0x28  stm32f1xx_hal.o [1]
  .text              ro code  0x08001bfc   0x128  gpio.o [1]
  .text              ro code  0x08001d24    0xf0  spi.o [1]
  .text              ro code  0x08001e14   0x1e0  freertos.o [1]
  .text              ro code  0x08001ff4    0x60  cmsis_os.o [1]
  .text              ro code  0x08002054     0x6  ABImemclr4.o [4]
  .text              ro code  0x0800205c    0x18  stm32f1xx_hal.o [1]
  .text              ro code  0x08002074   0x134  stm32f1xx_hal_cortex.o [1]
  .text              ro code  0x080021a8   0x31e  stm32f1xx_hal_tim.o [1]
  .text              ro code  0x080024c8    0x5c  stm32f1xx_hal_msp.o [1]
  .text              ro code  0x08002524   0x426  stm32f1xx_hal_gpio.o [1]
  .text              ro code  0x0800294c   0x18c  stm32f1xx_hal_spi_ex.o [1]
  .text              ro code  0x08002ad8   0x5a8  queue.o [1]
  .text              ro code  0x08003080   0x3c4  SX1278.o [1]
  .text              ro code  0x08003444    0x32  ABImemset48.o [4]
  .text              ro code  0x08003476     0x2  stm32f1xx_hal_tim.o [1]
  .text              ro code  0x08003478     0x2  stm32f1xx_hal_tim.o [1]
  .text              ro code  0x0800347a     0x2  stm32f1xx_hal_tim.o [1]
  .text              ro code  0x0800347c     0x2  stm32f1xx_hal_tim_ex.o [1]
  .text              ro code  0x0800347e     0x2  stm32f1xx_hal_tim.o [1]
  .text              ro code  0x08003480     0x2  stm32f1xx_hal_tim_ex.o [1]
  .text              ro code  0x08003482    0x26  SX1278.o [1]
  .text              ro code  0x080034a8    0x3c  SX1278.o [1]
  .text              ro code  0x080034e4    0x1a  SX1278.o [1]
  .text              ro code  0x080034fe     0x8  SX1278.o [1]
  .text              ro code  0x08003506    0x36  SX1278.o [1]
  .text              ro code  0x0800353c    0x1a  SX1278.o [1]
  .text              ro code  0x08003558    0x66  ABImemset.o [4]
  .text              ro code  0x080035be    0x1c  SX1278.o [1]
  .text              ro code  0x080035dc   0x5c6  stm32f1xx_hal_spi.o [1]
  .text              ro code  0x08003ba4    0x28  stm32f1xx_hal.o [1]
  .text              ro code  0x08003bcc    0xcc  stm32f1xx_hal_dma.o [1]
  .text              ro code  0x08003c98     0x2  stm32f1xx_hal_spi.o [1]
  .text              ro code  0x08003c9c    0x68  system_stm32f1xx.o [1]
  .rodata            const    0x08003d04    0x5c  stm32f1xx_hal_cortex.o [1]
  .rodata            const    0x08003d60    0x5c  stm32f1xx_hal_gpio.o [1]
  .rodata            const    0x08003dbc    0x5c  stm32f1xx_hal_rcc.o [1]
  .rodata            const    0x08003e18    0x5c  stm32f1xx_hal_spi.o [1]
  .rodata            const    0x08003e74    0x5c  stm32f1xx_hal_spi_ex.o [1]
  .rodata            const    0x08003ed0    0x5c  stm32f1xx_hal_tim.o [1]
  .text              ro code  0x08003f2c    0x40  zero_init3.o [4]
  .text              ro code  0x08003f6c    0x34  stm32f1xx_it.o [1]
  .text              ro code  0x08003fa0    0x2c  copy_init3.o [4]
  .text              ro code  0x08003fcc    0x28  data_init.o [4]
  .iar.init_table    const    0x08003ff4    0x24  - Linker created -
  .text              ro code  0x08004018    0x1a  cmain.o [4]
  .text              ro code  0x08004032     0x4  low_level_init.o [3]
  .text              ro code  0x08004036     0x4  exit.o [3]
  .text              ro code  0x0800403c     0xa  cexit.o [4]
  .text              ro code  0x08004048    0x14  exit.o [5]
  .rodata            const    0x0800405c    0x14  freertos.o [1]
  .rodata            const    0x08004070    0x14  freertos.o [1]
  .rodata            const    0x08004084    0x14  freertos.o [1]
  .rodata            const    0x08004098    0x10  stm32f1xx_hal_rcc.o [1]
  .rodata            const    0x080040a8    0x10  system_stm32f1xx.o [1]
  .text              ro code  0x080040b8    0x10  startup_stm32f103xb.o [1]
  .rodata            const    0x080040c8     0xc  SX1278.o [1]
  .text              ro code  0x080040d4     0xc  cstartup_M.o [4]
  Initializer bytes  const    0x080040e0     0xc  <for P2-1>
  .rodata            const    0x080040ec     0x8  freertos.o [1]
  .rodata            const    0x080040f4     0x8  freertos.o [1]
  .rodata            const    0x080040fc     0x8  SX1278.o [1]
  .rodata            const    0x08004104     0x8  system_stm32f1xx.o [1]
  .rodata            const    0x0800410c     0x8  tasks.o [1]
  .rodata            const    0x08004114     0x4  freertos.o [1]
  .rodata            const    0x08004118     0x4  heap_4.o [1]
  .rodata            const    0x0800411c     0x4  SX1278.o [1]
  .rodata            const    0x08004120     0x4  SX1278.o [1]
  .text              ro code  0x08004124     0x4  startup_stm32f103xb.o [1]
  .text              ro code  0x08004128     0x4  startup_stm32f103xb.o [1]
  .text              ro code  0x0800412c     0x4  startup_stm32f103xb.o [1]
  .text              ro code  0x08004130     0x4  startup_stm32f103xb.o [1]
  .text              ro code  0x08004134     0x4  startup_stm32f103xb.o [1]
  .text              ro code  0x08004138     0x4  startup_stm32f103xb.o [1]
  .text              ro code  0x0800413c     0x4  startup_stm32f103xb.o [1]
  .text              ro code  0x08004140     0x4  startup_stm32f103xb.o [1]
  .text              ro code  0x08004144     0x4  startup_stm32f103xb.o [1]
  .text              ro code  0x08004148     0x4  startup_stm32f103xb.o [1]
  .text              ro code  0x0800414c     0x4  startup_stm32f103xb.o [1]
  .text              ro code  0x08004150     0x4  startup_stm32f103xb.o [1]
  .text              ro code  0x08004154     0x4  startup_stm32f103xb.o [1]
  .text              ro code  0x08004158     0x4  startup_stm32f103xb.o [1]
  .text              ro code  0x0800415c     0x4  startup_stm32f103xb.o [1]
  .text              ro code  0x08004160     0x4  startup_stm32f103xb.o [1]
  .text              ro code  0x08004164     0x4  startup_stm32f103xb.o [1]
  .text              ro code  0x08004168     0x4  startup_stm32f103xb.o [1]
  .text              ro code  0x0800416c     0x4  startup_stm32f103xb.o [1]
  .text              ro code  0x08004170     0x4  startup_stm32f103xb.o [1]
  .text              ro code  0x08004174     0x4  startup_stm32f103xb.o [1]
  .text              ro code  0x08004178     0x4  startup_stm32f103xb.o [1]
  .text              ro code  0x0800417c     0x4  startup_stm32f103xb.o [1]
  .text              ro code  0x08004180     0x4  startup_stm32f103xb.o [1]
  .text              ro code  0x08004184     0x4  startup_stm32f103xb.o [1]
  .text              ro code  0x08004188     0x4  startup_stm32f103xb.o [1]
  .text              ro code  0x0800418c     0x4  startup_stm32f103xb.o [1]
  .text              ro code  0x08004190     0x4  startup_stm32f103xb.o [1]
  .text              ro code  0x08004194     0x4  startup_stm32f103xb.o [1]
  .text              ro code  0x08004198     0x4  startup_stm32f103xb.o [1]
  .text              ro code  0x0800419c     0x4  startup_stm32f103xb.o [1]
  .text              ro code  0x080041a0     0x4  startup_stm32f103xb.o [1]
  .text              ro code  0x080041a4     0x4  startup_stm32f103xb.o [1]
  .text              ro code  0x080041a8     0x4  startup_stm32f103xb.o [1]
  .text              ro code  0x080041ac     0x4  startup_stm32f103xb.o [1]
  .text              ro code  0x080041b0     0x4  startup_stm32f103xb.o [1]
  .text              ro code  0x080041b4     0x4  startup_stm32f103xb.o [1]
  .text              ro code  0x080041b8     0x4  startup_stm32f103xb.o [1]
  .text              ro code  0x080041bc     0x4  startup_stm32f103xb.o [1]
  .text              ro code  0x080041c0     0x4  startup_stm32f103xb.o [1]
  .rodata            const    0x080041c4     0x0  zero_init3.o [4]
  .rodata            const    0x080041c4     0x0  copy_init3.o [4]
                            - 0x080041c4  0x40d8

"P2", part 1 of 3:                           0xc
  P2-1                        0x20000000     0x9  <Init block>
    .data            inited   0x20000000     0x4  port.o [1]
    .data            inited   0x20000004     0x4  system_stm32f1xx.o [1]
    .data            inited   0x20000008     0x1  stm32f1xx_hal.o [1]
                            - 0x20000009     0x9

"P2", part 2 of 3:                         0x400
  CSTACK                      0x20000010   0x400  <Block>
    CSTACK           uninit   0x20000010   0x400  <Block tail>
                            - 0x20000410   0x400

"P2", part 3 of 3:                         0xdf8
  .bss               zero     0x20000410   0xc00  heap_4.o [1]
  .bss               zero     0x20001010    0x8c  tasks.o [1]
  .bss               zero     0x2000109c    0x58  spi.o [1]
  .bss               zero     0x200010f4    0x40  stm32f1xx_hal_timebase_tim.o [1]
  .bss               zero     0x20001134    0x14  tasks.o [1]
  .bss               zero     0x20001148    0x14  tasks.o [1]
  .bss               zero     0x2000115c    0x14  tasks.o [1]
  .bss               zero     0x20001170    0x14  tasks.o [1]
  .bss               zero     0x20001184    0x14  tasks.o [1]
  .bss               zero     0x20001198     0x8  heap_4.o [1]
  .bss               zero     0x200011a0     0x4  freertos.o [1]
  .bss               zero     0x200011a4     0x4  freertos.o [1]
  .bss               zero     0x200011a8     0x4  freertos.o [1]
  .bss               zero     0x200011ac     0x4  freertos.o [1]
  .bss               zero     0x200011b0     0x4  heap_4.o [1]
  .bss               zero     0x200011b4     0x4  heap_4.o [1]
  .bss               zero     0x200011b8     0x4  heap_4.o [1]
  .bss               zero     0x200011bc     0x4  heap_4.o [1]
  .bss               zero     0x200011c0     0x4  port.o [1]
  .bss               zero     0x200011c4     0x4  stm32f1xx_hal.o [1]
  .bss               zero     0x200011c8     0x4  tasks.o [1]
  .bss               zero     0x200011cc     0x4  tasks.o [1]
  .bss               zero     0x200011d0     0x4  tasks.o [1]
  .bss               zero     0x200011d4     0x4  tasks.o [1]
  .bss               zero     0x200011d8     0x4  tasks.o [1]
  .bss               zero     0x200011dc     0x4  tasks.o [1]
  .bss               zero     0x200011e0     0x4  tasks.o [1]
  .bss               zero     0x200011e4     0x4  tasks.o [1]
  .bss               zero     0x200011e8     0x4  tasks.o [1]
  .bss               zero     0x200011ec     0x4  tasks.o [1]
  .bss               zero     0x200011f0     0x4  tasks.o [1]
  .bss               zero     0x200011f4     0x4  tasks.o [1]
  .bss               zero     0x200011f8     0x4  tasks.o [1]
  .bss               zero     0x200011fc     0x4  tasks.o [1]
  .bss               zero     0x20001200     0x4  tasks.o [1]
  .bss               zero     0x20001204     0x1  port.o [1]
                            - 0x20001205   0xdf5


*******************************************************************************
*** INIT TABLE
***

          Address     Size
          -------     ----
Zero (__iar_zero_init3)
    1 destination range, total size 0xdf5:
          0x20000410  0xdf5

Copy (__iar_copy_init3)
    1 source range, total size 0xc (133% of destination):
          0x080040e0    0xc
    1 destination range, total size 0x9:
          0x20000000    0x9



*******************************************************************************
*** MODULE SUMMARY
***

    Module                        ro code  ro data  rw data
    ------                        -------  -------  -------
C:\Users\MrZang\IAR_prj\ventilation\EWARM\Release\Obj: [1]
    SX1278.o                        1 204       28
    cmsis_os.o                         96
    freertos.o                        480       80       16
    gpio.o                            296
    heap_4.o                          608        4    3 096
    list.o                            152
    main.o                            164
    port.o                            424        4        9
    portasm.o                         136
    queue.o                         1 448
    spi.o                             240                88
    startup_stm32f103xb.o             412
    stm32f1xx_hal.o                   116        1        5
    stm32f1xx_hal_cortex.o            308       92
    stm32f1xx_hal_dma.o               204
    stm32f1xx_hal_gpio.o            1 062       92
    stm32f1xx_hal_msp.o                92
    stm32f1xx_hal_rcc.o             2 528      110
    stm32f1xx_hal_spi.o             1 480       92
    stm32f1xx_hal_spi_ex.o            396       92
    stm32f1xx_hal_tim.o               806       92
    stm32f1xx_hal_tim_ex.o              4
    stm32f1xx_hal_timebase_tim.o      140                64
    stm32f1xx_it.o                     52
    system_stm32f1xx.o                104       28        4
    tasks.o                         2 604        8      300
    -------------------------------------------------------
    Total:                         15 556      723    3 582

command line: [2]
    -------------------------------------------------------
    Total:

dl7M_tlf.a: [3]
    exit.o                              4
    low_level_init.o                    4
    -------------------------------------------------------
    Total:                              8

rt7M_tl.a: [4]
    ABImemclr4.o                        6
    ABImemcpy_unaligned.o             118
    ABImemset.o                       102
    ABImemset48.o                      50
    cexit.o                            10
    cmain.o                            26
    copy_init3.o                       44
    cstartup_M.o                       12
    data_init.o                        40
    zero_init3.o                       64
    -------------------------------------------------------
    Total:                            472

shb_l.a: [5]
    exit.o                             20
    -------------------------------------------------------
    Total:                             20

    Gaps                               18
    Linker created                              39    1 024
-----------------------------------------------------------
    Grand Total:                   16 074      762    4 606


*******************************************************************************
*** ENTRY LIST
***

Entry                      Address   Size  Type      Object
-----                      -------   ----  ----      ------
.iar.init_table$$Base   0x08003ff4          --   Gb  - Linker created -
.iar.init_table$$Limit  0x08004018          --   Gb  - Linker created -
?main                   0x08004019         Code  Gb  cmain.o [4]
AHBPrescTable           0x080040a8   0x10  Data  Gb  system_stm32f1xx.o [1]
APBPrescTable           0x08004104    0x8  Data  Gb  system_stm32f1xx.o [1]
BusFault_Handler        0x08003f73    0x2  Code  Gb  stm32f1xx_it.o [1]
CSTACK$$Base            0x20000010          --   Gb  - Linker created -
CSTACK$$Limit           0x20000410          --   Gb  - Linker created -
DebugMon_Handler        0x08003f77    0x2  Code  Gb  stm32f1xx_it.o [1]
EXTI15_10_IRQHandler    0x08003f95    0xc  Code  Gb  stm32f1xx_it.o [1]
Error_Handler           0x08001ac1    0x2  Code  Gb  main.o [1]
FanHandle               0x200011a8    0x4  Data  Gb  freertos.o [1]
HAL_DMA_Abort_IT        0x08003bcd   0xae  Code  Gb  stm32f1xx_hal_dma.o [1]
HAL_Delay               0x08003ba5   0x28  Code  Wk  stm32f1xx_hal.o [1]
HAL_GPIO_EXTI_Callback  0x08002949    0x2  Code  Wk  stm32f1xx_hal_gpio.o [1]
HAL_GPIO_EXTI_IRQHandler
                        0x080028e1   0x1a  Code  Gb  stm32f1xx_hal_gpio.o [1]
HAL_GPIO_Init           0x08002525  0x352  Code  Gb  stm32f1xx_hal_gpio.o [1]
HAL_GPIO_ReadPin        0x08002877   0x28  Code  Gb  stm32f1xx_hal_gpio.o [1]
HAL_GPIO_WritePin       0x0800289f   0x42  Code  Gb  stm32f1xx_hal_gpio.o [1]
HAL_GetTick             0x08001ac5    0xc  Code  Wk  stm32f1xx_hal.o [1]
HAL_IncTick             0x0800205d   0x18  Code  Wk  stm32f1xx_hal.o [1]
HAL_Init                0x08001bd5   0x22  Code  Gb  stm32f1xx_hal.o [1]
HAL_InitTick            0x08001ad1   0x7c  Code  Gb  stm32f1xx_hal_timebase_tim.o [1]
HAL_MspInit             0x080024c9   0x5c  Code  Gb  stm32f1xx_hal_msp.o [1]
HAL_NVIC_EnableIRQ      0x08002173   0x1c  Code  Gb  stm32f1xx_hal_cortex.o [1]
HAL_NVIC_SetPriority    0x08002139   0x3a  Code  Gb  stm32f1xx_hal_cortex.o [1]
HAL_NVIC_SetPriorityGrouping
                        0x08002111   0x28  Code  Gb  stm32f1xx_hal_cortex.o [1]
HAL_RCC_ClockConfig     0x08001619  0x2be  Code  Gb  stm32f1xx_hal_rcc.o [1]
HAL_RCC_GetClockConfig  0x08001959   0x5c  Code  Gb  stm32f1xx_hal_rcc.o [1]
HAL_RCC_GetHCLKFreq     0x0800193d    0x6  Code  Gb  stm32f1xx_hal_rcc.o [1]
HAL_RCC_GetPCLK2Freq    0x08001943   0x16  Code  Gb  stm32f1xx_hal_rcc.o [1]
HAL_RCC_GetSysClockFreq
                        0x080018d7   0x66  Code  Gb  stm32f1xx_hal_rcc.o [1]
HAL_RCC_OscConfig       0x08001041  0x5d8  Code  Gb  stm32f1xx_hal_rcc.o [1]
HAL_SPI_ErrorCallback   0x08003c99    0x2  Code  Wk  stm32f1xx_hal_spi.o [1]
HAL_SPI_GetState        0x08003abd    0x6  Code  Gb  stm32f1xx_hal_spi.o [1]
HAL_SPI_IRQHandler      0x080039c5   0xf8  Code  Gb  stm32f1xx_hal_spi.o [1]
HAL_SPI_Init            0x0800294d  0x18c  Code  Gb  stm32f1xx_hal_spi_ex.o [1]
HAL_SPI_MspInit         0x08001d83   0x82  Code  Gb  spi.o [1]
HAL_SPI_Transmit        0x080035dd  0x1bc  Code  Gb  stm32f1xx_hal_spi.o [1]
HAL_SPI_TransmitReceive
                        0x08003799  0x226  Code  Gb  stm32f1xx_hal_spi.o [1]
HAL_TIMEx_BreakCallback
                        0x0800347d    0x2  Code  Wk  stm32f1xx_hal_tim_ex.o [1]
HAL_TIMEx_CommutationCallback
                        0x08003481    0x2  Code  Wk  stm32f1xx_hal_tim_ex.o [1]
HAL_TIM_Base_Init       0x080021a9   0xc6  Code  Gb  stm32f1xx_hal_tim.o [1]
HAL_TIM_Base_MspInit    0x080024c5    0x2  Code  Wk  stm32f1xx_hal_tim.o [1]
HAL_TIM_Base_Start_IT   0x0800226f   0x52  Code  Gb  stm32f1xx_hal_tim.o [1]
HAL_TIM_IC_CaptureCallback
                        0x08003477    0x2  Code  Wk  stm32f1xx_hal_tim.o [1]
HAL_TIM_IRQHandler      0x080022d5  0x176  Code  Gb  stm32f1xx_hal_tim.o [1]
HAL_TIM_OC_DelayElapsedCallback
                        0x08003479    0x2  Code  Wk  stm32f1xx_hal_tim.o [1]
HAL_TIM_PWM_PulseFinishedCallback
                        0x0800347b    0x2  Code  Wk  stm32f1xx_hal_tim.o [1]
HAL_TIM_PeriodElapsedCallback
                        0x08001aab   0x10  Code  Gb  main.o [1]
HAL_TIM_TriggerCallback
                        0x0800347f    0x2  Code  Wk  stm32f1xx_hal_tim.o [1]
HardFault_Handler       0x08003f6f    0x2  Code  Gb  stm32f1xx_it.o [1]
LoRaHandle              0x200011a4    0x4  Data  Gb  freertos.o [1]
MX_FREERTOS_Init        0x08001e15   0x58  Code  Gb  freertos.o [1]
MX_GPIO_Init            0x08001bfd  0x128  Code  Gb  gpio.o [1]
MX_SPI1_Init            0x08001d25   0x5e  Code  Gb  spi.o [1]
MemManage_Handler       0x08003f71    0x2  Code  Gb  stm32f1xx_it.o [1]
NMI_Handler             0x08003f6d    0x2  Code  Gb  stm32f1xx_it.o [1]
NVIC_EnableIRQ          0x0800209d   0x14  Code  Lc  stm32f1xx_hal_cortex.o [1]
NVIC_EncodePriority     0x080020d3   0x3e  Code  Lc  stm32f1xx_hal_cortex.o [1]
NVIC_GetPriorityGrouping
                        0x08002093    0xa  Code  Lc  stm32f1xx_hal_cortex.o [1]
NVIC_SetPriority        0x080020b1   0x22  Code  Lc  stm32f1xx_hal_cortex.o [1]
NVIC_SetPriorityGrouping
                        0x08002075   0x1e  Code  Lc  stm32f1xx_hal_cortex.o [1]
PendSV_Handler          0x08000fb9         Code  Gb  portasm.o [1]
RCC_Delay               0x080019bd   0x24  Code  Lc  stm32f1xx_hal_rcc.o [1]
Region$$Table$$Base     0x08003ff4          --   Gb  - Linker created -
Region$$Table$$Limit    0x08004018          --   Gb  - Linker created -
SPI1_IRQHandler         0x08003f83    0xa  Code  Gb  stm32f1xx_it.o [1]
SPI_CheckFlag_BSY       0x08003b7b   0x28  Code  Lc  stm32f1xx_hal_spi.o [1]
SPI_DMAAbortOnError     0x08003ac5   0x12  Code  Lc  stm32f1xx_hal_spi.o [1]
SPI_WaitFlagStateUntilTimeout
                        0x08003ad9   0xa2  Code  Lc  stm32f1xx_hal_spi.o [1]
SVC_Handler             0x08000fff         Code  Gb  portasm.o [1]
SX1278_Frequency        0x0800411c    0x4  Data  Lc  SX1278.o [1]
SX1278_LoRaBandwidth    0x080040c8    0xc  Data  Lc  SX1278.o [1]
SX1278_LoRaEntryRx      0x080032e1   0xa0  Code  Gb  SX1278.o [1]
SX1278_LoRaRxPacket     0x08003381   0x66  Code  Gb  SX1278.o [1]
SX1278_Power            0x08004120    0x4  Data  Lc  SX1278.o [1]
SX1278_SPIBurstRead     0x080030d3   0x48  Code  Gb  SX1278.o [1]
SX1278_SPIBurstWrite    0x0800311b   0x4a  Code  Gb  SX1278.o [1]
SX1278_SPIRead          0x08003081   0x22  Code  Gb  SX1278.o [1]
SX1278_SPIWrite         0x080030a3   0x30  Code  Gb  SX1278.o [1]
SX1278_SpreadFactor     0x080040fc    0x8  Data  Lc  SX1278.o [1]
SX1278_begin            0x080033e7   0x26  Code  Gb  SX1278.o [1]
SX1278_clearLoRaIrq     0x080032d5    0xc  Code  Gb  SX1278.o [1]
SX1278_config           0x08003177  0x118  Code  Gb  SX1278.o [1]
SX1278_defaultConfig    0x08003165   0x12  Code  Gb  SX1278.o [1]
SX1278_entryLoRa        0x080032c9    0xc  Code  Gb  SX1278.o [1]
SX1278_hw_DelayMs       0x080034ff    0x8  Code  Wk  SX1278.o [1]
SX1278_hw_GetDIO0       0x0800353d   0x1a  Code  Wk  SX1278.o [1]
SX1278_hw_Reset         0x08003507   0x36  Code  Wk  SX1278.o [1]
SX1278_hw_SPICommand    0x08003483   0x26  Code  Wk  SX1278.o [1]
SX1278_hw_SPIReadByte   0x080034a9   0x3c  Code  Wk  SX1278.o [1]
SX1278_hw_SetNSS        0x080034e5   0x1a  Code  Wk  SX1278.o [1]
SX1278_hw_init          0x080035bf   0x1c  Code  Wk  SX1278.o [1]
SX1278_read             0x0800340d   0x38  Code  Gb  SX1278.o [1]
SX1278_sleep            0x080032b5   0x14  Code  Gb  SX1278.o [1]
SX1278_standby          0x080032a1   0x14  Code  Gb  SX1278.o [1]
SpeedQueue_handle       0x200011a0    0x4  Data  Lc  freertos.o [1]
StartLoRa               0x08001e6d   0xb4  Code  Gb  freertos.o [1]
StartMcuWork            0x08001f9f   0x2c  Code  Gb  freertos.o [1]
StartTaskFan            0x08001f21   0x7e  Code  Gb  freertos.o [1]
SysTick_Handler         0x08000f4f   0x28  Code  Gb  port.o [1]
SystemClock_Config      0x08001a3d   0x6e  Code  Gb  main.o [1]
SystemCoreClock         0x20000004    0x4  Data  Gb  system_stm32f1xx.o [1]
SystemInit              0x08003c9d   0x4e  Code  Gb  system_stm32f1xx.o [1]
TIM1_UP_IRQHandler      0x08003f79    0xa  Code  Gb  stm32f1xx_it.o [1]
TIM_Base_SetConfig      0x0800244b   0x6c  Code  Gb  stm32f1xx_hal_tim.o [1]
UsageFault_Handler      0x08003f75    0x2  Code  Gb  stm32f1xx_it.o [1]
__aeabi_memclr4         0x08002055         Code  Gb  ABImemclr4.o [4]
__aeabi_memset          0x08003559         Code  Gb  ABImemset.o [4]
__cmain                 0x08004019         Code  Gb  cmain.o [4]
__exit                  0x08004049   0x14  Code  Gb  exit.o [5]
__iar_Memset            0x08003559         Code  Gb  ABImemset.o [4]
__iar_Memset4_word      0x08003445         Code  Gb  ABImemset48.o [4]
__iar_Memset8_word      0x08003445         Code  Gb  ABImemset48.o [4]
__iar_Memset_word       0x08003561         Code  Gb  ABImemset.o [4]
__iar_copy_init3        0x08003fa1   0x2c  Code  Gb  copy_init3.o [4]
__iar_data_init3        0x08003fcd   0x28  Code  Gb  data_init.o [4]
__iar_program_start     0x080040d5         Code  Gb  cstartup_M.o [4]
__iar_unaligned___aeabi_memcpy
                        0x08001b5d         Code  Gb  ABImemcpy_unaligned.o [4]
__iar_unaligned___aeabi_memcpy4
                        0x08001b7d         Code  Gb  ABImemcpy_unaligned.o [4]
__iar_unaligned___aeabi_memcpy8
                        0x08001b7d         Code  Gb  ABImemcpy_unaligned.o [4]
__iar_zero_init3        0x08003f2d   0x40  Code  Gb  zero_init3.o [4]
__low_level_init        0x08004033    0x4  Code  Gb  low_level_init.o [3]
__vector_table          0x08000000         Data  Gb  startup_stm32f103xb.o [1]
_call_main              0x08004025         Code  Gb  cmain.o [4]
_exit                   0x0800403d         Code  Gb  cexit.o [4]
_main                   0x0800402f         Code  Gb  cmain.o [4]
assert_failed           0x08001ac3    0x2  Code  Gb  main.o [1]
exit                    0x08004037    0x4  Code  Gb  exit.o [3]
hspi1                   0x2000109c   0x58  Data  Gb  spi.o [1]
htim1                   0x200010f4   0x40  Data  Gb  stm32f1xx_hal_timebase_tim.o [1]
main                    0x08001a21   0x1c  Code  Gb  main.o [1]
makeFreeRtosPriority    0x08001ff5   0x12  Code  Lc  cmsis_os.o [1]
mcuWorkHandle           0x200011ac    0x4  Data  Gb  freertos.o [1]
osDelay                 0x0800203f   0x16  Code  Gb  cmsis_os.o [1]
osKernelStart           0x08002007    0xa  Code  Gb  cmsis_os.o [1]
osThreadCreate          0x08002011   0x2e  Code  Gb  cmsis_os.o [1]
prvAddCurrentTaskToDelayedList
                        0x08000a5d   0x80  Code  Lc  tasks.o [1]
prvAddNewTaskToReadyList
                        0x08000205   0xb8  Code  Lc  tasks.o [1]
prvCheckTasksWaitingTermination
                        0x080007ed   0x5a  Code  Lc  tasks.o [1]
prvCopyDataFromQueue    0x08002fab   0x2a  Code  Lc  queue.o [1]
prvCopyDataToQueue      0x08002f25   0x86  Code  Lc  queue.o [1]
prvDeleteTCB            0x0800084d   0x12  Code  Lc  tasks.o [1]
prvHeapInit             0x08000c9b   0x64  Code  Lc  heap_4.o [1]
prvIdleTask             0x08000761   0x22  Code  Lc  tasks.o [1]
prvInitialiseNewQueue   0x08002bb5   0x1c  Code  Lc  queue.o [1]
prvInitialiseNewTask    0x08000163   0xa2  Code  Lc  tasks.o [1]
prvInitialiseTaskLists  0x08000791   0x54  Code  Lc  tasks.o [1]
prvInsertBlockIntoFreeList
                        0x08000cff   0x5c  Code  Lc  heap_4.o [1]
prvIsQueueEmpty         0x08003043   0x1c  Code  Lc  queue.o [1]
prvIsQueueFull          0x0800305f   0x1e  Code  Lc  queue.o [1]
prvResetNextTaskUnblockTime
                        0x0800085f   0x2c  Code  Lc  tasks.o [1]
prvTaskExitError        0x08000e31   0x2a  Code  Lc  port.o [1]
prvUnlockQueue          0x08002fd5   0x6e  Code  Lc  queue.o [1]
pvPortMalloc            0x08000b19  0x10c  Code  Gb  heap_4.o [1]
pvTaskIncrementMutexHeldCount
                        0x08000a19   0x1e  Code  Gb  tasks.o [1]
pxCurrentTCB            0x200011c8    0x4  Data  Gb  tasks.o [1]
pxDelayedTaskList       0x200011cc    0x4  Data  Lc  tasks.o [1]
pxEnd                   0x200011b0    0x4  Data  Lc  heap_4.o [1]
pxOverflowDelayedTaskList
                        0x200011d0    0x4  Data  Lc  tasks.o [1]
pxPortInitialiseStack   0x08000e11   0x20  Code  Gb  port.o [1]
pxReadyTasksLists       0x20001010   0x8c  Data  Lc  tasks.o [1]
ucHeap                  0x20000410  0xc00  Data  Lc  heap_4.o [1]
ucMaxSysCallPriority    0x20001204    0x1  Data  Lc  port.o [1]
ulMaxPRIGROUPValue      0x200011c0    0x4  Data  Lc  port.o [1]
uwTick                  0x200011c4    0x4  Data  Gb  stm32f1xx_hal.o [1]
uwTickFreq              0x20000008    0x1  Data  Gb  stm32f1xx_hal.o [1]
uxCriticalNesting       0x20000000    0x4  Data  Lc  port.o [1]
uxCurrentNumberOfTasks  0x200011d8    0x4  Data  Lc  tasks.o [1]
uxDeletedTasksWaitingCleanUp
                        0x200011d4    0x4  Data  Lc  tasks.o [1]
uxListRemove            0x08000deb   0x26  Code  Gb  list.o [1]
uxPendedTicks           0x200011e8    0x4  Data  Lc  tasks.o [1]
uxSchedulerSuspended    0x20001200    0x4  Data  Lc  tasks.o [1]
uxTaskNumber            0x200011f4    0x4  Data  Lc  tasks.o [1]
uxTopReadyPriority      0x200011e0    0x4  Data  Lc  tasks.o [1]
vListInitialise         0x08000d79   0x1e  Code  Gb  list.o [1]
vListInitialiseItem     0x08000d97    0x6  Code  Gb  list.o [1]
vListInsert             0x08000db5   0x36  Code  Gb  list.o [1]
vListInsertEnd          0x08000d9d   0x18  Code  Gb  list.o [1]
vPortEnterCritical      0x08000ee3   0x3a  Code  Gb  port.o [1]
vPortExitCritical       0x08000f1d   0x32  Code  Gb  port.o [1]
vPortFree               0x08000c25   0x76  Code  Gb  heap_4.o [1]
vPortSetupTimerInterrupt
                        0x08000f91   0x28  Code  Wk  port.o [1]
vPortStartFirstTask     0x0800101f         Code  Gb  portasm.o [1]
vTaskDelay              0x080002bd   0x4c  Code  Gb  tasks.o [1]
vTaskMissedYield        0x08000755    0xa  Code  Gb  tasks.o [1]
vTaskPlaceOnEventList   0x08000605   0x2e  Code  Gb  tasks.o [1]
vTaskPriorityInherit    0x080008b9   0xa8  Code  Gb  tasks.o [1]
vTaskSetTimeOutState    0x080006ad   0x26  Code  Gb  tasks.o [1]
vTaskStartScheduler     0x08000309   0x66  Code  Gb  tasks.o [1]
vTaskSuspendAll         0x0800036f   0x10  Code  Gb  tasks.o [1]
vTaskSwitchContext      0x08000597   0x6e  Code  Gb  tasks.o [1]
xBlockAllocatedBit      0x200011bc    0x4  Data  Lc  heap_4.o [1]
xDelayedTaskList1       0x20001134   0x14  Data  Lc  tasks.o [1]
xDelayedTaskList2       0x20001148   0x14  Data  Lc  tasks.o [1]
xFreeBytesRemaining     0x200011b4    0x4  Data  Lc  heap_4.o [1]
xHeapStructSize         0x08004118    0x4  Data  Lc  heap_4.o [1]
xIdleTaskHandle         0x200011fc    0x4  Data  Lc  tasks.o [1]
xMinimumEverFreeBytesRemaining
                        0x200011b8    0x4  Data  Lc  heap_4.o [1]
xNextTaskUnblockTime    0x200011f8    0x4  Data  Lc  tasks.o [1]
xNumOfOverflows         0x200011f0    0x4  Data  Lc  tasks.o [1]
xPendingReadyList       0x2000115c   0x14  Data  Lc  tasks.o [1]
xPortStartScheduler     0x08000e5b   0x88  Code  Gb  port.o [1]
xQueueGenericCreate     0x08002b6b   0x4a  Code  Gb  queue.o [1]
xQueueGenericReceive    0x08002d67  0x1be  Code  Gb  queue.o [1]
xQueueGenericReset      0x08002ad9   0x92  Code  Gb  queue.o [1]
xQueueGenericSend       0x08002bd1  0x196  Code  Gb  queue.o [1]
xSchedulerRunning       0x200011e4    0x4  Data  Lc  tasks.o [1]
xStart                  0x20001198    0x8  Data  Lc  heap_4.o [1]
xSuspendedTaskList      0x20001184   0x14  Data  Lc  tasks.o [1]
xTaskCheckForTimeOut    0x080006d3   0x82  Code  Gb  tasks.o [1]
xTaskCreate             0x080000ed   0x76  Code  Gb  tasks.o [1]
xTaskGetSchedulerState  0x0800088b   0x20  Code  Gb  tasks.o [1]
xTaskIncrementTick      0x08000479  0x11e  Code  Gb  tasks.o [1]
xTaskPriorityDisinherit
                        0x08000961   0xb2  Code  Gb  tasks.o [1]
xTaskRemoveFromEventList
                        0x08000633   0x7a  Code  Gb  tasks.o [1]
xTaskResumeAll          0x0800037f   0xfa  Code  Gb  tasks.o [1]
xTasksWaitingTermination
                        0x20001170   0x14  Data  Lc  tasks.o [1]
xTickCount              0x200011dc    0x4  Data  Lc  tasks.o [1]
xYieldPending           0x200011ec    0x4  Data  Lc  tasks.o [1]


[1] = C:\Users\MrZang\IAR_prj\ventilation\EWARM\Release\Obj
[2] = command line
[3] = dl7M_tlf.a
[4] = rt7M_tl.a
[5] = shb_l.a

  16 074 bytes of readonly  code memory
     762 bytes of readonly  data memory
   4 606 bytes of readwrite data memory

Errors: none
Warnings: none
