###############################################################################
#
# IAR ELF Linker V7.70.1.11437/W32 for ARM                18/May/2019  13:33:50
# Copyright 2007-2016 IAR Systems AB.
#
#    Output file  =  
#        C:\Users\MrZang\IAR_prj\ventilation\EWARM\Release\Exe\ventilation.out
#    Map file     =  
#        C:\Users\MrZang\IAR_prj\ventilation\EWARM\Release\List\ventilation.map
#    Command line =  
#        C:\Users\MrZang\IAR_prj\ventilation\EWARM\Release\Obj\cmsis_os.o
#        C:\Users\MrZang\IAR_prj\ventilation\EWARM\Release\Obj\croutine.o
#        C:\Users\MrZang\IAR_prj\ventilation\EWARM\Release\Obj\event_groups.o
#        C:\Users\MrZang\IAR_prj\ventilation\EWARM\Release\Obj\freertos.o
#        C:\Users\MrZang\IAR_prj\ventilation\EWARM\Release\Obj\gpio.o
#        C:\Users\MrZang\IAR_prj\ventilation\EWARM\Release\Obj\heap_4.o
#        C:\Users\MrZang\IAR_prj\ventilation\EWARM\Release\Obj\list.o
#        C:\Users\MrZang\IAR_prj\ventilation\EWARM\Release\Obj\main.o
#        C:\Users\MrZang\IAR_prj\ventilation\EWARM\Release\Obj\port.o
#        C:\Users\MrZang\IAR_prj\ventilation\EWARM\Release\Obj\portasm.o
#        C:\Users\MrZang\IAR_prj\ventilation\EWARM\Release\Obj\queue.o
#        C:\Users\MrZang\IAR_prj\ventilation\EWARM\Release\Obj\spi.o
#        C:\Users\MrZang\IAR_prj\ventilation\EWARM\Release\Obj\startup_stm32f103xb.o
#        C:\Users\MrZang\IAR_prj\ventilation\EWARM\Release\Obj\stm32f1xx_hal.o
#        C:\Users\MrZang\IAR_prj\ventilation\EWARM\Release\Obj\stm32f1xx_hal_cortex.o
#        C:\Users\MrZang\IAR_prj\ventilation\EWARM\Release\Obj\stm32f1xx_hal_dma.o
#        C:\Users\MrZang\IAR_prj\ventilation\EWARM\Release\Obj\stm32f1xx_hal_flash.o
#        C:\Users\MrZang\IAR_prj\ventilation\EWARM\Release\Obj\stm32f1xx_hal_flash_ex.o
#        C:\Users\MrZang\IAR_prj\ventilation\EWARM\Release\Obj\stm32f1xx_hal_gpio.o
#        C:\Users\MrZang\IAR_prj\ventilation\EWARM\Release\Obj\stm32f1xx_hal_gpio_ex.o
#        C:\Users\MrZang\IAR_prj\ventilation\EWARM\Release\Obj\stm32f1xx_hal_msp.o
#        C:\Users\MrZang\IAR_prj\ventilation\EWARM\Release\Obj\stm32f1xx_hal_pwr.o
#        C:\Users\MrZang\IAR_prj\ventilation\EWARM\Release\Obj\stm32f1xx_hal_rcc.o
#        C:\Users\MrZang\IAR_prj\ventilation\EWARM\Release\Obj\stm32f1xx_hal_rcc_ex.o
#        C:\Users\MrZang\IAR_prj\ventilation\EWARM\Release\Obj\stm32f1xx_hal_spi.o
#        C:\Users\MrZang\IAR_prj\ventilation\EWARM\Release\Obj\stm32f1xx_hal_spi_ex.o
#        C:\Users\MrZang\IAR_prj\ventilation\EWARM\Release\Obj\stm32f1xx_hal_tim.o
#        C:\Users\MrZang\IAR_prj\ventilation\EWARM\Release\Obj\stm32f1xx_hal_tim_ex.o
#        C:\Users\MrZang\IAR_prj\ventilation\EWARM\Release\Obj\stm32f1xx_hal_timebase_tim.o
#        C:\Users\MrZang\IAR_prj\ventilation\EWARM\Release\Obj\stm32f1xx_it.o
#        C:\Users\MrZang\IAR_prj\ventilation\EWARM\Release\Obj\SX1278.o
#        C:\Users\MrZang\IAR_prj\ventilation\EWARM\Release\Obj\system_stm32f1xx.o
#        C:\Users\MrZang\IAR_prj\ventilation\EWARM\Release\Obj\tasks.o
#        C:\Users\MrZang\IAR_prj\ventilation\EWARM\Release\Obj\timers.o
#        --redirect _Printf=_PrintfFull --redirect _Scanf=_ScanfFull -o
#        C:\Users\MrZang\IAR_prj\ventilation\EWARM\Release\Exe\ventilation.out
#        --map
#        C:\Users\MrZang\IAR_prj\ventilation\EWARM\Release\List\ventilation.map
#        --config
#        C:\Users\MrZang\IAR_prj\ventilation\EWARM/stm32f103xb_flash.icf
#        --semihosting --entry __iar_program_start --vfe
#
###############################################################################

*******************************************************************************
*** RUNTIME MODEL ATTRIBUTES
***

CppFlavor       = *
__SystemLibrary = DLib


*******************************************************************************
*** PLACEMENT SUMMARY
***

"A0":  place at 0x08000000 { ro section .intvec };
"P1":  place in [from 0x08000000 to 0x0801ffff] { ro };
"P2":  place in [from 0x20000000 to 0x20004fff] { rw, block CSTACK, block HEAP };
initialize by copy { rw };

  Section            Kind        Address    Size  Object
  -------            ----        -------    ----  ------
"A0":                                       0xec
  .intvec            ro code  0x08000000    0xec  startup_stm32f103xb.o [1]
                            - 0x080000ec    0xec

"P1":                                     0x3758
  .text              ro code  0x080000ec   0x9e0  stm32f1xx_hal_rcc.o [1]
  .text              ro code  0x08000acc    0xa4  main.o [1]
  .text              ro code  0x08000b70     0xc  stm32f1xx_hal.o [1]
  .text              ro code  0x08000b7c    0x8c  stm32f1xx_hal_timebase_tim.o [1]
  .text              ro code  0x08000c08    0x76  ABImemcpy_unaligned.o [4]
  .rodata            const    0x08000c7e     0x2  stm32f1xx_hal_rcc.o [1]
  .text              ro code  0x08000c80    0x28  stm32f1xx_hal.o [1]
  .text              ro code  0x08000ca8   0x128  gpio.o [1]
  .text              ro code  0x08000dd0    0xf0  spi.o [1]
  .text              ro code  0x08000ec0   0x10c  freertos.o [1]
  .text              ro code  0x08000fcc    0x60  cmsis_os.o [1]
  .text              ro code  0x0800102c     0x6  ABImemclr4.o [4]
  .text              ro code  0x08001034    0x18  stm32f1xx_hal.o [1]
  .text              ro code  0x0800104c   0x134  stm32f1xx_hal_cortex.o [1]
  .text              ro code  0x08001180   0x31e  stm32f1xx_hal_tim.o [1]
  .text              ro code  0x080014a0    0x5c  stm32f1xx_hal_msp.o [1]
  .text              ro code  0x080014fc   0x426  stm32f1xx_hal_gpio.o [1]
  .text              ro code  0x08001924   0x18c  stm32f1xx_hal_spi_ex.o [1]
  .text              ro code  0x08001ab0   0x3c4  SX1278.o [1]
  .text              ro code  0x08001e74   0x728  tasks.o [1]
  .text              ro code  0x0800259c    0x32  ABImemset48.o [4]
  .text              ro code  0x080025ce     0x2  stm32f1xx_hal_tim.o [1]
  .text              ro code  0x080025d0     0x2  stm32f1xx_hal_tim.o [1]
  .text              ro code  0x080025d2     0x2  stm32f1xx_hal_tim.o [1]
  .text              ro code  0x080025d4     0x2  stm32f1xx_hal_tim_ex.o [1]
  .text              ro code  0x080025d6     0x2  stm32f1xx_hal_tim.o [1]
  .text              ro code  0x080025d8     0x2  stm32f1xx_hal_tim_ex.o [1]
  .text              ro code  0x080025da    0x26  SX1278.o [1]
  .text              ro code  0x08002600    0x3c  SX1278.o [1]
  .text              ro code  0x0800263c    0x1a  SX1278.o [1]
  .text              ro code  0x08002656     0x8  SX1278.o [1]
  .text              ro code  0x0800265e    0x36  SX1278.o [1]
  .text              ro code  0x08002694    0x1a  SX1278.o [1]
  .text              ro code  0x080026b0    0x66  ABImemset.o [4]
  .text              ro code  0x08002716    0x1c  SX1278.o [1]
  .text              ro code  0x08002734   0x260  heap_4.o [1]
  .text              ro code  0x08002994    0x98  list.o [1]
  .text              ro code  0x08002a2c   0x1a8  port.o [1]
  .text              ro code  0x08002bd4   0x5c6  stm32f1xx_hal_spi.o [1]
  .text              ro code  0x0800319c    0x28  stm32f1xx_hal.o [1]
  CODE               ro code  0x080031c4    0x88  portasm.o [1]
  .text              ro code  0x0800324c    0xcc  stm32f1xx_hal_dma.o [1]
  .text              ro code  0x08003318     0x2  stm32f1xx_hal_spi.o [1]
  .text              ro code  0x0800331c    0x68  system_stm32f1xx.o [1]
  .rodata            const    0x08003384    0x5c  stm32f1xx_hal_cortex.o [1]
  .rodata            const    0x080033e0    0x5c  stm32f1xx_hal_gpio.o [1]
  .rodata            const    0x0800343c    0x5c  stm32f1xx_hal_rcc.o [1]
  .rodata            const    0x08003498    0x5c  stm32f1xx_hal_spi.o [1]
  .rodata            const    0x080034f4    0x5c  stm32f1xx_hal_spi_ex.o [1]
  .rodata            const    0x08003550    0x5c  stm32f1xx_hal_tim.o [1]
  .text              ro code  0x080035ac    0x40  zero_init3.o [4]
  .text              ro code  0x080035ec    0x34  stm32f1xx_it.o [1]
  .text              ro code  0x08003620    0x2c  copy_init3.o [4]
  .text              ro code  0x0800364c    0x28  data_init.o [4]
  .iar.init_table    const    0x08003674    0x24  - Linker created -
  .text              ro code  0x08003698    0x1a  cmain.o [4]
  .text              ro code  0x080036b2     0x4  low_level_init.o [3]
  .text              ro code  0x080036b6     0x4  exit.o [3]
  .text              ro code  0x080036bc     0xa  cexit.o [4]
  .text              ro code  0x080036c8    0x14  exit.o [5]
  .rodata            const    0x080036dc    0x14  freertos.o [1]
  .rodata            const    0x080036f0    0x14  freertos.o [1]
  .rodata            const    0x08003704    0x14  freertos.o [1]
  .rodata            const    0x08003718    0x10  stm32f1xx_hal_rcc.o [1]
  .rodata            const    0x08003728    0x10  system_stm32f1xx.o [1]
  .text              ro code  0x08003738    0x10  startup_stm32f103xb.o [1]
  .rodata            const    0x08003748     0xc  SX1278.o [1]
  .text              ro code  0x08003754     0xc  cstartup_M.o [4]
  Initializer bytes  const    0x08003760     0xc  <for P2-1>
  .rodata            const    0x0800376c     0x8  freertos.o [1]
  .rodata            const    0x08003774     0x8  freertos.o [1]
  .rodata            const    0x0800377c     0x8  SX1278.o [1]
  .rodata            const    0x08003784     0x8  system_stm32f1xx.o [1]
  .rodata            const    0x0800378c     0x8  tasks.o [1]
  .rodata            const    0x08003794     0x4  freertos.o [1]
  .rodata            const    0x08003798     0x4  heap_4.o [1]
  .rodata            const    0x0800379c     0x4  SX1278.o [1]
  .rodata            const    0x080037a0     0x4  SX1278.o [1]
  .text              ro code  0x080037a4     0x4  startup_stm32f103xb.o [1]
  .text              ro code  0x080037a8     0x4  startup_stm32f103xb.o [1]
  .text              ro code  0x080037ac     0x4  startup_stm32f103xb.o [1]
  .text              ro code  0x080037b0     0x4  startup_stm32f103xb.o [1]
  .text              ro code  0x080037b4     0x4  startup_stm32f103xb.o [1]
  .text              ro code  0x080037b8     0x4  startup_stm32f103xb.o [1]
  .text              ro code  0x080037bc     0x4  startup_stm32f103xb.o [1]
  .text              ro code  0x080037c0     0x4  startup_stm32f103xb.o [1]
  .text              ro code  0x080037c4     0x4  startup_stm32f103xb.o [1]
  .text              ro code  0x080037c8     0x4  startup_stm32f103xb.o [1]
  .text              ro code  0x080037cc     0x4  startup_stm32f103xb.o [1]
  .text              ro code  0x080037d0     0x4  startup_stm32f103xb.o [1]
  .text              ro code  0x080037d4     0x4  startup_stm32f103xb.o [1]
  .text              ro code  0x080037d8     0x4  startup_stm32f103xb.o [1]
  .text              ro code  0x080037dc     0x4  startup_stm32f103xb.o [1]
  .text              ro code  0x080037e0     0x4  startup_stm32f103xb.o [1]
  .text              ro code  0x080037e4     0x4  startup_stm32f103xb.o [1]
  .text              ro code  0x080037e8     0x4  startup_stm32f103xb.o [1]
  .text              ro code  0x080037ec     0x4  startup_stm32f103xb.o [1]
  .text              ro code  0x080037f0     0x4  startup_stm32f103xb.o [1]
  .text              ro code  0x080037f4     0x4  startup_stm32f103xb.o [1]
  .text              ro code  0x080037f8     0x4  startup_stm32f103xb.o [1]
  .text              ro code  0x080037fc     0x4  startup_stm32f103xb.o [1]
  .text              ro code  0x08003800     0x4  startup_stm32f103xb.o [1]
  .text              ro code  0x08003804     0x4  startup_stm32f103xb.o [1]
  .text              ro code  0x08003808     0x4  startup_stm32f103xb.o [1]
  .text              ro code  0x0800380c     0x4  startup_stm32f103xb.o [1]
  .text              ro code  0x08003810     0x4  startup_stm32f103xb.o [1]
  .text              ro code  0x08003814     0x4  startup_stm32f103xb.o [1]
  .text              ro code  0x08003818     0x4  startup_stm32f103xb.o [1]
  .text              ro code  0x0800381c     0x4  startup_stm32f103xb.o [1]
  .text              ro code  0x08003820     0x4  startup_stm32f103xb.o [1]
  .text              ro code  0x08003824     0x4  startup_stm32f103xb.o [1]
  .text              ro code  0x08003828     0x4  startup_stm32f103xb.o [1]
  .text              ro code  0x0800382c     0x4  startup_stm32f103xb.o [1]
  .text              ro code  0x08003830     0x4  startup_stm32f103xb.o [1]
  .text              ro code  0x08003834     0x4  startup_stm32f103xb.o [1]
  .text              ro code  0x08003838     0x4  startup_stm32f103xb.o [1]
  .text              ro code  0x0800383c     0x4  startup_stm32f103xb.o [1]
  .text              ro code  0x08003840     0x4  startup_stm32f103xb.o [1]
  .rodata            const    0x08003844     0x0  zero_init3.o [4]
  .rodata            const    0x08003844     0x0  copy_init3.o [4]
                            - 0x08003844  0x3758

"P2", part 1 of 3:                           0xc
  P2-1                        0x20000000     0x9  <Init block>
    .data            inited   0x20000000     0x4  port.o [1]
    .data            inited   0x20000004     0x4  system_stm32f1xx.o [1]
    .data            inited   0x20000008     0x1  stm32f1xx_hal.o [1]
                            - 0x20000009     0x9

"P2", part 2 of 3:                         0x400
  CSTACK                      0x20000010   0x400  <Block>
    CSTACK           uninit   0x20000010   0x400  <Block tail>
                            - 0x20000410   0x400

"P2", part 3 of 3:                         0xdf4
  .bss               zero     0x20000410   0xc00  heap_4.o [1]
  .bss               zero     0x20001010    0x8c  tasks.o [1]
  .bss               zero     0x2000109c    0x58  spi.o [1]
  .bss               zero     0x200010f4    0x40  stm32f1xx_hal_timebase_tim.o [1]
  .bss               zero     0x20001134    0x14  tasks.o [1]
  .bss               zero     0x20001148    0x14  tasks.o [1]
  .bss               zero     0x2000115c    0x14  tasks.o [1]
  .bss               zero     0x20001170    0x14  tasks.o [1]
  .bss               zero     0x20001184    0x14  tasks.o [1]
  .bss               zero     0x20001198     0x8  heap_4.o [1]
  .bss               zero     0x200011a0     0x4  freertos.o [1]
  .bss               zero     0x200011a4     0x4  freertos.o [1]
  .bss               zero     0x200011a8     0x4  freertos.o [1]
  .bss               zero     0x200011ac     0x4  heap_4.o [1]
  .bss               zero     0x200011b0     0x4  heap_4.o [1]
  .bss               zero     0x200011b4     0x4  heap_4.o [1]
  .bss               zero     0x200011b8     0x4  heap_4.o [1]
  .bss               zero     0x200011bc     0x4  port.o [1]
  .bss               zero     0x200011c0     0x4  stm32f1xx_hal.o [1]
  .bss               zero     0x200011c4     0x4  tasks.o [1]
  .bss               zero     0x200011c8     0x4  tasks.o [1]
  .bss               zero     0x200011cc     0x4  tasks.o [1]
  .bss               zero     0x200011d0     0x4  tasks.o [1]
  .bss               zero     0x200011d4     0x4  tasks.o [1]
  .bss               zero     0x200011d8     0x4  tasks.o [1]
  .bss               zero     0x200011dc     0x4  tasks.o [1]
  .bss               zero     0x200011e0     0x4  tasks.o [1]
  .bss               zero     0x200011e4     0x4  tasks.o [1]
  .bss               zero     0x200011e8     0x4  tasks.o [1]
  .bss               zero     0x200011ec     0x4  tasks.o [1]
  .bss               zero     0x200011f0     0x4  tasks.o [1]
  .bss               zero     0x200011f4     0x4  tasks.o [1]
  .bss               zero     0x200011f8     0x4  tasks.o [1]
  .bss               zero     0x200011fc     0x4  tasks.o [1]
  .bss               zero     0x20001200     0x1  port.o [1]
                            - 0x20001201   0xdf1


*******************************************************************************
*** INIT TABLE
***

          Address     Size
          -------     ----
Zero (__iar_zero_init3)
    1 destination range, total size 0xdf1:
          0x20000410  0xdf1

Copy (__iar_copy_init3)
    1 source range, total size 0xc (133% of destination):
          0x08003760    0xc
    1 destination range, total size 0x9:
          0x20000000    0x9



*******************************************************************************
*** MODULE SUMMARY
***

    Module                        ro code  ro data  rw data
    ------                        -------  -------  -------
C:\Users\MrZang\IAR_prj\ventilation\EWARM\Release\Obj: [1]
    SX1278.o                        1 204       28
    cmsis_os.o                         96
    freertos.o                        268       80       12
    gpio.o                            296
    heap_4.o                          608        4    3 096
    list.o                            152
    main.o                            164
    port.o                            424        4        9
    portasm.o                         136
    spi.o                             240                88
    startup_stm32f103xb.o             412
    stm32f1xx_hal.o                   116        1        5
    stm32f1xx_hal_cortex.o            308       92
    stm32f1xx_hal_dma.o               204
    stm32f1xx_hal_gpio.o            1 062       92
    stm32f1xx_hal_msp.o                92
    stm32f1xx_hal_rcc.o             2 528      110
    stm32f1xx_hal_spi.o             1 480       92
    stm32f1xx_hal_spi_ex.o            396       92
    stm32f1xx_hal_tim.o               806       92
    stm32f1xx_hal_tim_ex.o              4
    stm32f1xx_hal_timebase_tim.o      140                64
    stm32f1xx_it.o                     52
    system_stm32f1xx.o                104       28        4
    tasks.o                         1 832        8      300
    -------------------------------------------------------
    Total:                         13 124      723    3 578

command line: [2]
    -------------------------------------------------------
    Total:

dl7M_tlf.a: [3]
    exit.o                              4
    low_level_init.o                    4
    -------------------------------------------------------
    Total:                              8

rt7M_tl.a: [4]
    ABImemclr4.o                        6
    ABImemcpy_unaligned.o             118
    ABImemset.o                       102
    ABImemset48.o                      50
    cexit.o                            10
    cmain.o                            26
    copy_init3.o                       44
    cstartup_M.o                       12
    data_init.o                        40
    zero_init3.o                       64
    -------------------------------------------------------
    Total:                            472

shb_l.a: [5]
    exit.o                             20
    -------------------------------------------------------
    Total:                             20

    Gaps                               18
    Linker created                              39    1 024
-----------------------------------------------------------
    Grand Total:                   13 642      762    4 602


*******************************************************************************
*** ENTRY LIST
***

Entry                      Address   Size  Type      Object
-----                      -------   ----  ----      ------
.iar.init_table$$Base   0x08003674          --   Gb  - Linker created -
.iar.init_table$$Limit  0x08003698          --   Gb  - Linker created -
?main                   0x08003699         Code  Gb  cmain.o [4]
AHBPrescTable           0x08003728   0x10  Data  Gb  system_stm32f1xx.o [1]
APBPrescTable           0x08003784    0x8  Data  Gb  system_stm32f1xx.o [1]
BusFault_Handler        0x080035f3    0x2  Code  Gb  stm32f1xx_it.o [1]
CSTACK$$Base            0x20000010          --   Gb  - Linker created -
CSTACK$$Limit           0x20000410          --   Gb  - Linker created -
DebugMon_Handler        0x080035f7    0x2  Code  Gb  stm32f1xx_it.o [1]
EXTI15_10_IRQHandler    0x08003615    0xc  Code  Gb  stm32f1xx_it.o [1]
Error_Handler           0x08000b6d    0x2  Code  Gb  main.o [1]
FanHandle               0x200011a4    0x4  Data  Gb  freertos.o [1]
HAL_DMA_Abort_IT        0x0800324d   0xae  Code  Gb  stm32f1xx_hal_dma.o [1]
HAL_Delay               0x0800319d   0x28  Code  Wk  stm32f1xx_hal.o [1]
HAL_GPIO_EXTI_Callback  0x08001921    0x2  Code  Wk  stm32f1xx_hal_gpio.o [1]
HAL_GPIO_EXTI_IRQHandler
                        0x080018b9   0x1a  Code  Gb  stm32f1xx_hal_gpio.o [1]
HAL_GPIO_Init           0x080014fd  0x352  Code  Gb  stm32f1xx_hal_gpio.o [1]
HAL_GPIO_ReadPin        0x0800184f   0x28  Code  Gb  stm32f1xx_hal_gpio.o [1]
HAL_GPIO_WritePin       0x08001877   0x42  Code  Gb  stm32f1xx_hal_gpio.o [1]
HAL_GetTick             0x08000b71    0xc  Code  Wk  stm32f1xx_hal.o [1]
HAL_IncTick             0x08001035   0x18  Code  Wk  stm32f1xx_hal.o [1]
HAL_Init                0x08000c81   0x22  Code  Gb  stm32f1xx_hal.o [1]
HAL_InitTick            0x08000b7d   0x7c  Code  Gb  stm32f1xx_hal_timebase_tim.o [1]
HAL_MspInit             0x080014a1   0x5c  Code  Gb  stm32f1xx_hal_msp.o [1]
HAL_NVIC_EnableIRQ      0x0800114b   0x1c  Code  Gb  stm32f1xx_hal_cortex.o [1]
HAL_NVIC_SetPriority    0x08001111   0x3a  Code  Gb  stm32f1xx_hal_cortex.o [1]
HAL_NVIC_SetPriorityGrouping
                        0x080010e9   0x28  Code  Gb  stm32f1xx_hal_cortex.o [1]
HAL_RCC_ClockConfig     0x080006c5  0x2be  Code  Gb  stm32f1xx_hal_rcc.o [1]
HAL_RCC_GetClockConfig  0x08000a05   0x5c  Code  Gb  stm32f1xx_hal_rcc.o [1]
HAL_RCC_GetHCLKFreq     0x080009e9    0x6  Code  Gb  stm32f1xx_hal_rcc.o [1]
HAL_RCC_GetPCLK2Freq    0x080009ef   0x16  Code  Gb  stm32f1xx_hal_rcc.o [1]
HAL_RCC_GetSysClockFreq
                        0x08000983   0x66  Code  Gb  stm32f1xx_hal_rcc.o [1]
HAL_RCC_OscConfig       0x080000ed  0x5d8  Code  Gb  stm32f1xx_hal_rcc.o [1]
HAL_SPI_ErrorCallback   0x08003319    0x2  Code  Wk  stm32f1xx_hal_spi.o [1]
HAL_SPI_GetState        0x080030b5    0x6  Code  Gb  stm32f1xx_hal_spi.o [1]
HAL_SPI_IRQHandler      0x08002fbd   0xf8  Code  Gb  stm32f1xx_hal_spi.o [1]
HAL_SPI_Init            0x08001925  0x18c  Code  Gb  stm32f1xx_hal_spi_ex.o [1]
HAL_SPI_MspInit         0x08000e2f   0x82  Code  Gb  spi.o [1]
HAL_SPI_Transmit        0x08002bd5  0x1bc  Code  Gb  stm32f1xx_hal_spi.o [1]
HAL_SPI_TransmitReceive
                        0x08002d91  0x226  Code  Gb  stm32f1xx_hal_spi.o [1]
HAL_TIMEx_BreakCallback
                        0x080025d5    0x2  Code  Wk  stm32f1xx_hal_tim_ex.o [1]
HAL_TIMEx_CommutationCallback
                        0x080025d9    0x2  Code  Wk  stm32f1xx_hal_tim_ex.o [1]
HAL_TIM_Base_Init       0x08001181   0xc6  Code  Gb  stm32f1xx_hal_tim.o [1]
HAL_TIM_Base_MspInit    0x0800149d    0x2  Code  Wk  stm32f1xx_hal_tim.o [1]
HAL_TIM_Base_Start_IT   0x08001247   0x52  Code  Gb  stm32f1xx_hal_tim.o [1]
HAL_TIM_IC_CaptureCallback
                        0x080025cf    0x2  Code  Wk  stm32f1xx_hal_tim.o [1]
HAL_TIM_IRQHandler      0x080012ad  0x176  Code  Gb  stm32f1xx_hal_tim.o [1]
HAL_TIM_OC_DelayElapsedCallback
                        0x080025d1    0x2  Code  Wk  stm32f1xx_hal_tim.o [1]
HAL_TIM_PWM_PulseFinishedCallback
                        0x080025d3    0x2  Code  Wk  stm32f1xx_hal_tim.o [1]
HAL_TIM_PeriodElapsedCallback
                        0x08000b57   0x10  Code  Gb  main.o [1]
HAL_TIM_TriggerCallback
                        0x080025d7    0x2  Code  Wk  stm32f1xx_hal_tim.o [1]
HardFault_Handler       0x080035ef    0x2  Code  Gb  stm32f1xx_it.o [1]
LoRaHandle              0x200011a0    0x4  Data  Gb  freertos.o [1]
MX_FREERTOS_Init        0x08000ec1   0x4a  Code  Gb  freertos.o [1]
MX_GPIO_Init            0x08000ca9  0x128  Code  Gb  gpio.o [1]
MX_SPI1_Init            0x08000dd1   0x5e  Code  Gb  spi.o [1]
MemManage_Handler       0x080035f1    0x2  Code  Gb  stm32f1xx_it.o [1]
NMI_Handler             0x080035ed    0x2  Code  Gb  stm32f1xx_it.o [1]
NVIC_EnableIRQ          0x08001075   0x14  Code  Lc  stm32f1xx_hal_cortex.o [1]
NVIC_EncodePriority     0x080010ab   0x3e  Code  Lc  stm32f1xx_hal_cortex.o [1]
NVIC_GetPriorityGrouping
                        0x0800106b    0xa  Code  Lc  stm32f1xx_hal_cortex.o [1]
NVIC_SetPriority        0x08001089   0x22  Code  Lc  stm32f1xx_hal_cortex.o [1]
NVIC_SetPriorityGrouping
                        0x0800104d   0x1e  Code  Lc  stm32f1xx_hal_cortex.o [1]
PendSV_Handler          0x080031c5         Code  Gb  portasm.o [1]
RCC_Delay               0x08000a69   0x24  Code  Lc  stm32f1xx_hal_rcc.o [1]
Region$$Table$$Base     0x08003674          --   Gb  - Linker created -
Region$$Table$$Limit    0x08003698          --   Gb  - Linker created -
SPI1_IRQHandler         0x08003603    0xa  Code  Gb  stm32f1xx_it.o [1]
SPI_CheckFlag_BSY       0x08003173   0x28  Code  Lc  stm32f1xx_hal_spi.o [1]
SPI_DMAAbortOnError     0x080030bd   0x12  Code  Lc  stm32f1xx_hal_spi.o [1]
SPI_WaitFlagStateUntilTimeout
                        0x080030d1   0xa2  Code  Lc  stm32f1xx_hal_spi.o [1]
SVC_Handler             0x0800320b         Code  Gb  portasm.o [1]
SX1278_Frequency        0x0800379c    0x4  Data  Lc  SX1278.o [1]
SX1278_LoRaBandwidth    0x08003748    0xc  Data  Lc  SX1278.o [1]
SX1278_LoRaEntryRx      0x08001d11   0xa0  Code  Gb  SX1278.o [1]
SX1278_LoRaRxPacket     0x08001db1   0x66  Code  Gb  SX1278.o [1]
SX1278_Power            0x080037a0    0x4  Data  Lc  SX1278.o [1]
SX1278_SPIBurstRead     0x08001b03   0x48  Code  Gb  SX1278.o [1]
SX1278_SPIBurstWrite    0x08001b4b   0x4a  Code  Gb  SX1278.o [1]
SX1278_SPIRead          0x08001ab1   0x22  Code  Gb  SX1278.o [1]
SX1278_SPIWrite         0x08001ad3   0x30  Code  Gb  SX1278.o [1]
SX1278_SpreadFactor     0x0800377c    0x8  Data  Lc  SX1278.o [1]
SX1278_begin            0x08001e17   0x26  Code  Gb  SX1278.o [1]
SX1278_clearLoRaIrq     0x08001d05    0xc  Code  Gb  SX1278.o [1]
SX1278_config           0x08001ba7  0x118  Code  Gb  SX1278.o [1]
SX1278_defaultConfig    0x08001b95   0x12  Code  Gb  SX1278.o [1]
SX1278_entryLoRa        0x08001cf9    0xc  Code  Gb  SX1278.o [1]
SX1278_hw_DelayMs       0x08002657    0x8  Code  Wk  SX1278.o [1]
SX1278_hw_GetDIO0       0x08002695   0x1a  Code  Wk  SX1278.o [1]
SX1278_hw_Reset         0x0800265f   0x36  Code  Wk  SX1278.o [1]
SX1278_hw_SPICommand    0x080025db   0x26  Code  Wk  SX1278.o [1]
SX1278_hw_SPIReadByte   0x08002601   0x3c  Code  Wk  SX1278.o [1]
SX1278_hw_SetNSS        0x0800263d   0x1a  Code  Wk  SX1278.o [1]
SX1278_hw_init          0x08002717   0x1c  Code  Wk  SX1278.o [1]
SX1278_read             0x08001e3d   0x38  Code  Gb  SX1278.o [1]
SX1278_sleep            0x08001ce5   0x14  Code  Gb  SX1278.o [1]
SX1278_standby          0x08001cd1   0x14  Code  Gb  SX1278.o [1]
StartLoRa               0x08000f0b   0x64  Code  Gb  freertos.o [1]
StartMcuWork            0x08000f7b   0x2c  Code  Gb  freertos.o [1]
StartTaskFan            0x08000f6f    0xc  Code  Gb  freertos.o [1]
SysTick_Handler         0x08002b6b   0x28  Code  Gb  port.o [1]
SystemClock_Config      0x08000ae9   0x6e  Code  Gb  main.o [1]
SystemCoreClock         0x20000004    0x4  Data  Gb  system_stm32f1xx.o [1]
SystemInit              0x0800331d   0x4e  Code  Gb  system_stm32f1xx.o [1]
TIM1_UP_IRQHandler      0x080035f9    0xa  Code  Gb  stm32f1xx_it.o [1]
TIM_Base_SetConfig      0x08001423   0x6c  Code  Gb  stm32f1xx_hal_tim.o [1]
UsageFault_Handler      0x080035f5    0x2  Code  Gb  stm32f1xx_it.o [1]
__aeabi_memclr4         0x0800102d         Code  Gb  ABImemclr4.o [4]
__aeabi_memset          0x080026b1         Code  Gb  ABImemset.o [4]
__cmain                 0x08003699         Code  Gb  cmain.o [4]
__exit                  0x080036c9   0x14  Code  Gb  exit.o [5]
__iar_Memset            0x080026b1         Code  Gb  ABImemset.o [4]
__iar_Memset4_word      0x0800259d         Code  Gb  ABImemset48.o [4]
__iar_Memset8_word      0x0800259d         Code  Gb  ABImemset48.o [4]
__iar_Memset_word       0x080026b9         Code  Gb  ABImemset.o [4]
__iar_copy_init3        0x08003621   0x2c  Code  Gb  copy_init3.o [4]
__iar_data_init3        0x0800364d   0x28  Code  Gb  data_init.o [4]
__iar_program_start     0x08003755         Code  Gb  cstartup_M.o [4]
__iar_unaligned___aeabi_memcpy
                        0x08000c09         Code  Gb  ABImemcpy_unaligned.o [4]
__iar_unaligned___aeabi_memcpy4
                        0x08000c29         Code  Gb  ABImemcpy_unaligned.o [4]
__iar_unaligned___aeabi_memcpy8
                        0x08000c29         Code  Gb  ABImemcpy_unaligned.o [4]
__iar_zero_init3        0x080035ad   0x40  Code  Gb  zero_init3.o [4]
__low_level_init        0x080036b3    0x4  Code  Gb  low_level_init.o [3]
__vector_table          0x08000000         Data  Gb  startup_stm32f103xb.o [1]
_call_main              0x080036a5         Code  Gb  cmain.o [4]
_exit                   0x080036bd         Code  Gb  cexit.o [4]
_main                   0x080036af         Code  Gb  cmain.o [4]
assert_failed           0x08000b6f    0x2  Code  Gb  main.o [1]
exit                    0x080036b7    0x4  Code  Gb  exit.o [3]
hspi1                   0x2000109c   0x58  Data  Gb  spi.o [1]
htim1                   0x200010f4   0x40  Data  Gb  stm32f1xx_hal_timebase_tim.o [1]
main                    0x08000acd   0x1c  Code  Gb  main.o [1]
makeFreeRtosPriority    0x08000fcd   0x12  Code  Lc  cmsis_os.o [1]
mcuWorkHandle           0x200011a8    0x4  Data  Gb  freertos.o [1]
osDelay                 0x08001017   0x16  Code  Gb  cmsis_os.o [1]
osKernelStart           0x08000fdf    0xa  Code  Gb  cmsis_os.o [1]
osThreadCreate          0x08000fe9   0x2e  Code  Gb  cmsis_os.o [1]
prvAddCurrentTaskToDelayedList
                        0x080024ed   0x80  Code  Lc  tasks.o [1]
prvAddNewTaskToReadyList
                        0x08001f8d   0xb8  Code  Lc  tasks.o [1]
prvCheckTasksWaitingTermination
                        0x08002419   0x5a  Code  Lc  tasks.o [1]
prvDeleteTCB            0x08002479   0x12  Code  Lc  tasks.o [1]
prvHeapInit             0x080028b7   0x64  Code  Lc  heap_4.o [1]
prvIdleTask             0x0800238d   0x22  Code  Lc  tasks.o [1]
prvInitialiseNewTask    0x08001eeb   0xa2  Code  Lc  tasks.o [1]
prvInitialiseTaskLists  0x080023bd   0x54  Code  Lc  tasks.o [1]
prvInsertBlockIntoFreeList
                        0x0800291b   0x5c  Code  Lc  heap_4.o [1]
prvResetNextTaskUnblockTime
                        0x0800248b   0x2c  Code  Lc  tasks.o [1]
prvTaskExitError        0x08002a4d   0x2a  Code  Lc  port.o [1]
pvPortMalloc            0x08002735  0x10c  Code  Gb  heap_4.o [1]
pxCurrentTCB            0x200011c4    0x4  Data  Gb  tasks.o [1]
pxDelayedTaskList       0x200011c8    0x4  Data  Lc  tasks.o [1]
pxEnd                   0x200011ac    0x4  Data  Lc  heap_4.o [1]
pxOverflowDelayedTaskList
                        0x200011cc    0x4  Data  Lc  tasks.o [1]
pxPortInitialiseStack   0x08002a2d   0x20  Code  Gb  port.o [1]
pxReadyTasksLists       0x20001010   0x8c  Data  Lc  tasks.o [1]
ucHeap                  0x20000410  0xc00  Data  Lc  heap_4.o [1]
ucMaxSysCallPriority    0x20001200    0x1  Data  Lc  port.o [1]
ulMaxPRIGROUPValue      0x200011bc    0x4  Data  Lc  port.o [1]
uwTick                  0x200011c0    0x4  Data  Gb  stm32f1xx_hal.o [1]
uwTickFreq              0x20000008    0x1  Data  Gb  stm32f1xx_hal.o [1]
uxCriticalNesting       0x20000000    0x4  Data  Lc  port.o [1]
uxCurrentNumberOfTasks  0x200011d4    0x4  Data  Lc  tasks.o [1]
uxDeletedTasksWaitingCleanUp
                        0x200011d0    0x4  Data  Lc  tasks.o [1]
uxListRemove            0x08002a07   0x26  Code  Gb  list.o [1]
uxPendedTicks           0x200011e4    0x4  Data  Lc  tasks.o [1]
uxSchedulerSuspended    0x200011fc    0x4  Data  Lc  tasks.o [1]
uxTaskNumber            0x200011f0    0x4  Data  Lc  tasks.o [1]
uxTopReadyPriority      0x200011dc    0x4  Data  Lc  tasks.o [1]
vListInitialise         0x08002995   0x1e  Code  Gb  list.o [1]
vListInitialiseItem     0x080029b3    0x6  Code  Gb  list.o [1]
vListInsert             0x080029d1   0x36  Code  Gb  list.o [1]
vListInsertEnd          0x080029b9   0x18  Code  Gb  list.o [1]
vPortEnterCritical      0x08002aff   0x3a  Code  Gb  port.o [1]
vPortExitCritical       0x08002b39   0x32  Code  Gb  port.o [1]
vPortFree               0x08002841   0x76  Code  Gb  heap_4.o [1]
vPortSetupTimerInterrupt
                        0x08002bad   0x28  Code  Wk  port.o [1]
vPortStartFirstTask     0x0800322b         Code  Gb  portasm.o [1]
vTaskDelay              0x08002045   0x4c  Code  Gb  tasks.o [1]
vTaskStartScheduler     0x08002091   0x66  Code  Gb  tasks.o [1]
vTaskSuspendAll         0x080020f7   0x10  Code  Gb  tasks.o [1]
vTaskSwitchContext      0x0800231f   0x6e  Code  Gb  tasks.o [1]
xBlockAllocatedBit      0x200011b8    0x4  Data  Lc  heap_4.o [1]
xDelayedTaskList1       0x20001134   0x14  Data  Lc  tasks.o [1]
xDelayedTaskList2       0x20001148   0x14  Data  Lc  tasks.o [1]
xFreeBytesRemaining     0x200011b0    0x4  Data  Lc  heap_4.o [1]
xHeapStructSize         0x08003798    0x4  Data  Lc  heap_4.o [1]
xIdleTaskHandle         0x200011f8    0x4  Data  Lc  tasks.o [1]
xMinimumEverFreeBytesRemaining
                        0x200011b4    0x4  Data  Lc  heap_4.o [1]
xNextTaskUnblockTime    0x200011f4    0x4  Data  Lc  tasks.o [1]
xNumOfOverflows         0x200011ec    0x4  Data  Lc  tasks.o [1]
xPendingReadyList       0x2000115c   0x14  Data  Lc  tasks.o [1]
xPortStartScheduler     0x08002a77   0x88  Code  Gb  port.o [1]
xSchedulerRunning       0x200011e0    0x4  Data  Lc  tasks.o [1]
xStart                  0x20001198    0x8  Data  Lc  heap_4.o [1]
xSuspendedTaskList      0x20001184   0x14  Data  Lc  tasks.o [1]
xTaskCreate             0x08001e75   0x76  Code  Gb  tasks.o [1]
xTaskIncrementTick      0x08002201  0x11e  Code  Gb  tasks.o [1]
xTaskResumeAll          0x08002107   0xfa  Code  Gb  tasks.o [1]
xTasksWaitingTermination
                        0x20001170   0x14  Data  Lc  tasks.o [1]
xTickCount              0x200011d8    0x4  Data  Lc  tasks.o [1]
xYieldPending           0x200011e8    0x4  Data  Lc  tasks.o [1]


[1] = C:\Users\MrZang\IAR_prj\ventilation\EWARM\Release\Obj
[2] = command line
[3] = dl7M_tlf.a
[4] = rt7M_tl.a
[5] = shb_l.a

  13 642 bytes of readonly  code memory
     762 bytes of readonly  data memory
   4 602 bytes of readwrite data memory

Errors: none
Warnings: none
