###############################################################################
#
# IAR ELF Linker V7.70.1.11437/W32 for ARM                18/May/2019  13:41:29
# Copyright 2007-2016 IAR Systems AB.
#
#    Output file  =  
#        C:\Users\MrZang\IAR_prj\ventilation\EWARM\LoRaMasterDebug\Exe\ventilation.out
#    Map file     =  
#        C:\Users\MrZang\IAR_prj\ventilation\EWARM\LoRaMasterDebug\List\ventilation.map
#    Command line =  
#        C:\Users\MrZang\IAR_prj\ventilation\EWARM\LoRaMasterDebug\Obj\cmsis_os.o
#        C:\Users\MrZang\IAR_prj\ventilation\EWARM\LoRaMasterDebug\Obj\croutine.o
#        C:\Users\MrZang\IAR_prj\ventilation\EWARM\LoRaMasterDebug\Obj\event_groups.o
#        C:\Users\MrZang\IAR_prj\ventilation\EWARM\LoRaMasterDebug\Obj\freertos.o
#        C:\Users\MrZang\IAR_prj\ventilation\EWARM\LoRaMasterDebug\Obj\gpio.o
#        C:\Users\MrZang\IAR_prj\ventilation\EWARM\LoRaMasterDebug\Obj\heap_4.o
#        C:\Users\MrZang\IAR_prj\ventilation\EWARM\LoRaMasterDebug\Obj\list.o
#        C:\Users\MrZang\IAR_prj\ventilation\EWARM\LoRaMasterDebug\Obj\main.o
#        C:\Users\MrZang\IAR_prj\ventilation\EWARM\LoRaMasterDebug\Obj\port.o
#        C:\Users\MrZang\IAR_prj\ventilation\EWARM\LoRaMasterDebug\Obj\portasm.o
#        C:\Users\MrZang\IAR_prj\ventilation\EWARM\LoRaMasterDebug\Obj\queue.o
#        C:\Users\MrZang\IAR_prj\ventilation\EWARM\LoRaMasterDebug\Obj\spi.o
#        C:\Users\MrZang\IAR_prj\ventilation\EWARM\LoRaMasterDebug\Obj\startup_stm32f103xb.o
#        C:\Users\MrZang\IAR_prj\ventilation\EWARM\LoRaMasterDebug\Obj\stm32f1xx_hal.o
#        C:\Users\MrZang\IAR_prj\ventilation\EWARM\LoRaMasterDebug\Obj\stm32f1xx_hal_cortex.o
#        C:\Users\MrZang\IAR_prj\ventilation\EWARM\LoRaMasterDebug\Obj\stm32f1xx_hal_dma.o
#        C:\Users\MrZang\IAR_prj\ventilation\EWARM\LoRaMasterDebug\Obj\stm32f1xx_hal_flash.o
#        C:\Users\MrZang\IAR_prj\ventilation\EWARM\LoRaMasterDebug\Obj\stm32f1xx_hal_flash_ex.o
#        C:\Users\MrZang\IAR_prj\ventilation\EWARM\LoRaMasterDebug\Obj\stm32f1xx_hal_gpio.o
#        C:\Users\MrZang\IAR_prj\ventilation\EWARM\LoRaMasterDebug\Obj\stm32f1xx_hal_gpio_ex.o
#        C:\Users\MrZang\IAR_prj\ventilation\EWARM\LoRaMasterDebug\Obj\stm32f1xx_hal_msp.o
#        C:\Users\MrZang\IAR_prj\ventilation\EWARM\LoRaMasterDebug\Obj\stm32f1xx_hal_pwr.o
#        C:\Users\MrZang\IAR_prj\ventilation\EWARM\LoRaMasterDebug\Obj\stm32f1xx_hal_rcc.o
#        C:\Users\MrZang\IAR_prj\ventilation\EWARM\LoRaMasterDebug\Obj\stm32f1xx_hal_rcc_ex.o
#        C:\Users\MrZang\IAR_prj\ventilation\EWARM\LoRaMasterDebug\Obj\stm32f1xx_hal_spi.o
#        C:\Users\MrZang\IAR_prj\ventilation\EWARM\LoRaMasterDebug\Obj\stm32f1xx_hal_spi_ex.o
#        C:\Users\MrZang\IAR_prj\ventilation\EWARM\LoRaMasterDebug\Obj\stm32f1xx_hal_tim.o
#        C:\Users\MrZang\IAR_prj\ventilation\EWARM\LoRaMasterDebug\Obj\stm32f1xx_hal_tim_ex.o
#        C:\Users\MrZang\IAR_prj\ventilation\EWARM\LoRaMasterDebug\Obj\stm32f1xx_hal_timebase_tim.o
#        C:\Users\MrZang\IAR_prj\ventilation\EWARM\LoRaMasterDebug\Obj\stm32f1xx_it.o
#        C:\Users\MrZang\IAR_prj\ventilation\EWARM\LoRaMasterDebug\Obj\SX1278.o
#        C:\Users\MrZang\IAR_prj\ventilation\EWARM\LoRaMasterDebug\Obj\system_stm32f1xx.o
#        C:\Users\MrZang\IAR_prj\ventilation\EWARM\LoRaMasterDebug\Obj\tasks.o
#        C:\Users\MrZang\IAR_prj\ventilation\EWARM\LoRaMasterDebug\Obj\timers.o
#        --redirect _Printf=_PrintfFull --redirect _Scanf=_ScanfFull -o
#        C:\Users\MrZang\IAR_prj\ventilation\EWARM\LoRaMasterDebug\Exe\ventilation.out
#        --map
#        C:\Users\MrZang\IAR_prj\ventilation\EWARM\LoRaMasterDebug\List\ventilation.map
#        --config
#        C:\Users\MrZang\IAR_prj\ventilation\EWARM/stm32f103xb_flash.icf
#        --semihosting --entry __iar_program_start --vfe
#
###############################################################################

*******************************************************************************
*** RUNTIME MODEL ATTRIBUTES
***

CppFlavor                     = *
__Heap_Handler                = Basic
__SystemLibrary               = DLib
__dlib_dynamic_initialization = normal


*******************************************************************************
*** PLACEMENT SUMMARY
***

"A0":  place at 0x08000000 { ro section .intvec };
"P1":  place in [from 0x08000000 to 0x0801ffff] { ro };
"P2":  place in [from 0x20000000 to 0x20004fff] { rw, block CSTACK, block HEAP };
initialize by copy { rw };

  Section             Kind        Address    Size  Object
  -------             ----        -------    ----  ------
"A0":                                        0xec
  .intvec             ro code  0x08000000    0xec  startup_stm32f103xb.o [1]
                             - 0x080000ec    0xec

"P1":                                      0x5eba
  .text               ro code  0x080000ec  0x118a  xprintffull.o [3]
  .text               ro code  0x08001276    0x20  xmbtowc.o [3]
  .text               ro code  0x08001296     0xa  xsprout.o [3]
  .text               ro code  0x080012a0    0x16  strchr.o [5]
  .rodata             const    0x080012b6     0x2  stm32f1xx_hal_rcc.o [1]
  .text               ro code  0x080012b8    0x36  strlen.o [5]
  .text               ro code  0x080012f0    0x58  memchr.o [5]
  .text               ro code  0x08001348     0xa  xmbcurmax.o [3]
  .text               ro code  0x08001354    0xb0  xxmemxmalloc.o [3]
  .text               ro code  0x08001404    0x1a  xwctomb.o [3]
  .text               ro code  0x08001420    0x76  ABImemcpy_unaligned.o [5]
  .text               ro code  0x08001498    0x80  xxmemxfree.o [3]
  .text               ro code  0x08001518    0xee  I64DivMod.o [5]
  .text               ro code  0x08001606    0x44  xdnorm.o [4]
  .text               ro code  0x0800164c    0x2e  DblCmpLe.o [4]
  .text               ro code  0x0800167c    0x2e  DblCmpGe.o [4]
  .text               ro code  0x080016ac   0x10c  xdscale.o [4]
  .text               ro code  0x080017b8    0x58  DblToI32.o [4]
  .text               ro code  0x08001810    0x30  I32ToDbl.o [4]
  .text               ro code  0x08001840   0x180  DblSub.o [4]
  .text               ro code  0x080019c0   0x1a2  DblMul.o [4]
  .text               ro code  0x08001b64   0x256  DblDiv.o [4]
  .text               ro code  0x08001dbc    0x6c  localeconv.o [3]
  .text               ro code  0x08001e28     0xe  div.o [3]
  .text               ro code  0x08001e38    0x14  setlocale.o [3]
  .text               ro code  0x08001e4c    0x60  xencoding_sb.o [3]
  .text               ro code  0x08001eac    0x2c  xgetmemchunk.o [3]
  .text               ro code  0x08001ed8     0x2  I64DivZer.o [5]
  .text               ro code  0x08001edc    0xd4  DblAdd.o [4]
  .text               ro code  0x08001fb0     0x2  xtls.o [3]
  .text               ro code  0x08001fb4   0x9fc  stm32f1xx_hal_rcc.o [1]
  .text               ro code  0x080029b0    0xa4  main.o [1]
  .text               ro code  0x08002a54     0xc  stm32f1xx_hal.o [1]
  .text               ro code  0x08002a60    0x90  stm32f1xx_hal_timebase_tim.o [1]
  .text               ro code  0x08002af0    0x28  stm32f1xx_hal.o [1]
  .text               ro code  0x08002b18   0x128  gpio.o [1]
  .text               ro code  0x08002c40    0xf0  spi.o [1]
  .text               ro code  0x08002d30   0x178  freertos.o [1]
  .text               ro code  0x08002ea8    0x66  cmsis_os.o [1]
  .text               ro code  0x08002f10     0x6  ABImemclr4.o [5]
  .text               ro code  0x08002f18    0x18  stm32f1xx_hal.o [1]
  .text               ro code  0x08002f30   0x140  stm32f1xx_hal_cortex.o [1]
  .text               ro code  0x08003070   0x31e  stm32f1xx_hal_tim.o [1]
  .text               ro code  0x08003390    0x60  stm32f1xx_hal_msp.o [1]
  .text               ro code  0x080033f0   0x46a  stm32f1xx_hal_gpio.o [1]
  .text               ro code  0x0800385c   0x18c  stm32f1xx_hal_spi_ex.o [1]
  .text               ro code  0x080039e8    0x24  printf.o [3]
  .text               ro code  0x08003a0c   0x372  SX1278.o [1]
  .text               ro code  0x08003d80    0x34  sprintf.o [3]
  .text               ro code  0x08003db4   0x7a0  tasks.o [1]
  .text               ro code  0x08004554    0x32  ABImemset48.o [5]
  .text               ro code  0x08004586     0x2  stm32f1xx_hal_tim.o [1]
  .text               ro code  0x08004588     0x2  stm32f1xx_hal_tim.o [1]
  .text               ro code  0x0800458a     0x2  stm32f1xx_hal_tim.o [1]
  .text               ro code  0x0800458c     0x2  stm32f1xx_hal_tim_ex.o [1]
  .text               ro code  0x0800458e     0x2  stm32f1xx_hal_tim.o [1]
  .text               ro code  0x08004590     0x2  stm32f1xx_hal_tim_ex.o [1]
  .text               ro code  0x08004592    0x26  SX1278.o [1]
  .text               ro code  0x080045b8    0x3c  SX1278.o [1]
  .text               ro code  0x080045f4    0x20  SX1278.o [1]
  .text               ro code  0x08004614     0xc  SX1278.o [1]
  .text               ro code  0x08004620    0x36  SX1278.o [1]
  .text               ro code  0x08004656    0x1e  SX1278.o [1]
  .text               ro code  0x08004674    0x1c  SX1278.o [1]
  .text               ro code  0x08004690   0x284  heap_4.o [1]
  .text               ro code  0x08004914    0x9e  list.o [1]
  .text               ro code  0x080049b4   0x1a8  port.o [1]
  .text               ro code  0x08004b5c   0x60a  stm32f1xx_hal_spi.o [1]
  .text               ro code  0x08005168    0x28  stm32f1xx_hal.o [1]
  CODE                ro code  0x08005190    0x88  portasm.o [1]
  .text               ro code  0x08005218    0xd0  stm32f1xx_hal_dma.o [1]
  .text               ro code  0x080052e8     0x2  stm32f1xx_hal_spi.o [1]
  .text               ro code  0x080052ea    0xd6  xfspos.o [3]
  .text               ro code  0x080053c0    0xb0  fflush.o [3]
  .text               ro code  0x08005470     0xa  xfgpos.o [3]
  .text               ro code  0x0800547a    0x4c  lseek.o [6]
  .text               ro code  0x080054c8     0xc  errno.o [3]
  .text               ro code  0x080054d4     0x4  xsyslock_nop.o [3]
  .text               ro code  0x080054d8    0x10  write.o [6]
  .text               ro code  0x080054e8    0xcc  XShHandles.o [3]
  .text               ro code  0x080055b4    0x1e  dwrite.o [6]
  .text               ro code  0x080055d2    0x20  iarwstd.o [6]
  .text               ro code  0x080055f2    0x22  iarwrite.o [6]
  .text               ro code  0x08005614    0x6c  iarttio.o [6]
  .text               ro code  0x08005680     0x8  XShttio.o [3]
  .text               ro code  0x08005688    0xb8  xfwprep.o [3]
  .text               ro code  0x08005740    0x22  fseek.o [3]
  .text               ro code  0x08005764    0x80  xfofind.o [3]
  .text               ro code  0x080057e4    0x7a  fclose.o [3]
  .text               ro code  0x0800585e    0x1a  close.o [6]
  .text               ro code  0x08005878    0x16  remove.o [6]
  .text               ro code  0x08005890    0x68  system_stm32f1xx.o [1]
  .rodata             const    0x080058f8    0x5c  stm32f1xx_hal_cortex.o [1]
  .rodata             const    0x08005954    0x5c  stm32f1xx_hal_gpio.o [1]
  .rodata             const    0x080059b0    0x5c  stm32f1xx_hal_rcc.o [1]
  .rodata             const    0x08005a0c    0x5c  stm32f1xx_hal_spi.o [1]
  .rodata             const    0x08005a68    0x5c  stm32f1xx_hal_spi_ex.o [1]
  .rodata             const    0x08005ac4    0x5c  stm32f1xx_hal_tim.o [1]
  .text               ro code  0x08005b20    0x58  xcloseall.o [3]
  .text               ro code  0x08005b78    0x56  fputc.o [3]
  .text               ro code  0x08005bce    0x40  zero_init3.o [5]
  .text               ro code  0x08005c0e    0x38  packbits_init_single.o [5]
  .text               ro code  0x08005c48    0x34  stm32f1xx_it.o [1]
  .text               ro code  0x08005c7c    0x28  data_init.o [5]
  .rodata             const    0x08005ca4    0x24  freertos.o [1]
  .iar.init_table     const    0x08005cc8    0x20  - Linker created -
  .rodata             const    0x08005ce8    0x20  freertos.o [1]
  .rodata             const    0x08005d08    0x20  freertos.o [1]
  .rodata             const    0x08005d28    0x1c  freertos.o [1]
  .text               ro code  0x08005d44    0x1a  cmain.o [5]
  .text               ro code  0x08005d5e     0x4  low_level_init.o [3]
  .text               ro code  0x08005d62     0x4  exit.o [3]
  .text               ro code  0x08005d68     0xe  cexit.o [5]
  .text               ro code  0x08005d78    0x14  exit.o [6]
  .text               ro code  0x08005d8c    0x16  xprout.o [3]
  .text               ro code  0x08005da4     0xc  putchar.o [3]
  .rodata             const    0x08005db0    0x14  freertos.o [1]
  .rodata             const    0x08005dc4    0x14  freertos.o [1]
  .rodata             const    0x08005dd8    0x14  freertos.o [1]
  .rodata             const    0x08005dec    0x10  stm32f1xx_hal_rcc.o [1]
  .rodata             const    0x08005dfc    0x10  system_stm32f1xx.o [1]
  .text               ro code  0x08005e0c    0x10  startup_stm32f103xb.o [1]
  .rodata             const    0x08005e1c     0xc  freertos.o [1]
  .rodata             const    0x08005e28     0xc  SX1278.o [1]
  .text               ro code  0x08005e34     0xc  cstartup_M.o [5]
  .rodata             const    0x08005e40     0x8  freertos.o [1]
  .rodata             const    0x08005e48     0x8  freertos.o [1]
  .rodata             const    0x08005e50     0x8  SX1278.o [1]
  .rodata             const    0x08005e58     0x8  system_stm32f1xx.o [1]
  .rodata             const    0x08005e60     0x8  tasks.o [1]
  .rodata             const    0x08005e68     0x4  freertos.o [1]
  .rodata             const    0x08005e6c     0x4  heap_4.o [1]
  .rodata             const    0x08005e70     0x4  SX1278.o [1]
  .rodata             const    0x08005e74     0x4  SX1278.o [1]
  .text               ro code  0x08005e78     0x4  startup_stm32f103xb.o [1]
  .text               ro code  0x08005e7c     0x4  startup_stm32f103xb.o [1]
  .text               ro code  0x08005e80     0x4  startup_stm32f103xb.o [1]
  .text               ro code  0x08005e84     0x4  startup_stm32f103xb.o [1]
  .text               ro code  0x08005e88     0x4  startup_stm32f103xb.o [1]
  .text               ro code  0x08005e8c     0x4  startup_stm32f103xb.o [1]
  .text               ro code  0x08005e90     0x4  startup_stm32f103xb.o [1]
  .text               ro code  0x08005e94     0x4  startup_stm32f103xb.o [1]
  .text               ro code  0x08005e98     0x4  startup_stm32f103xb.o [1]
  .text               ro code  0x08005e9c     0x4  startup_stm32f103xb.o [1]
  .text               ro code  0x08005ea0     0x4  startup_stm32f103xb.o [1]
  .text               ro code  0x08005ea4     0x4  startup_stm32f103xb.o [1]
  .text               ro code  0x08005ea8     0x4  startup_stm32f103xb.o [1]
  .text               ro code  0x08005eac     0x4  startup_stm32f103xb.o [1]
  .text               ro code  0x08005eb0     0x4  startup_stm32f103xb.o [1]
  .text               ro code  0x08005eb4     0x4  startup_stm32f103xb.o [1]
  .text               ro code  0x08005eb8     0x4  startup_stm32f103xb.o [1]
  .text               ro code  0x08005ebc     0x4  startup_stm32f103xb.o [1]
  .text               ro code  0x08005ec0     0x4  startup_stm32f103xb.o [1]
  .text               ro code  0x08005ec4     0x4  startup_stm32f103xb.o [1]
  .text               ro code  0x08005ec8     0x4  startup_stm32f103xb.o [1]
  .text               ro code  0x08005ecc     0x4  startup_stm32f103xb.o [1]
  .text               ro code  0x08005ed0     0x4  startup_stm32f103xb.o [1]
  .text               ro code  0x08005ed4     0x4  startup_stm32f103xb.o [1]
  .text               ro code  0x08005ed8     0x4  startup_stm32f103xb.o [1]
  .text               ro code  0x08005edc     0x4  startup_stm32f103xb.o [1]
  .text               ro code  0x08005ee0     0x4  startup_stm32f103xb.o [1]
  .text               ro code  0x08005ee4     0x4  startup_stm32f103xb.o [1]
  .text               ro code  0x08005ee8     0x4  startup_stm32f103xb.o [1]
  .text               ro code  0x08005eec     0x4  startup_stm32f103xb.o [1]
  .text               ro code  0x08005ef0     0x4  startup_stm32f103xb.o [1]
  .text               ro code  0x08005ef4     0x4  startup_stm32f103xb.o [1]
  .text               ro code  0x08005ef8     0x4  startup_stm32f103xb.o [1]
  .text               ro code  0x08005efc     0x4  startup_stm32f103xb.o [1]
  .text               ro code  0x08005f00     0x4  startup_stm32f103xb.o [1]
  .text               ro code  0x08005f04     0x4  startup_stm32f103xb.o [1]
  .text               ro code  0x08005f08     0x4  startup_stm32f103xb.o [1]
  .text               ro code  0x08005f0c     0x4  startup_stm32f103xb.o [1]
  .text               ro code  0x08005f10     0x4  startup_stm32f103xb.o [1]
  .text               ro code  0x08005f14     0x4  startup_stm32f103xb.o [1]
  .text               ro code  0x08005f18     0x0  cstart_closeall.o [5]
  .rodata             const    0x08005f18     0x0  zero_init3.o [5]
  .rodata             const    0x08005f18     0x0  packbits_init_single.o [5]
  Initializer bytes   const    0x08005f18    0x8e  <for P2-1>
                             - 0x08005fa6  0x5eba

"P2", part 1 of 3:                          0x1f1
  P2-1                         0x20000000   0x1f1  <Init block>
    .data             inited   0x20000000     0x4  port.o [1]
    .data             inited   0x20000004     0x4  system_stm32f1xx.o [1]
    .data             inited   0x20000008    0x40  xfiles.o [3]
    .data             inited   0x20000048    0x40  xfiles.o [3]
    .data             inited   0x20000088    0x40  xfiles.o [3]
    .data             inited   0x200000c8    0x20  xfiles.o [3]
    .data             inited   0x200000e8     0x8  XShttio.o [3]
    __DLIB_PERTHREAD  inited   0x200000f0    0x88  localeconv.o [3]
    __DLIB_PERTHREAD  inited   0x20000178    0x74  setlocale.o [3]
    __DLIB_PERTHREAD  inited   0x200001ec     0x4  errno.o [3]
    .data             inited   0x200001f0     0x1  stm32f1xx_hal.o [1]
                             - 0x200001f1   0x1f1

"P2", part 2 of 3:                          0x600
  CSTACK                       0x200001f8   0x400  <Block>
    CSTACK            uninit   0x200001f8   0x400  <Block tail>
  HEAP                         0x200005f8   0x200  <Block>
    HEAP              uninit   0x200005f8   0x200  <Block tail>
                             - 0x200007f8   0x600

"P2", part 3 of 3:                          0xf20
  .bss                zero     0x200007f8   0xc00  heap_4.o [1]
  .bss                zero     0x200013f8    0x8c  tasks.o [1]
  .bss                zero     0x20001484    0x80  XShHandles.o [3]
  .bss                zero     0x20001504    0x58  spi.o [1]
  .bss                zero     0x2000155c    0x50  xfiles.o [3]
  .bss                zero     0x200015ac    0x50  xfiles.o [3]
  .bss                zero     0x200015fc    0x40  stm32f1xx_hal_timebase_tim.o [1]
  .bss                zero     0x2000163c    0x14  tasks.o [1]
  .bss                zero     0x20001650    0x14  tasks.o [1]
  .bss                zero     0x20001664    0x14  tasks.o [1]
  .bss                zero     0x20001678    0x14  tasks.o [1]
  .bss                zero     0x2000168c    0x14  tasks.o [1]
  .bss                zero     0x200016a0     0x8  heap_4.o [1]
  .bss                zero     0x200016a8     0x8  xxmemxmalloc.o [3]
  .bss                zero     0x200016b0     0x4  freertos.o [1]
  .bss                zero     0x200016b4     0x4  freertos.o [1]
  .bss                zero     0x200016b8     0x4  freertos.o [1]
  .bss                zero     0x200016bc     0x4  heap_4.o [1]
  .bss                zero     0x200016c0     0x4  heap_4.o [1]
  .bss                zero     0x200016c4     0x4  heap_4.o [1]
  .bss                zero     0x200016c8     0x4  heap_4.o [1]
  .bss                zero     0x200016cc     0x4  port.o [1]
  .bss                zero     0x200016d0     0x4  stm32f1xx_hal.o [1]
  .bss                zero     0x200016d4     0x4  tasks.o [1]
  .bss                zero     0x200016d8     0x4  tasks.o [1]
  .bss                zero     0x200016dc     0x4  tasks.o [1]
  .bss                zero     0x200016e0     0x4  tasks.o [1]
  .bss                zero     0x200016e4     0x4  tasks.o [1]
  .bss                zero     0x200016e8     0x4  tasks.o [1]
  .bss                zero     0x200016ec     0x4  tasks.o [1]
  .bss                zero     0x200016f0     0x4  tasks.o [1]
  .bss                zero     0x200016f4     0x4  tasks.o [1]
  .bss                zero     0x200016f8     0x4  tasks.o [1]
  .bss                zero     0x200016fc     0x4  tasks.o [1]
  .bss                zero     0x20001700     0x4  tasks.o [1]
  .bss                zero     0x20001704     0x4  tasks.o [1]
  .bss                zero     0x20001708     0x4  tasks.o [1]
  .bss                zero     0x2000170c     0x4  tasks.o [1]
  .bss                zero     0x20001710     0x4  xgetmemchunk.o [3]
  .bss                zero     0x20001714     0x1  port.o [1]
                             - 0x20001715   0xf1d


*******************************************************************************
*** INIT TABLE
***

          Address     Size
          -------     ----
Zero (__iar_zero_init3)
    1 destination range, total size 0xf1d:
          0x200007f8  0xf1d

Copy/packbits (__iar_packbits_init_single3)
    1 source range, total size 0x8e (28% of destination):
          0x08005f18   0x8e
    1 destination range, total size 0x1f1:
          0x20000000  0x1f1



*******************************************************************************
*** MODULE SUMMARY
***

    Module                        ro code  ro data  rw data
    ------                        -------  -------  -------
C:\Users\MrZang\IAR_prj\ventilation\EWARM\LoRaMasterDebug\Obj: [1]
    SX1278.o                        1 136       28
    cmsis_os.o                        102
    freertos.o                        376      220       12
    gpio.o                            296
    heap_4.o                          644        4    3 096
    list.o                            158
    main.o                            164
    port.o                            424        1        9
    portasm.o                         136
    spi.o                             240                88
    startup_stm32f103xb.o             412
    stm32f1xx_hal.o                   116        1        5
    stm32f1xx_hal_cortex.o            320       92
    stm32f1xx_hal_dma.o               208
    stm32f1xx_hal_gpio.o            1 130       92
    stm32f1xx_hal_msp.o                96
    stm32f1xx_hal_rcc.o             2 556      110
    stm32f1xx_hal_spi.o             1 548       92
    stm32f1xx_hal_spi_ex.o            396       92
    stm32f1xx_hal_tim.o               806       92
    stm32f1xx_hal_tim_ex.o              4
    stm32f1xx_hal_timebase_tim.o      144                64
    stm32f1xx_it.o                     52
    system_stm32f1xx.o                104       25        4
    tasks.o                         1 952        8      300
    -------------------------------------------------------
    Total:                         13 520      857    3 578

command line: [2]
    -------------------------------------------------------
    Total:

dl7M_tlf.a: [3]
    XShHandles.o                      204               128
    XShttio.o                           8        2        8
    div.o                              14
    errno.o                            12        1        4
    exit.o                              4
    fclose.o                          122
    fflush.o                          176
    fputc.o                            86
    fseek.o                            34
    localeconv.o                      108       39      136
    low_level_init.o                    4
    printf.o                           36
    putchar.o                          12
    setlocale.o                        20       33      116
    sprintf.o                          52
    xcloseall.o                        88
    xencoding_sb.o                     96
    xfgpos.o                           10
    xfiles.o                                    64      384
    xfofind.o                         128
    xfspos.o                          214
    xfwprep.o                         184
    xgetmemchunk.o                     44                 4
    xmbcurmax.o                        10
    xmbtowc.o                          32
    xprintffull.o                   4 490
    xprout.o                           22
    xsprout.o                          10
    xsyslock_nop.o                      4
    xtls.o                              2
    xwctomb.o                          26
    xxmemxfree.o                      128
    xxmemxmalloc.o                    176                 8
    -------------------------------------------------------
    Total:                          6 556      139      788

m7M_tl.a: [4]
    DblAdd.o                          212
    DblCmpGe.o                         46
    DblCmpLe.o                         46
    DblDiv.o                          598
    DblMul.o                          418
    DblSub.o                          384
    DblToI32.o                         88
    I32ToDbl.o                         48
    xdnorm.o                           68
    xdscale.o                         268
    -------------------------------------------------------
    Total:                          2 176

rt7M_tl.a: [5]
    ABImemclr4.o                        6
    ABImemcpy_unaligned.o             118
    ABImemset48.o                      50
    I64DivMod.o                       238
    I64DivZer.o                         2
    cexit.o                            14
    cmain.o                            26
    cstart_closeall.o
    cstartup_M.o                       12
    data_init.o                        40
    memchr.o                           88
    packbits_init_single.o             56
    strchr.o                           22
    strlen.o                           54
    zero_init3.o                       64
    -------------------------------------------------------
    Total:                            790

shb_l.a: [6]
    close.o                            26
    dwrite.o                           30
    exit.o                             20
    iarttio.o                         108
    iarwrite.o                         34
    iarwstd.o                          32
    lseek.o                            76
    remove.o                           22
    write.o                            16
    -------------------------------------------------------
    Total:                            364

    Gaps                               52
    Linker created                              32    1 536
-----------------------------------------------------------
    Grand Total:                   23 458    1 028    5 902


*******************************************************************************
*** ENTRY LIST
***

Entry                      Address   Size  Type      Object
-----                      -------   ----  ----      ------
.iar.init_table$$Base   0x08005cc8          --   Gb  - Linker created -
.iar.init_table$$Limit  0x08005ce8          --   Gb  - Linker created -
?main                   0x08005d45         Code  Gb  cmain.o [5]
AHBPrescTable           0x08005dfc   0x10  Data  Gb  system_stm32f1xx.o [1]
APBPrescTable           0x08005e58    0x8  Data  Gb  system_stm32f1xx.o [1]
BusFault_Handler        0x08005c4f    0x2  Code  Gb  stm32f1xx_it.o [1]
CSTACK$$Base            0x200001f8          --   Gb  - Linker created -
CSTACK$$Limit           0x200005f8          --   Gb  - Linker created -
DebugMon_Handler        0x08005c53    0x2  Code  Gb  stm32f1xx_it.o [1]
EXTI15_10_IRQHandler    0x08005c71    0xc  Code  Gb  stm32f1xx_it.o [1]
Error_Handler           0x08002a51    0x2  Code  Gb  main.o [1]
FanHandle               0x200016b4    0x4  Data  Gb  freertos.o [1]
HAL_DMA_Abort_IT        0x08005219   0xb4  Code  Gb  stm32f1xx_hal_dma.o [1]
HAL_Delay               0x08005169   0x28  Code  Wk  stm32f1xx_hal.o [1]
HAL_GPIO_EXTI_Callback  0x08003859    0x2  Code  Wk  stm32f1xx_hal_gpio.o [1]
HAL_GPIO_EXTI_IRQHandler
                        0x080037ed   0x1e  Code  Gb  stm32f1xx_hal_gpio.o [1]
HAL_GPIO_Init           0x080033f1  0x38c  Code  Gb  stm32f1xx_hal_gpio.o [1]
HAL_GPIO_ReadPin        0x0800377d   0x2e  Code  Gb  stm32f1xx_hal_gpio.o [1]
HAL_GPIO_WritePin       0x080037ab   0x42  Code  Gb  stm32f1xx_hal_gpio.o [1]
HAL_GetTick             0x08002a55    0xc  Code  Wk  stm32f1xx_hal.o [1]
HAL_IncTick             0x08002f19   0x18  Code  Wk  stm32f1xx_hal.o [1]
HAL_Init                0x08002af1   0x22  Code  Gb  stm32f1xx_hal.o [1]
HAL_InitTick            0x08002a61   0x80  Code  Gb  stm32f1xx_hal_timebase_tim.o [1]
HAL_MspInit             0x08003391   0x60  Code  Gb  stm32f1xx_hal_msp.o [1]
HAL_NVIC_EnableIRQ      0x0800303d   0x1c  Code  Gb  stm32f1xx_hal_cortex.o [1]
HAL_NVIC_SetPriority    0x08002fff   0x3e  Code  Gb  stm32f1xx_hal_cortex.o [1]
HAL_NVIC_SetPriorityGrouping
                        0x08002fd7   0x28  Code  Gb  stm32f1xx_hal_cortex.o [1]
HAL_RCC_ClockConfig     0x08002591  0x2be  Code  Gb  stm32f1xx_hal_rcc.o [1]
HAL_RCC_GetClockConfig  0x080028e3   0x5c  Code  Gb  stm32f1xx_hal_rcc.o [1]
HAL_RCC_GetHCLKFreq     0x080028c7    0x6  Code  Gb  stm32f1xx_hal_rcc.o [1]
HAL_RCC_GetPCLK2Freq    0x080028cd   0x16  Code  Gb  stm32f1xx_hal_rcc.o [1]
HAL_RCC_GetSysClockFreq
                        0x0800284f   0x78  Code  Gb  stm32f1xx_hal_rcc.o [1]
HAL_RCC_OscConfig       0x08001fb5  0x5dc  Code  Gb  stm32f1xx_hal_rcc.o [1]
HAL_SPI_ErrorCallback   0x080052e9    0x2  Code  Wk  stm32f1xx_hal_spi.o [1]
HAL_SPI_GetState        0x0800507b    0x6  Code  Gb  stm32f1xx_hal_spi.o [1]
HAL_SPI_IRQHandler      0x08004f81   0xfa  Code  Gb  stm32f1xx_hal_spi.o [1]
HAL_SPI_Init            0x0800385d  0x18c  Code  Gb  stm32f1xx_hal_spi_ex.o [1]
HAL_SPI_MspInit         0x08002c9f   0x82  Code  Gb  spi.o [1]
HAL_SPI_Transmit        0x08004b5d  0x1d4  Code  Gb  stm32f1xx_hal_spi.o [1]
HAL_SPI_TransmitReceive
                        0x08004d31  0x24a  Code  Gb  stm32f1xx_hal_spi.o [1]
HAL_TIMEx_BreakCallback
                        0x0800458d    0x2  Code  Wk  stm32f1xx_hal_tim_ex.o [1]
HAL_TIMEx_CommutationCallback
                        0x08004591    0x2  Code  Wk  stm32f1xx_hal_tim_ex.o [1]
HAL_TIM_Base_Init       0x08003071   0xc6  Code  Gb  stm32f1xx_hal_tim.o [1]
HAL_TIM_Base_MspInit    0x0800338d    0x2  Code  Wk  stm32f1xx_hal_tim.o [1]
HAL_TIM_Base_Start_IT   0x08003137   0x52  Code  Gb  stm32f1xx_hal_tim.o [1]
HAL_TIM_IC_CaptureCallback
                        0x08004587    0x2  Code  Wk  stm32f1xx_hal_tim.o [1]
HAL_TIM_IRQHandler      0x0800319d  0x176  Code  Gb  stm32f1xx_hal_tim.o [1]
HAL_TIM_OC_DelayElapsedCallback
                        0x08004589    0x2  Code  Wk  stm32f1xx_hal_tim.o [1]
HAL_TIM_PWM_PulseFinishedCallback
                        0x0800458b    0x2  Code  Wk  stm32f1xx_hal_tim.o [1]
HAL_TIM_PeriodElapsedCallback
                        0x08002a3b   0x12  Code  Gb  main.o [1]
HAL_TIM_TriggerCallback
                        0x0800458f    0x2  Code  Wk  stm32f1xx_hal_tim.o [1]
HEAP$$Base              0x200005f8          --   Gb  - Linker created -
HEAP$$Limit             0x200007f8          --   Gb  - Linker created -
HardFault_Handler       0x08005c4b    0x2  Code  Gb  stm32f1xx_it.o [1]
LoRaHandle              0x200016b0    0x4  Data  Gb  freertos.o [1]
LoadInt                 0x08000753   0x6e  Code  Lc  xprintffull.o [3]
MX_FREERTOS_Init        0x08002d31   0x4a  Code  Gb  freertos.o [1]
MX_GPIO_Init            0x08002b19  0x128  Code  Gb  gpio.o [1]
MX_SPI1_Init            0x08002c41   0x5e  Code  Gb  spi.o [1]
MemManage_Handler       0x08005c4d    0x2  Code  Gb  stm32f1xx_it.o [1]
NMI_Handler             0x08005c49    0x2  Code  Gb  stm32f1xx_it.o [1]
NVIC_EnableIRQ          0x08002f5f   0x14  Code  Lc  stm32f1xx_hal_cortex.o [1]
NVIC_EncodePriority     0x08002f99   0x3e  Code  Lc  stm32f1xx_hal_cortex.o [1]
NVIC_GetPriorityGrouping
                        0x08002f55    0xa  Code  Lc  stm32f1xx_hal_cortex.o [1]
NVIC_SetPriority        0x08002f73   0x26  Code  Lc  stm32f1xx_hal_cortex.o [1]
NVIC_SetPriorityGrouping
                        0x08002f31   0x24  Code  Lc  stm32f1xx_hal_cortex.o [1]
PendSV_Handler          0x08005191         Code  Gb  portasm.o [1]
RCC_Delay               0x08002949   0x26  Code  Lc  stm32f1xx_hal_rcc.o [1]
Region$$Table$$Base     0x08005cc8          --   Gb  - Linker created -
Region$$Table$$Limit    0x08005ce8          --   Gb  - Linker created -
SPI1_IRQHandler         0x08005c5f    0xa  Code  Gb  stm32f1xx_it.o [1]
SPI_CheckFlag_BSY       0x0800513b   0x2c  Code  Lc  stm32f1xx_hal_spi.o [1]
SPI_DMAAbortOnError     0x08005081   0x16  Code  Lc  stm32f1xx_hal_spi.o [1]
SPI_WaitFlagStateUntilTimeout
                        0x08005099   0xa2  Code  Lc  stm32f1xx_hal_spi.o [1]
SVC_Handler             0x080051d7         Code  Gb  portasm.o [1]
SX1278_Frequency        0x08005e70    0x4  Data  Lc  SX1278.o [1]
SX1278_LoRaBandwidth    0x08005e28    0xc  Data  Lc  SX1278.o [1]
SX1278_LoRaEntryTx      0x08003c55   0x98  Code  Gb  SX1278.o [1]
SX1278_LoRaTxPacket     0x08003ced   0x64  Code  Gb  SX1278.o [1]
SX1278_Power            0x08005e74    0x4  Data  Lc  SX1278.o [1]
SX1278_SPIBurstWrite    0x08003a63   0x56  Code  Gb  SX1278.o [1]
SX1278_SPIRead          0x08003a0d   0x26  Code  Gb  SX1278.o [1]
SX1278_SPIWrite         0x08003a33   0x30  Code  Gb  SX1278.o [1]
SX1278_SpreadFactor     0x08005e50    0x8  Data  Lc  SX1278.o [1]
SX1278_begin            0x08003d51   0x2e  Code  Gb  SX1278.o [1]
SX1278_clearLoRaIrq     0x08003c45   0x10  Code  Gb  SX1278.o [1]
SX1278_config           0x08003ad1  0x12a  Code  Gb  SX1278.o [1]
SX1278_defaultConfig    0x08003ab9   0x18  Code  Gb  SX1278.o [1]
SX1278_entryLoRa        0x08003c35   0x10  Code  Gb  SX1278.o [1]
SX1278_hw_DelayMs       0x08004615    0xc  Code  Wk  SX1278.o [1]
SX1278_hw_GetDIO0       0x08004657   0x1e  Code  Wk  SX1278.o [1]
SX1278_hw_Reset         0x08004621   0x36  Code  Wk  SX1278.o [1]
SX1278_hw_SPICommand    0x08004593   0x26  Code  Wk  SX1278.o [1]
SX1278_hw_SPIReadByte   0x080045b9   0x3c  Code  Wk  SX1278.o [1]
SX1278_hw_SetNSS        0x080045f5   0x20  Code  Wk  SX1278.o [1]
SX1278_hw_init          0x08004675   0x1c  Code  Wk  SX1278.o [1]
SX1278_sleep            0x08003c21   0x14  Code  Gb  SX1278.o [1]
SX1278_standby          0x08003c0d   0x14  Code  Gb  SX1278.o [1]
StartLoRa               0x08002d7b   0xba  Code  Gb  freertos.o [1]
StartMcuWork            0x08002e43   0x2e  Code  Gb  freertos.o [1]
StartTaskFan            0x08002e35    0xe  Code  Gb  freertos.o [1]
SysTick_Handler         0x08004af3   0x28  Code  Gb  port.o [1]
SystemClock_Config      0x080029cd   0x6e  Code  Gb  main.o [1]
SystemCoreClock         0x20000004    0x4  Data  Gb  system_stm32f1xx.o [1]
SystemInit              0x08005891   0x4e  Code  Gb  system_stm32f1xx.o [1]
TIM1_UP_IRQHandler      0x08005c55    0xa  Code  Gb  stm32f1xx_it.o [1]
TIM_Base_SetConfig      0x08003313   0x6e  Code  Gb  stm32f1xx_hal_tim.o [1]
UsageFault_Handler      0x08005c51    0x2  Code  Gb  stm32f1xx_it.o [1]
_Close_all              0x08005b21   0x58  Code  Gb  xcloseall.o [3]
_EncodingSb_Mbtowc      0x08001e67   0x30  Code  Gb  xencoding_sb.o [3]
_EncodingSb_Mbtowc::initial
                        0x08001ea4    0x8  Data  Lc  xencoding_sb.o [3]
_EncodingSb_Wctomb      0x08001e4d   0x1a  Code  Gb  xencoding_sb.o [3]
_EncodingSb_Wctomb::initial
                        0x08001e9c    0x8  Data  Lc  xencoding_sb.o [3]
_Files                  0x200000c8   0x20  Data  Gb  xfiles.o [3]
_Fofree                 0x08005765   0x78  Code  Gb  xfofind.o [3]
_Fspos                  0x080052eb   0xd6  Code  Gb  xfspos.o [3]
_Fwprep                 0x08005689   0xb8  Code  Gb  xfwprep.o [3]
_GenldFull              0x08000fd9  0x254  Code  Lc  xprintffull.o [3]
_IsdstStr               0x2000017c    0x4  Data  Gb  setlocale.o [3]
_LdtobFull              0x08000bd9  0x3fa  Code  Lc  xprintffull.o [3]
_LitobFull              0x08000acd  0x10a  Code  Lc  xprintffull.o [3]
_LocaleEncoding         0x08001e39    0xe  Code  Gb  setlocale.o [3]
_LocaleReturnString     0x2000019c   0x50  Data  Lc  setlocale.o [3]
_Locale_Profile         0x20000180   0x1c  Data  Gb  setlocale.o [3]
_Locale_aeabi_lconv     0x20000140   0x38  Data  Gb  localeconv.o [3]
_Locale_lconv           0x200000f0   0x50  Data  Gb  localeconv.o [3]
_Mbtowc                 0x08001277   0x20  Code  Gb  xmbtowc.o [3]
_Nnl                    0x08005471    0xa  Code  Gb  xfgpos.o [3]
_PrintfFull             0x080000ed  0x650  Code  Gb  xprintffull.o [3]
_Prout                  0x08005d8d   0x16  Code  Gb  xprout.o [3]
_PutcharsFull           0x0800122d   0x2e  Code  Lc  xprintffull.o [3]
_PutstrFull             0x080007c1  0x306  Code  Lc  xprintffull.o [3]
_SProut                 0x08001297    0xa  Code  Gb  xsprout.o [3]
_TzoneStr               0x20000178    0x4  Data  Gb  setlocale.o [3]
_Wctomb                 0x08001405   0x1a  Code  Gb  xwctomb.o [3]
__aeabi_cdcmple         0x0800164d         Code  Gb  DblCmpLe.o [4]
__aeabi_cdrcmple        0x0800167d         Code  Gb  DblCmpGe.o [4]
__aeabi_d2iz            0x080017b9         Code  Gb  DblToI32.o [4]
__aeabi_d2uiz           0x080017e5         Code  Gb  DblToI32.o [4]
__aeabi_ddiv            0x08001b65         Code  Gb  DblDiv.o [4]
__aeabi_dmul            0x080019c1         Code  Gb  DblMul.o [4]
__aeabi_dsub            0x08001841         Code  Gb  DblSub.o [4]
__aeabi_errno_addr      0x080054c9    0x6  Code  Gb  errno.o [3]
__aeabi_i2d             0x08001811         Code  Gb  I32ToDbl.o [4]
__aeabi_ldiv0           0x08001ed9         Code  Gb  I64DivZer.o [5]
__aeabi_memclr4         0x08002f11         Code  Gb  ABImemclr4.o [5]
__aeabi_ui2d            0x08001825         Code  Gb  I32ToDbl.o [4]
__aeabi_uldivmod        0x08001519         Code  Gb  I64DivMod.o [5]
__cexit_closeall        0x08005d6b         Code  Gb  cexit.o [5]
__close                 0x0800585f   0x1a  Code  Gb  close.o [6]
__cmain                 0x08005d45         Code  Gb  cmain.o [5]
__cstart_closeall       0x08005f18         Data  Gb  cstart_closeall.o [5]
__data_Aldata           0x200016a8    0x8  Data  Gb  xxmemxmalloc.o [3]
__data_GetMemChunk      0x08001ead   0x2c  Code  Gb  xgetmemchunk.o [3]
__data_GetMemChunk::start
                        0x20001710    0x4  Data  Lc  xgetmemchunk.o [3]
__dwrite                0x080055b5   0x1e  Code  Gb  dwrite.o [6]
__exit                  0x08005d79   0x14  Code  Gb  exit.o [6]
__iar_Dnorm             0x08001607   0x44  Code  Gb  xdnorm.o [4]
__iar_Dscale            0x080016ad  0x10c  Code  Gb  xdscale.o [4]
__iar_Errno             0x200001ec    0x4  Data  Gb  errno.o [3]
__iar_Locale_lconv_init
                        0x08001dbd   0x3a  Code  Gb  localeconv.o [3]
__iar_Lockfilelock      0x080054d5    0x2  Code  Gb  xsyslock_nop.o [3]
__iar_Mbcurmax          0x08001349    0xa  Code  Gb  xmbcurmax.o [3]
__iar_Memchr            0x080012f1         Code  Gb  memchr.o [5]
__iar_Memset4_word      0x08004555         Code  Gb  ABImemset48.o [5]
__iar_Memset8_word      0x08004555         Code  Gb  ABImemset48.o [5]
__iar_Stderr            0x20000088   0x40  Data  Gb  xfiles.o [3]
__iar_Stdin             0x20000008   0x40  Data  Gb  xfiles.o [3]
__iar_Stdout            0x20000048   0x40  Data  Gb  xfiles.o [3]
__iar_Strchr            0x080012a1         Code  Gb  strchr.o [5]
__iar_Unlockfilelock    0x080054d7    0x2  Code  Gb  xsyslock_nop.o [3]
__iar_close_ttio        0x08005615   0x2e  Code  Gb  iarttio.o [6]
__iar_d2uiz             0x080017f1         Code  Gb  DblToI32.o [4]
__iar_dadd              0x08001edd         Code  Gb  DblAdd.o [4]
__iar_data_init3        0x08005c7d   0x28  Code  Gb  data_init.o [5]
__iar_dlib_perthread_access
                        0x08001fb1    0x2  Code  Gb  xtls.o [3]
__iar_dsub              0x08001855         Code  Gb  DblSub.o [4]
__iar_dsubStart         0x08001867         Code  Gb  DblSub.o [4]
__iar_get_ttio          0x08005645   0x38  Code  Gb  iarttio.o [6]
__iar_lookup_ttioh      0x08005681    0x8  Code  Gb  XShttio.o [3]
__iar_packbits_init_single3
                        0x08005c0f   0x38  Code  Gb  packbits_init_single.o [5]
__iar_program_start     0x08005e35         Code  Gb  cstartup_M.o [5]
__iar_sh_Discard        0x080054e9   0x3e  Code  Gb  XShHandles.o [3]
__iar_sh_Move           0x0800552d   0x46  Code  Gb  XShHandles.o [3]
__iar_sh_Pos            0x08005573   0x3e  Code  Gb  XShHandles.o [3]
__iar_sh_stdout         0x080055d3   0x20  Code  Gb  iarwstd.o [6]
__iar_sh_write          0x080055f3   0x22  Code  Gb  iarwrite.o [6]
__iar_ttio_handles      0x200000e8    0x8  Data  Lc  XShttio.o [3]
__iar_ui2d              0x08001829         Code  Gb  I32ToDbl.o [4]
__iar_unaligned___aeabi_memcpy
                        0x08001421         Code  Gb  ABImemcpy_unaligned.o [5]
__iar_unaligned___aeabi_memcpy4
                        0x08001441         Code  Gb  ABImemcpy_unaligned.o [5]
__iar_unaligned___aeabi_memcpy8
                        0x08001441         Code  Gb  ABImemcpy_unaligned.o [5]
__iar_zero_init3        0x08005bcf   0x40  Code  Gb  zero_init3.o [5]
__low_level_init        0x08005d5f    0x4  Code  Gb  low_level_init.o [3]
__lseek                 0x0800547b   0x4c  Code  Gb  lseek.o [6]
__vector_table          0x08000000         Data  Gb  startup_stm32f103xb.o [1]
__write                 0x080054d9   0x10  Code  Gb  write.o [6]
_call_main              0x08005d51         Code  Gb  cmain.o [5]
_exit                   0x08005d69         Code  Gb  cexit.o [5]
_main                   0x08005d5b         Code  Gb  cmain.o [5]
assert_failed           0x08002a53    0x2  Code  Gb  main.o [1]
div                     0x08001e29    0xe  Code  Gb  div.o [3]
ebuf                    0x2000155c   0x50  Data  Lc  xfiles.o [3]
exit                    0x08005d63    0x4  Code  Gb  exit.o [3]
fclose                  0x080057e5   0x7a  Code  Gb  fclose.o [3]
fflush                  0x08005437   0x34  Code  Gb  fflush.o [3]
fflushOne               0x080053c1   0x76  Code  Lc  fflush.o [3]
fputc                   0x08005b79   0x56  Code  Gb  fputc.o [3]
free                    0x08001499   0x7a  Code  Gb  xxmemxfree.o [3]
fseek                   0x08005741   0x22  Code  Gb  fseek.o [3]
hspi1                   0x20001504   0x58  Data  Gb  spi.o [1]
htim1                   0x200015fc   0x40  Data  Gb  stm32f1xx_hal_timebase_tim.o [1]
localeconv              0x08001df7   0x16  Code  Gb  localeconv.o [3]
main                    0x080029b1   0x1c  Code  Gb  main.o [1]
makeFreeRtosPriority    0x08002ea9   0x12  Code  Lc  cmsis_os.o [1]
malloc                  0x08001355   0xac  Code  Gb  xxmemxmalloc.o [3]
mcuWorkHandle           0x200016b8    0x4  Data  Gb  freertos.o [1]
memchr                  0x080012f1         Code  Gb  memchr.o [5]
obuf                    0x200015ac   0x50  Data  Lc  xfiles.o [3]
osDelay                 0x08002ef3   0x1c  Code  Gb  cmsis_os.o [1]
osKernelStart           0x08002ebb    0xa  Code  Gb  cmsis_os.o [1]
osThreadCreate          0x08002ec5   0x2e  Code  Gb  cmsis_os.o [1]
printf                  0x080039e9   0x24  Code  Gb  printf.o [3]
prvAddCurrentTaskToDelayedList
                        0x08004499   0x82  Code  Lc  tasks.o [1]
prvAddNewTaskToReadyList
                        0x08003f01   0xb8  Code  Lc  tasks.o [1]
prvCheckTasksWaitingTermination
                        0x080043bd   0x66  Code  Lc  tasks.o [1]
prvDeleteTCB            0x08004423   0x12  Code  Lc  tasks.o [1]
prvHeapInit             0x08004825   0x6e  Code  Lc  heap_4.o [1]
prvIdleTask             0x08004335   0x24  Code  Lc  tasks.o [1]
prvInitialiseNewTask    0x08003e39   0xc8  Code  Lc  tasks.o [1]
prvInitialiseTaskLists  0x0800435d   0x56  Code  Lc  tasks.o [1]
prvInsertBlockIntoFreeList
                        0x08004893   0x62  Code  Lc  heap_4.o [1]
prvResetNextTaskUnblockTime
                        0x08004435   0x2e  Code  Lc  tasks.o [1]
prvTaskExitError        0x080049d5   0x2a  Code  Lc  port.o [1]
putchar                 0x08005da5    0xc  Code  Gb  putchar.o [3]
pvPortMalloc            0x08004691  0x11a  Code  Gb  heap_4.o [1]
pxCurrentTCB            0x200016d4    0x4  Data  Gb  tasks.o [1]
pxDelayedTaskList       0x200016d8    0x4  Data  Lc  tasks.o [1]
pxEnd                   0x200016bc    0x4  Data  Lc  heap_4.o [1]
pxOverflowDelayedTaskList
                        0x200016dc    0x4  Data  Lc  tasks.o [1]
pxPortInitialiseStack   0x080049b5   0x20  Code  Gb  port.o [1]
pxReadyTasksLists       0x200013f8   0x8c  Data  Lc  tasks.o [1]
remove                  0x08005879   0x16  Code  Gb  remove.o [6]
sFileInfo               0x20001484   0x80  Data  Lc  XShHandles.o [3]
sprintf                 0x08003d81   0x34  Code  Gb  sprintf.o [3]
strchr                  0x080012a1         Code  Gb  strchr.o [5]
strlen                  0x080012b9         Code  Gb  strlen.o [5]
ucHeap                  0x200007f8  0xc00  Data  Lc  heap_4.o [1]
ucMaxSysCallPriority    0x20001714    0x1  Data  Lc  port.o [1]
ulMaxPRIGROUPValue      0x200016cc    0x4  Data  Lc  port.o [1]
uwTick                  0x200016d0    0x4  Data  Gb  stm32f1xx_hal.o [1]
uwTickFreq              0x200001f0    0x1  Data  Gb  stm32f1xx_hal.o [1]
uxCriticalNesting       0x20000000    0x4  Data  Lc  port.o [1]
uxCurrentNumberOfTasks  0x200016e4    0x4  Data  Lc  tasks.o [1]
uxDeletedTasksWaitingCleanUp
                        0x200016e0    0x4  Data  Lc  tasks.o [1]
uxListRemove            0x0800498b   0x28  Code  Gb  list.o [1]
uxPendedTicks           0x200016f4    0x4  Data  Lc  tasks.o [1]
uxSchedulerSuspended    0x2000170c    0x4  Data  Lc  tasks.o [1]
uxTaskNumber            0x20001700    0x4  Data  Lc  tasks.o [1]
uxTopReadyPriority      0x200016ec    0x4  Data  Lc  tasks.o [1]
vListInitialise         0x08004915   0x1e  Code  Gb  list.o [1]
vListInitialiseItem     0x08004933    0x6  Code  Gb  list.o [1]
vListInsert             0x08004951   0x3a  Code  Gb  list.o [1]
vListInsertEnd          0x08004939   0x18  Code  Gb  list.o [1]
vPortEnterCritical      0x08004a87   0x3a  Code  Gb  port.o [1]
vPortExitCritical       0x08004ac1   0x32  Code  Gb  port.o [1]
vPortFree               0x080047ab   0x7a  Code  Gb  heap_4.o [1]
vPortSetupTimerInterrupt
                        0x08004b35   0x28  Code  Wk  port.o [1]
vPortStartFirstTask     0x080051f7         Code  Gb  portasm.o [1]
vTaskDelay              0x08003fb9   0x4e  Code  Gb  tasks.o [1]
vTaskStartScheduler     0x08004007   0x68  Code  Gb  tasks.o [1]
vTaskSuspendAll         0x0800406f   0x10  Code  Gb  tasks.o [1]
vTaskSwitchContext      0x080042af   0x74  Code  Gb  tasks.o [1]
xBlockAllocatedBit      0x200016c8    0x4  Data  Lc  heap_4.o [1]
xDelayedTaskList1       0x2000163c   0x14  Data  Lc  tasks.o [1]
xDelayedTaskList2       0x20001650   0x14  Data  Lc  tasks.o [1]
xFreeBytesRemaining     0x200016c0    0x4  Data  Lc  heap_4.o [1]
xHeapStructSize         0x08005e6c    0x4  Data  Lc  heap_4.o [1]
xIdleTaskHandle         0x20001708    0x4  Data  Lc  tasks.o [1]
xMinimumEverFreeBytesRemaining
                        0x200016c4    0x4  Data  Lc  heap_4.o [1]
xNextTaskUnblockTime    0x20001704    0x4  Data  Lc  tasks.o [1]
xNumOfOverflows         0x200016fc    0x4  Data  Lc  tasks.o [1]
xPendingReadyList       0x20001664   0x14  Data  Lc  tasks.o [1]
xPortStartScheduler     0x080049ff   0x88  Code  Gb  port.o [1]
xSchedulerRunning       0x200016f0    0x4  Data  Lc  tasks.o [1]
xStart                  0x200016a0    0x8  Data  Lc  heap_4.o [1]
xSuspendedTaskList      0x2000168c   0x14  Data  Lc  tasks.o [1]
xTaskCreate             0x08003db5   0x84  Code  Gb  tasks.o [1]
xTaskIncrementTick      0x0800417d  0x132  Code  Gb  tasks.o [1]
xTaskResumeAll          0x0800407f   0xfe  Code  Gb  tasks.o [1]
xTasksWaitingTermination
                        0x20001678   0x14  Data  Lc  tasks.o [1]
xTickCount              0x200016e8    0x4  Data  Lc  tasks.o [1]
xYieldPending           0x200016f8    0x4  Data  Lc  tasks.o [1]


[1] = C:\Users\MrZang\IAR_prj\ventilation\EWARM\LoRaMasterDebug\Obj
[2] = command line
[3] = dl7M_tlf.a
[4] = m7M_tl.a
[5] = rt7M_tl.a
[6] = shb_l.a

  23 458 bytes of readonly  code memory
   1 028 bytes of readonly  data memory
   5 902 bytes of readwrite data memory

Errors: none
Warnings: none
