###############################################################################
#
# IAR ELF Linker V7.70.1.11437/W32 for ARM                18/May/2019  13:35:03
# Copyright 2007-2016 IAR Systems AB.
#
#    Output file  =  
#        C:\Users\MrZang\IAR_prj\ventilation\EWARM\LoRaMasterRelease\Exe\ventilation.out
#    Map file     =  
#        C:\Users\MrZang\IAR_prj\ventilation\EWARM\LoRaMasterRelease\List\ventilation.map
#    Command line =  
#        C:\Users\MrZang\IAR_prj\ventilation\EWARM\LoRaMasterRelease\Obj\cmsis_os.o
#        C:\Users\MrZang\IAR_prj\ventilation\EWARM\LoRaMasterRelease\Obj\croutine.o
#        C:\Users\MrZang\IAR_prj\ventilation\EWARM\LoRaMasterRelease\Obj\event_groups.o
#        C:\Users\MrZang\IAR_prj\ventilation\EWARM\LoRaMasterRelease\Obj\freertos.o
#        C:\Users\MrZang\IAR_prj\ventilation\EWARM\LoRaMasterRelease\Obj\gpio.o
#        C:\Users\MrZang\IAR_prj\ventilation\EWARM\LoRaMasterRelease\Obj\heap_4.o
#        C:\Users\MrZang\IAR_prj\ventilation\EWARM\LoRaMasterRelease\Obj\list.o
#        C:\Users\MrZang\IAR_prj\ventilation\EWARM\LoRaMasterRelease\Obj\main.o
#        C:\Users\MrZang\IAR_prj\ventilation\EWARM\LoRaMasterRelease\Obj\port.o
#        C:\Users\MrZang\IAR_prj\ventilation\EWARM\LoRaMasterRelease\Obj\portasm.o
#        C:\Users\MrZang\IAR_prj\ventilation\EWARM\LoRaMasterRelease\Obj\queue.o
#        C:\Users\MrZang\IAR_prj\ventilation\EWARM\LoRaMasterRelease\Obj\spi.o
#        C:\Users\MrZang\IAR_prj\ventilation\EWARM\LoRaMasterRelease\Obj\startup_stm32f103xb.o
#        C:\Users\MrZang\IAR_prj\ventilation\EWARM\LoRaMasterRelease\Obj\stm32f1xx_hal.o
#        C:\Users\MrZang\IAR_prj\ventilation\EWARM\LoRaMasterRelease\Obj\stm32f1xx_hal_cortex.o
#        C:\Users\MrZang\IAR_prj\ventilation\EWARM\LoRaMasterRelease\Obj\stm32f1xx_hal_dma.o
#        C:\Users\MrZang\IAR_prj\ventilation\EWARM\LoRaMasterRelease\Obj\stm32f1xx_hal_flash.o
#        C:\Users\MrZang\IAR_prj\ventilation\EWARM\LoRaMasterRelease\Obj\stm32f1xx_hal_flash_ex.o
#        C:\Users\MrZang\IAR_prj\ventilation\EWARM\LoRaMasterRelease\Obj\stm32f1xx_hal_gpio.o
#        C:\Users\MrZang\IAR_prj\ventilation\EWARM\LoRaMasterRelease\Obj\stm32f1xx_hal_gpio_ex.o
#        C:\Users\MrZang\IAR_prj\ventilation\EWARM\LoRaMasterRelease\Obj\stm32f1xx_hal_msp.o
#        C:\Users\MrZang\IAR_prj\ventilation\EWARM\LoRaMasterRelease\Obj\stm32f1xx_hal_pwr.o
#        C:\Users\MrZang\IAR_prj\ventilation\EWARM\LoRaMasterRelease\Obj\stm32f1xx_hal_rcc.o
#        C:\Users\MrZang\IAR_prj\ventilation\EWARM\LoRaMasterRelease\Obj\stm32f1xx_hal_rcc_ex.o
#        C:\Users\MrZang\IAR_prj\ventilation\EWARM\LoRaMasterRelease\Obj\stm32f1xx_hal_spi.o
#        C:\Users\MrZang\IAR_prj\ventilation\EWARM\LoRaMasterRelease\Obj\stm32f1xx_hal_spi_ex.o
#        C:\Users\MrZang\IAR_prj\ventilation\EWARM\LoRaMasterRelease\Obj\stm32f1xx_hal_tim.o
#        C:\Users\MrZang\IAR_prj\ventilation\EWARM\LoRaMasterRelease\Obj\stm32f1xx_hal_tim_ex.o
#        C:\Users\MrZang\IAR_prj\ventilation\EWARM\LoRaMasterRelease\Obj\stm32f1xx_hal_timebase_tim.o
#        C:\Users\MrZang\IAR_prj\ventilation\EWARM\LoRaMasterRelease\Obj\stm32f1xx_it.o
#        C:\Users\MrZang\IAR_prj\ventilation\EWARM\LoRaMasterRelease\Obj\SX1278.o
#        C:\Users\MrZang\IAR_prj\ventilation\EWARM\LoRaMasterRelease\Obj\system_stm32f1xx.o
#        C:\Users\MrZang\IAR_prj\ventilation\EWARM\LoRaMasterRelease\Obj\tasks.o
#        C:\Users\MrZang\IAR_prj\ventilation\EWARM\LoRaMasterRelease\Obj\timers.o
#        --redirect _Printf=_PrintfFull --redirect _Scanf=_ScanfFull -o
#        C:\Users\MrZang\IAR_prj\ventilation\EWARM\LoRaMasterRelease\Exe\ventilation.out
#        --map
#        C:\Users\MrZang\IAR_prj\ventilation\EWARM\LoRaMasterRelease\List\ventilation.map
#        --config
#        C:\Users\MrZang\IAR_prj\ventilation\EWARM/stm32f103xb_flash.icf
#        --semihosting --entry __iar_program_start --vfe
#
###############################################################################

*******************************************************************************
*** RUNTIME MODEL ATTRIBUTES
***

CppFlavor                     = *
__Heap_Handler                = Basic
__SystemLibrary               = DLib
__dlib_dynamic_initialization = normal


*******************************************************************************
*** PLACEMENT SUMMARY
***

"A0":  place at 0x08000000 { ro section .intvec };
"P1":  place in [from 0x08000000 to 0x0801ffff] { ro };
"P2":  place in [from 0x20000000 to 0x20004fff] { rw, block CSTACK, block HEAP };
initialize by copy { rw };

  Section             Kind        Address    Size  Object
  -------             ----        -------    ----  ------
"A0":                                        0xec
  .intvec             ro code  0x08000000    0xec  startup_stm32f103xb.o [1]
                             - 0x080000ec    0xec

"P1":                                      0x5529
  .text               ro code  0x080000ec  0x118a  xprintffull.o [3]
  .text               ro code  0x08001276    0x20  xmbtowc.o [3]
  .text               ro code  0x08001296     0xa  xsprout.o [3]
  .text               ro code  0x080012a0    0x16  strchr.o [5]
  .rodata             const    0x080012b6     0x2  stm32f1xx_hal_rcc.o [1]
  .text               ro code  0x080012b8    0x36  strlen.o [5]
  .text               ro code  0x080012f0    0x58  memchr.o [5]
  .text               ro code  0x08001348     0xa  xmbcurmax.o [3]
  .text               ro code  0x08001354    0xb0  xxmemxmalloc.o [3]
  .text               ro code  0x08001404    0x1a  xwctomb.o [3]
  .text               ro code  0x08001420    0x76  ABImemcpy_unaligned.o [5]
  .text               ro code  0x08001498    0x80  xxmemxfree.o [3]
  .text               ro code  0x08001518    0xee  I64DivMod.o [5]
  .text               ro code  0x08001606    0x44  xdnorm.o [4]
  .text               ro code  0x0800164c    0x2e  DblCmpLe.o [4]
  .text               ro code  0x0800167c    0x2e  DblCmpGe.o [4]
  .text               ro code  0x080016ac   0x10c  xdscale.o [4]
  .text               ro code  0x080017b8    0x58  DblToI32.o [4]
  .text               ro code  0x08001810    0x30  I32ToDbl.o [4]
  .text               ro code  0x08001840   0x180  DblSub.o [4]
  .text               ro code  0x080019c0   0x1a2  DblMul.o [4]
  .text               ro code  0x08001b64   0x256  DblDiv.o [4]
  .text               ro code  0x08001dbc    0x6c  localeconv.o [3]
  .text               ro code  0x08001e28     0xe  div.o [3]
  .text               ro code  0x08001e38    0x14  setlocale.o [3]
  .text               ro code  0x08001e4c    0x60  xencoding_sb.o [3]
  .text               ro code  0x08001eac    0x2c  xgetmemchunk.o [3]
  .text               ro code  0x08001ed8     0x2  I64DivZer.o [5]
  .text               ro code  0x08001edc    0xd4  DblAdd.o [4]
  .text               ro code  0x08001fb0     0x2  xtls.o [3]
  .text               ro code  0x08001fb4   0x9e0  stm32f1xx_hal_rcc.o [1]
  .text               ro code  0x08002994    0xa4  main.o [1]
  .text               ro code  0x08002a38     0xc  stm32f1xx_hal.o [1]
  .text               ro code  0x08002a44    0x8c  stm32f1xx_hal_timebase_tim.o [1]
  .text               ro code  0x08002ad0    0x28  stm32f1xx_hal.o [1]
  .text               ro code  0x08002af8   0x128  gpio.o [1]
  .text               ro code  0x08002c20    0xf0  spi.o [1]
  .text               ro code  0x08002d10   0x13c  freertos.o [1]
  .text               ro code  0x08002e4c    0x60  cmsis_os.o [1]
  .text               ro code  0x08002eac     0x6  ABImemclr4.o [5]
  .text               ro code  0x08002eb4    0x18  stm32f1xx_hal.o [1]
  .text               ro code  0x08002ecc   0x134  stm32f1xx_hal_cortex.o [1]
  .text               ro code  0x08003000   0x31e  stm32f1xx_hal_tim.o [1]
  .text               ro code  0x08003320    0x5c  stm32f1xx_hal_msp.o [1]
  .text               ro code  0x0800337c   0x426  stm32f1xx_hal_gpio.o [1]
  .text               ro code  0x080037a4   0x18c  stm32f1xx_hal_spi_ex.o [1]
  .text               ro code  0x08003930   0x32a  SX1278.o [1]
  .text               ro code  0x08003c5c    0x34  sprintf.o [3]
  .text               ro code  0x08003c90   0x728  tasks.o [1]
  .text               ro code  0x080043b8    0x32  ABImemset48.o [5]
  .text               ro code  0x080043ea     0x2  stm32f1xx_hal_tim.o [1]
  .text               ro code  0x080043ec     0x2  stm32f1xx_hal_tim.o [1]
  .text               ro code  0x080043ee     0x2  stm32f1xx_hal_tim.o [1]
  .text               ro code  0x080043f0     0x2  stm32f1xx_hal_tim_ex.o [1]
  .text               ro code  0x080043f2     0x2  stm32f1xx_hal_tim.o [1]
  .text               ro code  0x080043f4     0x2  stm32f1xx_hal_tim_ex.o [1]
  .text               ro code  0x080043f6    0x26  SX1278.o [1]
  .text               ro code  0x0800441c    0x3c  SX1278.o [1]
  .text               ro code  0x08004458    0x1a  SX1278.o [1]
  .text               ro code  0x08004472     0x8  SX1278.o [1]
  .text               ro code  0x0800447a    0x36  SX1278.o [1]
  .text               ro code  0x080044b0    0x1a  SX1278.o [1]
  .text               ro code  0x080044ca    0x1c  SX1278.o [1]
  .text               ro code  0x080044e8   0x260  heap_4.o [1]
  .text               ro code  0x08004748    0x98  list.o [1]
  .text               ro code  0x080047e0   0x1a8  port.o [1]
  .text               ro code  0x08004988   0x5c6  stm32f1xx_hal_spi.o [1]
  .text               ro code  0x08004f50    0x28  stm32f1xx_hal.o [1]
  CODE                ro code  0x08004f78    0x88  portasm.o [1]
  .text               ro code  0x08005000    0xcc  stm32f1xx_hal_dma.o [1]
  .text               ro code  0x080050cc     0x2  stm32f1xx_hal_spi.o [1]
  .text               ro code  0x080050d0    0x68  system_stm32f1xx.o [1]
  .rodata             const    0x08005138    0x5c  stm32f1xx_hal_cortex.o [1]
  .rodata             const    0x08005194    0x5c  stm32f1xx_hal_gpio.o [1]
  .rodata             const    0x080051f0    0x5c  stm32f1xx_hal_rcc.o [1]
  .rodata             const    0x0800524c    0x5c  stm32f1xx_hal_spi.o [1]
  .rodata             const    0x080052a8    0x5c  stm32f1xx_hal_spi_ex.o [1]
  .rodata             const    0x08005304    0x5c  stm32f1xx_hal_tim.o [1]
  .text               ro code  0x08005360    0x40  zero_init3.o [5]
  .text               ro code  0x080053a0    0x38  packbits_init_single.o [5]
  .text               ro code  0x080053d8    0x34  stm32f1xx_it.o [1]
  .text               ro code  0x0800540c    0x28  data_init.o [5]
  .iar.init_table     const    0x08005434    0x20  - Linker created -
  .text               ro code  0x08005454    0x1a  cmain.o [5]
  .text               ro code  0x0800546e     0x4  low_level_init.o [3]
  .text               ro code  0x08005472     0x4  exit.o [3]
  .text               ro code  0x08005478     0xa  cexit.o [5]
  .text               ro code  0x08005484    0x14  exit.o [6]
  .rodata             const    0x08005498    0x14  freertos.o [1]
  .rodata             const    0x080054ac    0x14  freertos.o [1]
  .rodata             const    0x080054c0    0x14  freertos.o [1]
  .rodata             const    0x080054d4    0x10  stm32f1xx_hal_rcc.o [1]
  .rodata             const    0x080054e4    0x10  system_stm32f1xx.o [1]
  .text               ro code  0x080054f4    0x10  startup_stm32f103xb.o [1]
  .rodata             const    0x08005504     0xc  freertos.o [1]
  .rodata             const    0x08005510     0xc  SX1278.o [1]
  .text               ro code  0x0800551c     0xc  cstartup_M.o [5]
  .rodata             const    0x08005528     0x8  freertos.o [1]
  .rodata             const    0x08005530     0x8  freertos.o [1]
  .rodata             const    0x08005538     0x8  SX1278.o [1]
  .rodata             const    0x08005540     0x8  system_stm32f1xx.o [1]
  .rodata             const    0x08005548     0x8  tasks.o [1]
  .rodata             const    0x08005550     0x4  freertos.o [1]
  .rodata             const    0x08005554     0x4  heap_4.o [1]
  .rodata             const    0x08005558     0x4  SX1278.o [1]
  .rodata             const    0x0800555c     0x4  SX1278.o [1]
  .text               ro code  0x08005560     0x4  startup_stm32f103xb.o [1]
  .text               ro code  0x08005564     0x4  startup_stm32f103xb.o [1]
  .text               ro code  0x08005568     0x4  startup_stm32f103xb.o [1]
  .text               ro code  0x0800556c     0x4  startup_stm32f103xb.o [1]
  .text               ro code  0x08005570     0x4  startup_stm32f103xb.o [1]
  .text               ro code  0x08005574     0x4  startup_stm32f103xb.o [1]
  .text               ro code  0x08005578     0x4  startup_stm32f103xb.o [1]
  .text               ro code  0x0800557c     0x4  startup_stm32f103xb.o [1]
  .text               ro code  0x08005580     0x4  startup_stm32f103xb.o [1]
  .text               ro code  0x08005584     0x4  startup_stm32f103xb.o [1]
  .text               ro code  0x08005588     0x4  startup_stm32f103xb.o [1]
  .text               ro code  0x0800558c     0x4  startup_stm32f103xb.o [1]
  .text               ro code  0x08005590     0x4  startup_stm32f103xb.o [1]
  .text               ro code  0x08005594     0x4  startup_stm32f103xb.o [1]
  .text               ro code  0x08005598     0x4  startup_stm32f103xb.o [1]
  .text               ro code  0x0800559c     0x4  startup_stm32f103xb.o [1]
  .text               ro code  0x080055a0     0x4  startup_stm32f103xb.o [1]
  .text               ro code  0x080055a4     0x4  startup_stm32f103xb.o [1]
  .text               ro code  0x080055a8     0x4  startup_stm32f103xb.o [1]
  .text               ro code  0x080055ac     0x4  startup_stm32f103xb.o [1]
  .text               ro code  0x080055b0     0x4  startup_stm32f103xb.o [1]
  .text               ro code  0x080055b4     0x4  startup_stm32f103xb.o [1]
  .text               ro code  0x080055b8     0x4  startup_stm32f103xb.o [1]
  .text               ro code  0x080055bc     0x4  startup_stm32f103xb.o [1]
  .text               ro code  0x080055c0     0x4  startup_stm32f103xb.o [1]
  .text               ro code  0x080055c4     0x4  startup_stm32f103xb.o [1]
  .text               ro code  0x080055c8     0x4  startup_stm32f103xb.o [1]
  .text               ro code  0x080055cc     0x4  startup_stm32f103xb.o [1]
  .text               ro code  0x080055d0     0x4  startup_stm32f103xb.o [1]
  .text               ro code  0x080055d4     0x4  startup_stm32f103xb.o [1]
  .text               ro code  0x080055d8     0x4  startup_stm32f103xb.o [1]
  .text               ro code  0x080055dc     0x4  startup_stm32f103xb.o [1]
  .text               ro code  0x080055e0     0x4  startup_stm32f103xb.o [1]
  .text               ro code  0x080055e4     0x4  startup_stm32f103xb.o [1]
  .text               ro code  0x080055e8     0x4  startup_stm32f103xb.o [1]
  .text               ro code  0x080055ec     0x4  startup_stm32f103xb.o [1]
  .text               ro code  0x080055f0     0x4  startup_stm32f103xb.o [1]
  .text               ro code  0x080055f4     0x4  startup_stm32f103xb.o [1]
  .text               ro code  0x080055f8     0x4  startup_stm32f103xb.o [1]
  .text               ro code  0x080055fc     0x4  startup_stm32f103xb.o [1]
  .rodata             const    0x08005600     0x0  zero_init3.o [5]
  .rodata             const    0x08005600     0x0  packbits_init_single.o [5]
  Initializer bytes   const    0x08005600    0x15  <for P2-1>
                             - 0x08005615  0x5529

"P2", part 1 of 3:                          0x105
  P2-1                         0x20000000   0x105  <Init block>
    .data             inited   0x20000000     0x4  port.o [1]
    .data             inited   0x20000004     0x4  system_stm32f1xx.o [1]
    __DLIB_PERTHREAD  inited   0x20000008    0x88  localeconv.o [3]
    __DLIB_PERTHREAD  inited   0x20000090    0x74  setlocale.o [3]
    .data             inited   0x20000104     0x1  stm32f1xx_hal.o [1]
                             - 0x20000105   0x105

"P2", part 2 of 3:                          0x600
  CSTACK                       0x20000108   0x400  <Block>
    CSTACK            uninit   0x20000108   0x400  <Block tail>
  HEAP                         0x20000508   0x200  <Block>
    HEAP              uninit   0x20000508   0x200  <Block tail>
                             - 0x20000708   0x600

"P2", part 3 of 3:                          0xe00
  .bss                zero     0x20000708   0xc00  heap_4.o [1]
  .bss                zero     0x20001308    0x8c  tasks.o [1]
  .bss                zero     0x20001394    0x58  spi.o [1]
  .bss                zero     0x200013ec    0x40  stm32f1xx_hal_timebase_tim.o [1]
  .bss                zero     0x2000142c    0x14  tasks.o [1]
  .bss                zero     0x20001440    0x14  tasks.o [1]
  .bss                zero     0x20001454    0x14  tasks.o [1]
  .bss                zero     0x20001468    0x14  tasks.o [1]
  .bss                zero     0x2000147c    0x14  tasks.o [1]
  .bss                zero     0x20001490     0x8  heap_4.o [1]
  .bss                zero     0x20001498     0x8  xxmemxmalloc.o [3]
  .bss                zero     0x200014a0     0x4  freertos.o [1]
  .bss                zero     0x200014a4     0x4  freertos.o [1]
  .bss                zero     0x200014a8     0x4  freertos.o [1]
  .bss                zero     0x200014ac     0x4  heap_4.o [1]
  .bss                zero     0x200014b0     0x4  heap_4.o [1]
  .bss                zero     0x200014b4     0x4  heap_4.o [1]
  .bss                zero     0x200014b8     0x4  heap_4.o [1]
  .bss                zero     0x200014bc     0x4  port.o [1]
  .bss                zero     0x200014c0     0x4  stm32f1xx_hal.o [1]
  .bss                zero     0x200014c4     0x4  tasks.o [1]
  .bss                zero     0x200014c8     0x4  tasks.o [1]
  .bss                zero     0x200014cc     0x4  tasks.o [1]
  .bss                zero     0x200014d0     0x4  tasks.o [1]
  .bss                zero     0x200014d4     0x4  tasks.o [1]
  .bss                zero     0x200014d8     0x4  tasks.o [1]
  .bss                zero     0x200014dc     0x4  tasks.o [1]
  .bss                zero     0x200014e0     0x4  tasks.o [1]
  .bss                zero     0x200014e4     0x4  tasks.o [1]
  .bss                zero     0x200014e8     0x4  tasks.o [1]
  .bss                zero     0x200014ec     0x4  tasks.o [1]
  .bss                zero     0x200014f0     0x4  tasks.o [1]
  .bss                zero     0x200014f4     0x4  tasks.o [1]
  .bss                zero     0x200014f8     0x4  tasks.o [1]
  .bss                zero     0x200014fc     0x4  tasks.o [1]
  .bss                zero     0x20001500     0x4  xgetmemchunk.o [3]
  .bss                zero     0x20001504     0x1  port.o [1]
                             - 0x20001505   0xdfd


*******************************************************************************
*** INIT TABLE
***

          Address     Size
          -------     ----
Zero (__iar_zero_init3)
    1 destination range, total size 0xdfd:
          0x20000708  0xdfd

Copy/packbits (__iar_packbits_init_single3)
    1 source range, total size 0x15 (8% of destination):
          0x08005600   0x15
    1 destination range, total size 0x105:
          0x20000000  0x105



*******************************************************************************
*** MODULE SUMMARY
***

    Module                        ro code  ro data  rw data
    ------                        -------  -------  -------
C:\Users\MrZang\IAR_prj\ventilation\EWARM\LoRaMasterRelease\Obj: [1]
    SX1278.o                        1 050       28
    cmsis_os.o                         96
    freertos.o                        316       92       12
    gpio.o                            296
    heap_4.o                          608        4    3 096
    list.o                            152
    main.o                            164
    port.o                            424                 9
    portasm.o                         136
    spi.o                             240                88
    startup_stm32f103xb.o             412
    stm32f1xx_hal.o                   116        1        5
    stm32f1xx_hal_cortex.o            308       92
    stm32f1xx_hal_dma.o               204
    stm32f1xx_hal_gpio.o            1 062       92
    stm32f1xx_hal_msp.o                92
    stm32f1xx_hal_rcc.o             2 528      110
    stm32f1xx_hal_spi.o             1 480       92
    stm32f1xx_hal_spi_ex.o            396       92
    stm32f1xx_hal_tim.o               806       92
    stm32f1xx_hal_tim_ex.o              4
    stm32f1xx_hal_timebase_tim.o      140                64
    stm32f1xx_it.o                     52
    system_stm32f1xx.o                104       24        4
    tasks.o                         1 832        8      300
    -------------------------------------------------------
    Total:                         13 018      727    3 578

command line: [2]
    -------------------------------------------------------
    Total:

dl7M_tlf.a: [3]
    div.o                              14
    exit.o                              4
    localeconv.o                      108       11      136
    low_level_init.o                    4
    setlocale.o                        20        9      116
    sprintf.o                          52
    xencoding_sb.o                     96
    xgetmemchunk.o                     44                 4
    xmbcurmax.o                        10
    xmbtowc.o                          32
    xprintffull.o                   4 490
    xsprout.o                          10
    xtls.o                              2
    xwctomb.o                          26
    xxmemxfree.o                      128
    xxmemxmalloc.o                    176                 8
    -------------------------------------------------------
    Total:                          5 216       20      264

m7M_tl.a: [4]
    DblAdd.o                          212
    DblCmpGe.o                         46
    DblCmpLe.o                         46
    DblDiv.o                          598
    DblMul.o                          418
    DblSub.o                          384
    DblToI32.o                         88
    I32ToDbl.o                         48
    xdnorm.o                           68
    xdscale.o                         268
    -------------------------------------------------------
    Total:                          2 176

rt7M_tl.a: [5]
    ABImemclr4.o                        6
    ABImemcpy_unaligned.o             118
    ABImemset48.o                      50
    I64DivMod.o                       238
    I64DivZer.o                         2
    cexit.o                            10
    cmain.o                            26
    cstartup_M.o                       12
    data_init.o                        40
    memchr.o                           88
    packbits_init_single.o             56
    strchr.o                           22
    strlen.o                           54
    zero_init3.o                       64
    -------------------------------------------------------
    Total:                            786

shb_l.a: [6]
    exit.o                             20
    -------------------------------------------------------
    Total:                             20

    Gaps                               42
    Linker created                              32    1 536
-----------------------------------------------------------
    Grand Total:                   21 258      779    5 378


*******************************************************************************
*** ENTRY LIST
***

Entry                      Address   Size  Type      Object
-----                      -------   ----  ----      ------
.iar.init_table$$Base   0x08005434          --   Gb  - Linker created -
.iar.init_table$$Limit  0x08005454          --   Gb  - Linker created -
?main                   0x08005455         Code  Gb  cmain.o [5]
AHBPrescTable           0x080054e4   0x10  Data  Gb  system_stm32f1xx.o [1]
APBPrescTable           0x08005540    0x8  Data  Gb  system_stm32f1xx.o [1]
BusFault_Handler        0x080053df    0x2  Code  Gb  stm32f1xx_it.o [1]
CSTACK$$Base            0x20000108          --   Gb  - Linker created -
CSTACK$$Limit           0x20000508          --   Gb  - Linker created -
DebugMon_Handler        0x080053e3    0x2  Code  Gb  stm32f1xx_it.o [1]
EXTI15_10_IRQHandler    0x08005401    0xc  Code  Gb  stm32f1xx_it.o [1]
Error_Handler           0x08002a35    0x2  Code  Gb  main.o [1]
FanHandle               0x200014a4    0x4  Data  Gb  freertos.o [1]
HAL_DMA_Abort_IT        0x08005001   0xae  Code  Gb  stm32f1xx_hal_dma.o [1]
HAL_Delay               0x08004f51   0x28  Code  Wk  stm32f1xx_hal.o [1]
HAL_GPIO_EXTI_Callback  0x080037a1    0x2  Code  Wk  stm32f1xx_hal_gpio.o [1]
HAL_GPIO_EXTI_IRQHandler
                        0x08003739   0x1a  Code  Gb  stm32f1xx_hal_gpio.o [1]
HAL_GPIO_Init           0x0800337d  0x352  Code  Gb  stm32f1xx_hal_gpio.o [1]
HAL_GPIO_ReadPin        0x080036cf   0x28  Code  Gb  stm32f1xx_hal_gpio.o [1]
HAL_GPIO_WritePin       0x080036f7   0x42  Code  Gb  stm32f1xx_hal_gpio.o [1]
HAL_GetTick             0x08002a39    0xc  Code  Wk  stm32f1xx_hal.o [1]
HAL_IncTick             0x08002eb5   0x18  Code  Wk  stm32f1xx_hal.o [1]
HAL_Init                0x08002ad1   0x22  Code  Gb  stm32f1xx_hal.o [1]
HAL_InitTick            0x08002a45   0x7c  Code  Gb  stm32f1xx_hal_timebase_tim.o [1]
HAL_MspInit             0x08003321   0x5c  Code  Gb  stm32f1xx_hal_msp.o [1]
HAL_NVIC_EnableIRQ      0x08002fcb   0x1c  Code  Gb  stm32f1xx_hal_cortex.o [1]
HAL_NVIC_SetPriority    0x08002f91   0x3a  Code  Gb  stm32f1xx_hal_cortex.o [1]
HAL_NVIC_SetPriorityGrouping
                        0x08002f69   0x28  Code  Gb  stm32f1xx_hal_cortex.o [1]
HAL_RCC_ClockConfig     0x0800258d  0x2be  Code  Gb  stm32f1xx_hal_rcc.o [1]
HAL_RCC_GetClockConfig  0x080028cd   0x5c  Code  Gb  stm32f1xx_hal_rcc.o [1]
HAL_RCC_GetHCLKFreq     0x080028b1    0x6  Code  Gb  stm32f1xx_hal_rcc.o [1]
HAL_RCC_GetPCLK2Freq    0x080028b7   0x16  Code  Gb  stm32f1xx_hal_rcc.o [1]
HAL_RCC_GetSysClockFreq
                        0x0800284b   0x66  Code  Gb  stm32f1xx_hal_rcc.o [1]
HAL_RCC_OscConfig       0x08001fb5  0x5d8  Code  Gb  stm32f1xx_hal_rcc.o [1]
HAL_SPI_ErrorCallback   0x080050cd    0x2  Code  Wk  stm32f1xx_hal_spi.o [1]
HAL_SPI_GetState        0x08004e69    0x6  Code  Gb  stm32f1xx_hal_spi.o [1]
HAL_SPI_IRQHandler      0x08004d71   0xf8  Code  Gb  stm32f1xx_hal_spi.o [1]
HAL_SPI_Init            0x080037a5  0x18c  Code  Gb  stm32f1xx_hal_spi_ex.o [1]
HAL_SPI_MspInit         0x08002c7f   0x82  Code  Gb  spi.o [1]
HAL_SPI_Transmit        0x08004989  0x1bc  Code  Gb  stm32f1xx_hal_spi.o [1]
HAL_SPI_TransmitReceive
                        0x08004b45  0x226  Code  Gb  stm32f1xx_hal_spi.o [1]
HAL_TIMEx_BreakCallback
                        0x080043f1    0x2  Code  Wk  stm32f1xx_hal_tim_ex.o [1]
HAL_TIMEx_CommutationCallback
                        0x080043f5    0x2  Code  Wk  stm32f1xx_hal_tim_ex.o [1]
HAL_TIM_Base_Init       0x08003001   0xc6  Code  Gb  stm32f1xx_hal_tim.o [1]
HAL_TIM_Base_MspInit    0x0800331d    0x2  Code  Wk  stm32f1xx_hal_tim.o [1]
HAL_TIM_Base_Start_IT   0x080030c7   0x52  Code  Gb  stm32f1xx_hal_tim.o [1]
HAL_TIM_IC_CaptureCallback
                        0x080043eb    0x2  Code  Wk  stm32f1xx_hal_tim.o [1]
HAL_TIM_IRQHandler      0x0800312d  0x176  Code  Gb  stm32f1xx_hal_tim.o [1]
HAL_TIM_OC_DelayElapsedCallback
                        0x080043ed    0x2  Code  Wk  stm32f1xx_hal_tim.o [1]
HAL_TIM_PWM_PulseFinishedCallback
                        0x080043ef    0x2  Code  Wk  stm32f1xx_hal_tim.o [1]
HAL_TIM_PeriodElapsedCallback
                        0x08002a1f   0x10  Code  Gb  main.o [1]
HAL_TIM_TriggerCallback
                        0x080043f3    0x2  Code  Wk  stm32f1xx_hal_tim.o [1]
HEAP$$Base              0x20000508          --   Gb  - Linker created -
HEAP$$Limit             0x20000708          --   Gb  - Linker created -
HardFault_Handler       0x080053db    0x2  Code  Gb  stm32f1xx_it.o [1]
LoRaHandle              0x200014a0    0x4  Data  Gb  freertos.o [1]
LoadInt                 0x08000753   0x6e  Code  Lc  xprintffull.o [3]
MX_FREERTOS_Init        0x08002d11   0x4a  Code  Gb  freertos.o [1]
MX_GPIO_Init            0x08002af9  0x128  Code  Gb  gpio.o [1]
MX_SPI1_Init            0x08002c21   0x5e  Code  Gb  spi.o [1]
MemManage_Handler       0x080053dd    0x2  Code  Gb  stm32f1xx_it.o [1]
NMI_Handler             0x080053d9    0x2  Code  Gb  stm32f1xx_it.o [1]
NVIC_EnableIRQ          0x08002ef5   0x14  Code  Lc  stm32f1xx_hal_cortex.o [1]
NVIC_EncodePriority     0x08002f2b   0x3e  Code  Lc  stm32f1xx_hal_cortex.o [1]
NVIC_GetPriorityGrouping
                        0x08002eeb    0xa  Code  Lc  stm32f1xx_hal_cortex.o [1]
NVIC_SetPriority        0x08002f09   0x22  Code  Lc  stm32f1xx_hal_cortex.o [1]
NVIC_SetPriorityGrouping
                        0x08002ecd   0x1e  Code  Lc  stm32f1xx_hal_cortex.o [1]
PendSV_Handler          0x08004f79         Code  Gb  portasm.o [1]
RCC_Delay               0x08002931   0x24  Code  Lc  stm32f1xx_hal_rcc.o [1]
Region$$Table$$Base     0x08005434          --   Gb  - Linker created -
Region$$Table$$Limit    0x08005454          --   Gb  - Linker created -
SPI1_IRQHandler         0x080053ef    0xa  Code  Gb  stm32f1xx_it.o [1]
SPI_CheckFlag_BSY       0x08004f27   0x28  Code  Lc  stm32f1xx_hal_spi.o [1]
SPI_DMAAbortOnError     0x08004e71   0x12  Code  Lc  stm32f1xx_hal_spi.o [1]
SPI_WaitFlagStateUntilTimeout
                        0x08004e85   0xa2  Code  Lc  stm32f1xx_hal_spi.o [1]
SVC_Handler             0x08004fbf         Code  Gb  portasm.o [1]
SX1278_Frequency        0x08005558    0x4  Data  Lc  SX1278.o [1]
SX1278_LoRaBandwidth    0x08005510    0xc  Data  Lc  SX1278.o [1]
SX1278_LoRaEntryTx      0x08003b49   0x8e  Code  Gb  SX1278.o [1]
SX1278_LoRaTxPacket     0x08003bd7   0x5e  Code  Gb  SX1278.o [1]
SX1278_Power            0x0800555c    0x4  Data  Lc  SX1278.o [1]
SX1278_SPIBurstWrite    0x08003983   0x4a  Code  Gb  SX1278.o [1]
SX1278_SPIRead          0x08003931   0x22  Code  Gb  SX1278.o [1]
SX1278_SPIWrite         0x08003953   0x30  Code  Gb  SX1278.o [1]
SX1278_SpreadFactor     0x08005538    0x8  Data  Lc  SX1278.o [1]
SX1278_begin            0x08003c35   0x26  Code  Gb  SX1278.o [1]
SX1278_clearLoRaIrq     0x08003b3d    0xc  Code  Gb  SX1278.o [1]
SX1278_config           0x080039df  0x118  Code  Gb  SX1278.o [1]
SX1278_defaultConfig    0x080039cd   0x12  Code  Gb  SX1278.o [1]
SX1278_entryLoRa        0x08003b31    0xc  Code  Gb  SX1278.o [1]
SX1278_hw_DelayMs       0x08004473    0x8  Code  Wk  SX1278.o [1]
SX1278_hw_GetDIO0       0x080044b1   0x1a  Code  Wk  SX1278.o [1]
SX1278_hw_Reset         0x0800447b   0x36  Code  Wk  SX1278.o [1]
SX1278_hw_SPICommand    0x080043f7   0x26  Code  Wk  SX1278.o [1]
SX1278_hw_SPIReadByte   0x0800441d   0x3c  Code  Wk  SX1278.o [1]
SX1278_hw_SetNSS        0x08004459   0x1a  Code  Wk  SX1278.o [1]
SX1278_hw_init          0x080044cb   0x1c  Code  Wk  SX1278.o [1]
SX1278_sleep            0x08003b1d   0x14  Code  Gb  SX1278.o [1]
SX1278_standby          0x08003b09   0x14  Code  Gb  SX1278.o [1]
StartLoRa               0x08002d5b   0x90  Code  Gb  freertos.o [1]
StartMcuWork            0x08002df7   0x2c  Code  Gb  freertos.o [1]
StartTaskFan            0x08002deb    0xc  Code  Gb  freertos.o [1]
SysTick_Handler         0x0800491f   0x28  Code  Gb  port.o [1]
SystemClock_Config      0x080029b1   0x6e  Code  Gb  main.o [1]
SystemCoreClock         0x20000004    0x4  Data  Gb  system_stm32f1xx.o [1]
SystemInit              0x080050d1   0x4e  Code  Gb  system_stm32f1xx.o [1]
TIM1_UP_IRQHandler      0x080053e5    0xa  Code  Gb  stm32f1xx_it.o [1]
TIM_Base_SetConfig      0x080032a3   0x6c  Code  Gb  stm32f1xx_hal_tim.o [1]
UsageFault_Handler      0x080053e1    0x2  Code  Gb  stm32f1xx_it.o [1]
_EncodingSb_Mbtowc      0x08001e67   0x30  Code  Gb  xencoding_sb.o [3]
_EncodingSb_Mbtowc::initial
                        0x08001ea4    0x8  Data  Lc  xencoding_sb.o [3]
_EncodingSb_Wctomb      0x08001e4d   0x1a  Code  Gb  xencoding_sb.o [3]
_EncodingSb_Wctomb::initial
                        0x08001e9c    0x8  Data  Lc  xencoding_sb.o [3]
_GenldFull              0x08000fd9  0x254  Code  Lc  xprintffull.o [3]
_IsdstStr               0x20000094    0x4  Data  Gb  setlocale.o [3]
_LdtobFull              0x08000bd9  0x3fa  Code  Lc  xprintffull.o [3]
_LitobFull              0x08000acd  0x10a  Code  Lc  xprintffull.o [3]
_LocaleEncoding         0x08001e39    0xe  Code  Gb  setlocale.o [3]
_LocaleReturnString     0x200000b4   0x50  Data  Lc  setlocale.o [3]
_Locale_Profile         0x20000098   0x1c  Data  Gb  setlocale.o [3]
_Locale_aeabi_lconv     0x20000058   0x38  Data  Gb  localeconv.o [3]
_Locale_lconv           0x20000008   0x50  Data  Gb  localeconv.o [3]
_Mbtowc                 0x08001277   0x20  Code  Gb  xmbtowc.o [3]
_PrintfFull             0x080000ed  0x650  Code  Gb  xprintffull.o [3]
_PutcharsFull           0x0800122d   0x2e  Code  Lc  xprintffull.o [3]
_PutstrFull             0x080007c1  0x306  Code  Lc  xprintffull.o [3]
_SProut                 0x08001297    0xa  Code  Gb  xsprout.o [3]
_TzoneStr               0x20000090    0x4  Data  Gb  setlocale.o [3]
_Wctomb                 0x08001405   0x1a  Code  Gb  xwctomb.o [3]
__aeabi_cdcmple         0x0800164d         Code  Gb  DblCmpLe.o [4]
__aeabi_cdrcmple        0x0800167d         Code  Gb  DblCmpGe.o [4]
__aeabi_d2iz            0x080017b9         Code  Gb  DblToI32.o [4]
__aeabi_d2uiz           0x080017e5         Code  Gb  DblToI32.o [4]
__aeabi_ddiv            0x08001b65         Code  Gb  DblDiv.o [4]
__aeabi_dmul            0x080019c1         Code  Gb  DblMul.o [4]
__aeabi_dsub            0x08001841         Code  Gb  DblSub.o [4]
__aeabi_i2d             0x08001811         Code  Gb  I32ToDbl.o [4]
__aeabi_ldiv0           0x08001ed9         Code  Gb  I64DivZer.o [5]
__aeabi_memclr4         0x08002ead         Code  Gb  ABImemclr4.o [5]
__aeabi_ui2d            0x08001825         Code  Gb  I32ToDbl.o [4]
__aeabi_uldivmod        0x08001519         Code  Gb  I64DivMod.o [5]
__cmain                 0x08005455         Code  Gb  cmain.o [5]
__data_Aldata           0x20001498    0x8  Data  Gb  xxmemxmalloc.o [3]
__data_GetMemChunk      0x08001ead   0x2c  Code  Gb  xgetmemchunk.o [3]
__data_GetMemChunk::start
                        0x20001500    0x4  Data  Lc  xgetmemchunk.o [3]
__exit                  0x08005485   0x14  Code  Gb  exit.o [6]
__iar_Dnorm             0x08001607   0x44  Code  Gb  xdnorm.o [4]
__iar_Dscale            0x080016ad  0x10c  Code  Gb  xdscale.o [4]
__iar_Locale_lconv_init
                        0x08001dbd   0x3a  Code  Gb  localeconv.o [3]
__iar_Mbcurmax          0x08001349    0xa  Code  Gb  xmbcurmax.o [3]
__iar_Memchr            0x080012f1         Code  Gb  memchr.o [5]
__iar_Memset4_word      0x080043b9         Code  Gb  ABImemset48.o [5]
__iar_Memset8_word      0x080043b9         Code  Gb  ABImemset48.o [5]
__iar_Strchr            0x080012a1         Code  Gb  strchr.o [5]
__iar_d2uiz             0x080017f1         Code  Gb  DblToI32.o [4]
__iar_dadd              0x08001edd         Code  Gb  DblAdd.o [4]
__iar_data_init3        0x0800540d   0x28  Code  Gb  data_init.o [5]
__iar_dlib_perthread_access
                        0x08001fb1    0x2  Code  Gb  xtls.o [3]
__iar_dsub              0x08001855         Code  Gb  DblSub.o [4]
__iar_dsubStart         0x08001867         Code  Gb  DblSub.o [4]
__iar_packbits_init_single3
                        0x080053a1   0x38  Code  Gb  packbits_init_single.o [5]
__iar_program_start     0x0800551d         Code  Gb  cstartup_M.o [5]
__iar_ui2d              0x08001829         Code  Gb  I32ToDbl.o [4]
__iar_unaligned___aeabi_memcpy
                        0x08001421         Code  Gb  ABImemcpy_unaligned.o [5]
__iar_unaligned___aeabi_memcpy4
                        0x08001441         Code  Gb  ABImemcpy_unaligned.o [5]
__iar_unaligned___aeabi_memcpy8
                        0x08001441         Code  Gb  ABImemcpy_unaligned.o [5]
__iar_zero_init3        0x08005361   0x40  Code  Gb  zero_init3.o [5]
__low_level_init        0x0800546f    0x4  Code  Gb  low_level_init.o [3]
__vector_table          0x08000000         Data  Gb  startup_stm32f103xb.o [1]
_call_main              0x08005461         Code  Gb  cmain.o [5]
_exit                   0x08005479         Code  Gb  cexit.o [5]
_main                   0x0800546b         Code  Gb  cmain.o [5]
assert_failed           0x08002a37    0x2  Code  Gb  main.o [1]
div                     0x08001e29    0xe  Code  Gb  div.o [3]
exit                    0x08005473    0x4  Code  Gb  exit.o [3]
free                    0x08001499   0x7a  Code  Gb  xxmemxfree.o [3]
hspi1                   0x20001394   0x58  Data  Gb  spi.o [1]
htim1                   0x200013ec   0x40  Data  Gb  stm32f1xx_hal_timebase_tim.o [1]
localeconv              0x08001df7   0x16  Code  Gb  localeconv.o [3]
main                    0x08002995   0x1c  Code  Gb  main.o [1]
makeFreeRtosPriority    0x08002e4d   0x12  Code  Lc  cmsis_os.o [1]
malloc                  0x08001355   0xac  Code  Gb  xxmemxmalloc.o [3]
mcuWorkHandle           0x200014a8    0x4  Data  Gb  freertos.o [1]
memchr                  0x080012f1         Code  Gb  memchr.o [5]
osDelay                 0x08002e97   0x16  Code  Gb  cmsis_os.o [1]
osKernelStart           0x08002e5f    0xa  Code  Gb  cmsis_os.o [1]
osThreadCreate          0x08002e69   0x2e  Code  Gb  cmsis_os.o [1]
prvAddCurrentTaskToDelayedList
                        0x08004309   0x80  Code  Lc  tasks.o [1]
prvAddNewTaskToReadyList
                        0x08003da9   0xb8  Code  Lc  tasks.o [1]
prvCheckTasksWaitingTermination
                        0x08004235   0x5a  Code  Lc  tasks.o [1]
prvDeleteTCB            0x08004295   0x12  Code  Lc  tasks.o [1]
prvHeapInit             0x0800466b   0x64  Code  Lc  heap_4.o [1]
prvIdleTask             0x080041a9   0x22  Code  Lc  tasks.o [1]
prvInitialiseNewTask    0x08003d07   0xa2  Code  Lc  tasks.o [1]
prvInitialiseTaskLists  0x080041d9   0x54  Code  Lc  tasks.o [1]
prvInsertBlockIntoFreeList
                        0x080046cf   0x5c  Code  Lc  heap_4.o [1]
prvResetNextTaskUnblockTime
                        0x080042a7   0x2c  Code  Lc  tasks.o [1]
prvTaskExitError        0x08004801   0x2a  Code  Lc  port.o [1]
pvPortMalloc            0x080044e9  0x10c  Code  Gb  heap_4.o [1]
pxCurrentTCB            0x200014c4    0x4  Data  Gb  tasks.o [1]
pxDelayedTaskList       0x200014c8    0x4  Data  Lc  tasks.o [1]
pxEnd                   0x200014ac    0x4  Data  Lc  heap_4.o [1]
pxOverflowDelayedTaskList
                        0x200014cc    0x4  Data  Lc  tasks.o [1]
pxPortInitialiseStack   0x080047e1   0x20  Code  Gb  port.o [1]
pxReadyTasksLists       0x20001308   0x8c  Data  Lc  tasks.o [1]
sprintf                 0x08003c5d   0x34  Code  Gb  sprintf.o [3]
strchr                  0x080012a1         Code  Gb  strchr.o [5]
strlen                  0x080012b9         Code  Gb  strlen.o [5]
ucHeap                  0x20000708  0xc00  Data  Lc  heap_4.o [1]
ucMaxSysCallPriority    0x20001504    0x1  Data  Lc  port.o [1]
ulMaxPRIGROUPValue      0x200014bc    0x4  Data  Lc  port.o [1]
uwTick                  0x200014c0    0x4  Data  Gb  stm32f1xx_hal.o [1]
uwTickFreq              0x20000104    0x1  Data  Gb  stm32f1xx_hal.o [1]
uxCriticalNesting       0x20000000    0x4  Data  Lc  port.o [1]
uxCurrentNumberOfTasks  0x200014d4    0x4  Data  Lc  tasks.o [1]
uxDeletedTasksWaitingCleanUp
                        0x200014d0    0x4  Data  Lc  tasks.o [1]
uxListRemove            0x080047bb   0x26  Code  Gb  list.o [1]
uxPendedTicks           0x200014e4    0x4  Data  Lc  tasks.o [1]
uxSchedulerSuspended    0x200014fc    0x4  Data  Lc  tasks.o [1]
uxTaskNumber            0x200014f0    0x4  Data  Lc  tasks.o [1]
uxTopReadyPriority      0x200014dc    0x4  Data  Lc  tasks.o [1]
vListInitialise         0x08004749   0x1e  Code  Gb  list.o [1]
vListInitialiseItem     0x08004767    0x6  Code  Gb  list.o [1]
vListInsert             0x08004785   0x36  Code  Gb  list.o [1]
vListInsertEnd          0x0800476d   0x18  Code  Gb  list.o [1]
vPortEnterCritical      0x080048b3   0x3a  Code  Gb  port.o [1]
vPortExitCritical       0x080048ed   0x32  Code  Gb  port.o [1]
vPortFree               0x080045f5   0x76  Code  Gb  heap_4.o [1]
vPortSetupTimerInterrupt
                        0x08004961   0x28  Code  Wk  port.o [1]
vPortStartFirstTask     0x08004fdf         Code  Gb  portasm.o [1]
vTaskDelay              0x08003e61   0x4c  Code  Gb  tasks.o [1]
vTaskStartScheduler     0x08003ead   0x66  Code  Gb  tasks.o [1]
vTaskSuspendAll         0x08003f13   0x10  Code  Gb  tasks.o [1]
vTaskSwitchContext      0x0800413b   0x6e  Code  Gb  tasks.o [1]
xBlockAllocatedBit      0x200014b8    0x4  Data  Lc  heap_4.o [1]
xDelayedTaskList1       0x2000142c   0x14  Data  Lc  tasks.o [1]
xDelayedTaskList2       0x20001440   0x14  Data  Lc  tasks.o [1]
xFreeBytesRemaining     0x200014b0    0x4  Data  Lc  heap_4.o [1]
xHeapStructSize         0x08005554    0x4  Data  Lc  heap_4.o [1]
xIdleTaskHandle         0x200014f8    0x4  Data  Lc  tasks.o [1]
xMinimumEverFreeBytesRemaining
                        0x200014b4    0x4  Data  Lc  heap_4.o [1]
xNextTaskUnblockTime    0x200014f4    0x4  Data  Lc  tasks.o [1]
xNumOfOverflows         0x200014ec    0x4  Data  Lc  tasks.o [1]
xPendingReadyList       0x20001454   0x14  Data  Lc  tasks.o [1]
xPortStartScheduler     0x0800482b   0x88  Code  Gb  port.o [1]
xSchedulerRunning       0x200014e0    0x4  Data  Lc  tasks.o [1]
xStart                  0x20001490    0x8  Data  Lc  heap_4.o [1]
xSuspendedTaskList      0x2000147c   0x14  Data  Lc  tasks.o [1]
xTaskCreate             0x08003c91   0x76  Code  Gb  tasks.o [1]
xTaskIncrementTick      0x0800401d  0x11e  Code  Gb  tasks.o [1]
xTaskResumeAll          0x08003f23   0xfa  Code  Gb  tasks.o [1]
xTasksWaitingTermination
                        0x20001468   0x14  Data  Lc  tasks.o [1]
xTickCount              0x200014d8    0x4  Data  Lc  tasks.o [1]
xYieldPending           0x200014e8    0x4  Data  Lc  tasks.o [1]


[1] = C:\Users\MrZang\IAR_prj\ventilation\EWARM\LoRaMasterRelease\Obj
[2] = command line
[3] = dl7M_tlf.a
[4] = m7M_tl.a
[5] = rt7M_tl.a
[6] = shb_l.a

  21 258 bytes of readonly  code memory
     779 bytes of readonly  data memory
   5 378 bytes of readwrite data memory

Errors: none
Warnings: none
